/home/lukasschoepf/Documents/ProjectWork_2/Projectwork2_Code/ST32N6AI/MatMul/MatMulN6/STM32N6/STM32Cube_FW_N6/Drivers/CMSIS/Device/ST/STM32N6xx/Source/Templates/system_stm32n6xx_fsbl.c:175:6:SystemInit	16	static
/home/lukasschoepf/Documents/ProjectWork_2/Projectwork2_Code/ST32N6AI/MatMul/MatMulN6/STM32N6/STM32Cube_FW_N6/Drivers/CMSIS/Device/ST/STM32N6xx/Source/Templates/system_stm32n6xx_fsbl.c:317:6:SystemCoreClockUpdate	20	static
/home/lukasschoepf/Documents/ProjectWork_2/Projectwork2_Code/ST32N6AI/MatMul/MatMulN6/STM32N6/STM32Cube_FW_N6/Drivers/CMSIS/Device/ST/STM32N6xx/Source/Templates/system_stm32n6xx_fsbl.c:470:24:SECURE_SystemCoreClockUpdate	8	static
