/home/lukasschoepf/Documents/ProjectWork_2/Projectwork2_Code/ST32N6AI/MatMul/MatMulN6/STM32N6/Middlewares/screenl/Src/scrl_common.c:273:16:CMN_GetXSize	0	static
/home/lukasschoepf/Documents/ProjectWork_2/Projectwork2_Code/ST32N6AI/MatMul/MatMulN6/STM32N6/Middlewares/screenl/Src/scrl_common.c:282:16:CMN_GetYSize	0	static
/home/lukasschoepf/Documents/ProjectWork_2/Projectwork2_Code/ST32N6AI/MatMul/MatMulN6/STM32N6/Middlewares/screenl/Src/scrl_common.c:302:16:CMN_GetFormat	8	static
/home/lukasschoepf/Documents/ProjectWork_2/Projectwork2_Code/ST32N6AI/MatMul/MatMulN6/STM32N6/Middlewares/screenl/Src/scrl_common.c:258:16:CMN_GetPixel	8	static
/home/lukasschoepf/Documents/ProjectWork_2/Projectwork2_Code/ST32N6AI/MatMul/MatMulN6/STM32N6/Middlewares/screenl/Src/scrl_common.c:217:16:CMN_DrawBitmap	8	static
/home/lukasschoepf/Documents/ProjectWork_2/Projectwork2_Code/ST32N6AI/MatMul/MatMulN6/STM32N6/Middlewares/screenl/Src/scrl_common.c:163:16:SPI_FillRectBpp3	24	static
/home/lukasschoepf/Documents/ProjectWork_2/Projectwork2_Code/ST32N6AI/MatMul/MatMulN6/STM32N6/Middlewares/screenl/Src/scrl_common.c:204:16:SPI_SetPixelBpp3	16	static
/home/lukasschoepf/Documents/ProjectWork_2/Projectwork2_Code/ST32N6AI/MatMul/MatMulN6/STM32N6/Middlewares/screenl/Src/scrl_common.c:199:16:SPI_DrawVLineBpp3	16	static
/home/lukasschoepf/Documents/ProjectWork_2/Projectwork2_Code/ST32N6AI/MatMul/MatMulN6/STM32N6/Middlewares/screenl/Src/scrl_common.c:194:16:SPI_DrawHLineBpp3	16	static
/home/lukasschoepf/Documents/ProjectWork_2/Projectwork2_Code/ST32N6AI/MatMul/MatMulN6/STM32N6/Middlewares/screenl/Src/scrl_common.c:138:16:SPI_FillRGBRectBpp3	24	static
/home/lukasschoepf/Documents/ProjectWork_2/Projectwork2_Code/ST32N6AI/MatMul/MatMulN6/STM32N6/Middlewares/screenl/Src/scrl_common.c:29:16:SPI_FillRGBRectBpp2	24	static
/home/lukasschoepf/Documents/ProjectWork_2/Projectwork2_Code/ST32N6AI/MatMul/MatMulN6/STM32N6/Middlewares/screenl/Src/scrl_common.c:407:13:SCRC_dma2d_error_cb	8	static
/home/lukasschoepf/Documents/ProjectWork_2/Projectwork2_Code/ST32N6AI/MatMul/MatMulN6/STM32N6/Middlewares/screenl/Src/scrl_common.c:360:17:cvt_dma2d_pixel_format_input	8	static
/home/lukasschoepf/Documents/ProjectWork_2/Projectwork2_Code/ST32N6AI/MatMul/MatMulN6/STM32N6/Middlewares/screenl/Src/scrl_common.c:291:16:CMN_SetLayer	8	static
/home/lukasschoepf/Documents/ProjectWork_2/Projectwork2_Code/ST32N6AI/MatMul/MatMulN6/STM32N6/Middlewares/screenl/Src/scrl_common.c:265:16:CMN_SetPixel	8	static
/home/lukasschoepf/Documents/ProjectWork_2/Projectwork2_Code/ST32N6AI/MatMul/MatMulN6/STM32N6/Middlewares/screenl/Src/scrl_common.c:249:16:CMN_FillRect	16	static
/home/lukasschoepf/Documents/ProjectWork_2/Projectwork2_Code/ST32N6AI/MatMul/MatMulN6/STM32N6/Middlewares/screenl/Src/scrl_common.c:241:16:CMN_DrawVLine	16	static
/home/lukasschoepf/Documents/ProjectWork_2/Projectwork2_Code/ST32N6AI/MatMul/MatMulN6/STM32N6/Middlewares/screenl/Src/scrl_common.c:233:16:CMN_DrawHLine	16	static
/home/lukasschoepf/Documents/ProjectWork_2/Projectwork2_Code/ST32N6AI/MatMul/MatMulN6/STM32N6/Middlewares/screenl/Src/scrl_common.c:224:16:CMN_FillRGBRect	16	static
/home/lukasschoepf/Documents/ProjectWork_2/Projectwork2_Code/ST32N6AI/MatMul/MatMulN6/STM32N6/Middlewares/screenl/Src/scrl_common.c:114:16:SPI_SetPixelBpp2	8	static
/home/lukasschoepf/Documents/ProjectWork_2/Projectwork2_Code/ST32N6AI/MatMul/MatMulN6/STM32N6/Middlewares/screenl/Src/scrl_common.c:91:16:SPI_FillRectBpp2	24	static
/home/lukasschoepf/Documents/ProjectWork_2/Projectwork2_Code/ST32N6AI/MatMul/MatMulN6/STM32N6/Middlewares/screenl/Src/scrl_common.c:71:16:SPI_DrawVLineBpp2	16	static
/home/lukasschoepf/Documents/ProjectWork_2/Projectwork2_Code/ST32N6AI/MatMul/MatMulN6/STM32N6/Middlewares/screenl/Src/scrl_common.c:53:16:SPI_DrawHLineBpp2	16	static
/home/lukasschoepf/Documents/ProjectWork_2/Projectwork2_Code/ST32N6AI/MatMul/MatMulN6/STM32N6/Middlewares/screenl/Src/scrl_common.c:325:12:get_bpp	8	static
/home/lukasschoepf/Documents/ProjectWork_2/Projectwork2_Code/ST32N6AI/MatMul/MatMulN6/STM32N6/Middlewares/screenl/Src/scrl_common.c:394:13:SCRC_dma2d_cb	16	static
/home/lukasschoepf/Documents/ProjectWork_2/Projectwork2_Code/ST32N6AI/MatMul/MatMulN6/STM32N6/Middlewares/screenl/Src/scrl_common.c:412:5:SCRC_Init	40	static
/home/lukasschoepf/Documents/ProjectWork_2/Projectwork2_Code/ST32N6AI/MatMul/MatMulN6/STM32N6/Middlewares/screenl/Src/scrl_common.c:442:6:SCRC_Composition_Start	48	static,ignoring_inline_asm
/home/lukasschoepf/Documents/ProjectWork_2/Projectwork2_Code/ST32N6AI/MatMul/MatMulN6/STM32N6/Middlewares/screenl/Src/scrl_common.c:502:6:DMA2D_IRQHandler	0	static
