../../../../STM32Cube_FW_N6/Drivers/STM32N6xx_HAL_Driver/Inc/stm32n6xx_ll_bus.h:679:22:LL_MEM_EnableClock	8	static
../../../../STM32Cube_FW_N6/Drivers/STM32N6xx_HAL_Driver/Inc/stm32n6xx_ll_bus.h:785:22:LL_MEM_EnableClockLowPower	8	static
../../../../STM32Cube_FW_N6/Drivers/STM32N6xx_HAL_Driver/Inc/stm32n6xx_ll_bus.h:2065:22:LL_AHB5_GRP1_EnableClockLowPower	8	static
/home/lukasschoepf/Documents/ProjectWork_2/Projectwork2_Code/ST32N6AI/image_classification/STM32N6/Application/NUCLEO-N657X0-Q/Src/main.c:661:13:SystemClock_Config	632	static
/home/lukasschoepf/Documents/ProjectWork_2/Projectwork2_Code/ST32N6AI/image_classification/STM32N6/Application/NUCLEO-N657X0-Q/Src/main.c:474:13:Hardware_init	88	static,ignoring_inline_asm
/home/lukasschoepf/Documents/ProjectWork_2/Projectwork2_Code/ST32N6AI/image_classification/STM32N6/Application/NUCLEO-N657X0-Q/Src/main.c:65:6:enableTiming_Cyc	0	static
/home/lukasschoepf/Documents/ProjectWork_2/Projectwork2_Code/ST32N6AI/image_classification/STM32N6/Application/NUCLEO-N657X0-Q/Src/main.c:70:6:startTiming_Cyc	0	static
/home/lukasschoepf/Documents/ProjectWork_2/Projectwork2_Code/ST32N6AI/image_classification/STM32N6/Application/NUCLEO-N657X0-Q/Src/main.c:74:10:getTiming_Cyc	0	static
/home/lukasschoepf/Documents/ProjectWork_2/Projectwork2_Code/ST32N6AI/image_classification/STM32N6/Application/NUCLEO-N657X0-Q/Src/main.c:132:5:preformanceMeasurment_int8	24	static
/home/lukasschoepf/Documents/ProjectWork_2/Projectwork2_Code/ST32N6AI/image_classification/STM32N6/Application/NUCLEO-N657X0-Q/Src/main.c:150:5:NPU_MatMul_int8	32	dynamic
/home/lukasschoepf/Documents/ProjectWork_2/Projectwork2_Code/ST32N6AI/image_classification/STM32N6/Application/NUCLEO-N657X0-Q/Src/main.c:177:5:NPU_MatMul_float	32	dynamic
/home/lukasschoepf/Documents/ProjectWork_2/Projectwork2_Code/ST32N6AI/image_classification/STM32N6/Application/NUCLEO-N657X0-Q/Src/main.c:206:5:ARM_MatMul_int8	48	dynamic
/home/lukasschoepf/Documents/ProjectWork_2/Projectwork2_Code/ST32N6AI/image_classification/STM32N6/Application/NUCLEO-N657X0-Q/Src/main.c:247:5:ARM_MatMul_float	56	dynamic
/home/lukasschoepf/Documents/ProjectWork_2/Projectwork2_Code/ST32N6AI/image_classification/STM32N6/Application/NUCLEO-N657X0-Q/Src/main.c:301:5:main_NPU_test	80	dynamic,ignoring_inline_asm
/home/lukasschoepf/Documents/ProjectWork_2/Projectwork2_Code/ST32N6AI/image_classification/STM32N6/Application/NUCLEO-N657X0-Q/Src/main.c:434:6:controllOutput	0	static
/home/lukasschoepf/Documents/ProjectWork_2/Projectwork2_Code/ST32N6AI/image_classification/STM32N6/Application/NUCLEO-N657X0-Q/Src/main.c:449:6:setOutputZero	0	static
/home/lukasschoepf/Documents/ProjectWork_2/Projectwork2_Code/ST32N6AI/image_classification/STM32N6/Application/NUCLEO-N657X0-Q/Src/main.c:455:6:printMatrix_int8	40	static
/home/lukasschoepf/Documents/ProjectWork_2/Projectwork2_Code/ST32N6AI/image_classification/STM32N6/Application/NUCLEO-N657X0-Q/Src/main.c:106:5:tiledMatVec	88	static
/home/lukasschoepf/Documents/ProjectWork_2/Projectwork2_Code/ST32N6AI/image_classification/STM32N6/Application/NUCLEO-N657X0-Q/Src/main.c:467:6:printVector_int8	24	static
/home/lukasschoepf/Documents/ProjectWork_2/Projectwork2_Code/ST32N6AI/image_classification/STM32N6/Application/NUCLEO-N657X0-Q/Src/main.c:88:5:tiledFFT_test	32	static
/home/lukasschoepf/Documents/ProjectWork_2/Projectwork2_Code/ST32N6AI/image_classification/STM32N6/Application/NUCLEO-N657X0-Q/Src/main.c:79:5:main	8	static
/home/lukasschoepf/Documents/ProjectWork_2/Projectwork2_Code/ST32N6AI/image_classification/STM32N6/Application/NUCLEO-N657X0-Q/Src/main.c:520:5:_write	8	static
/home/lukasschoepf/Documents/ProjectWork_2/Projectwork2_Code/ST32N6AI/image_classification/STM32N6/Application/NUCLEO-N657X0-Q/Src/main.c:610:6:IAC_IRQHandler	0	static
/home/lukasschoepf/Documents/ProjectWork_2/Projectwork2_Code/ST32N6AI/image_classification/STM32N6/Application/NUCLEO-N657X0-Q/Src/main.c:621:6:Error_Handler	8	static,ignoring_inline_asm
/home/lukasschoepf/Documents/ProjectWork_2/Projectwork2_Code/ST32N6AI/image_classification/STM32N6/Application/NUCLEO-N657X0-Q/Src/main.c:634:19:MX_DCMIPP_ClockConfig	408	static
/home/lukasschoepf/Documents/ProjectWork_2/Projectwork2_Code/ST32N6AI/image_classification/STM32N6/Application/NUCLEO-N657X0-Q/Src/main.c:766:6:HAL_CACHEAXI_MspInit	16	static
/home/lukasschoepf/Documents/ProjectWork_2/Projectwork2_Code/ST32N6AI/image_classification/STM32N6/Application/NUCLEO-N657X0-Q/Src/main.c:774:6:HAL_CACHEAXI_MspDeInit	0	static
/home/lukasschoepf/Documents/ProjectWork_2/Projectwork2_Code/ST32N6AI/image_classification/STM32N6/Application/NUCLEO-N657X0-Q/Src/main.c:790:6:assert_failed	0	static,ignoring_inline_asm
