../../../../STM32Cube_FW_N6/Drivers/STM32N6xx_HAL_Driver/Inc/stm32n6xx_ll_bus.h:679:22:LL_MEM_EnableClock	8	static
../../../../STM32Cube_FW_N6/Drivers/STM32N6xx_HAL_Driver/Inc/stm32n6xx_ll_bus.h:785:22:LL_MEM_EnableClockLowPower	8	static
../../../../STM32Cube_FW_N6/Drivers/STM32N6xx_HAL_Driver/Inc/stm32n6xx_ll_bus.h:2065:22:LL_AHB5_GRP1_EnableClockLowPower	8	static
/home/lukasschoepf/Documents/ProjectWork_2/Projectwork2_Code/ST32N6AI/image_classification/STM32N6/Application/NUCLEO-N657X0-Q/Src/main.c:435:13:SystemClock_Config	632	static
/home/lukasschoepf/Documents/ProjectWork_2/Projectwork2_Code/ST32N6AI/image_classification/STM32N6/Application/NUCLEO-N657X0-Q/Src/main.c:62:6:enableTiming_Cyc	0	static
/home/lukasschoepf/Documents/ProjectWork_2/Projectwork2_Code/ST32N6AI/image_classification/STM32N6/Application/NUCLEO-N657X0-Q/Src/main.c:67:6:startTiming_Cyc	0	static
/home/lukasschoepf/Documents/ProjectWork_2/Projectwork2_Code/ST32N6AI/image_classification/STM32N6/Application/NUCLEO-N657X0-Q/Src/main.c:71:10:getTiming_Cyc	0	static
/home/lukasschoepf/Documents/ProjectWork_2/Projectwork2_Code/ST32N6AI/image_classification/STM32N6/Application/NUCLEO-N657X0-Q/Src/main.c:226:6:controllOutput	32	static
/home/lukasschoepf/Documents/ProjectWork_2/Projectwork2_Code/ST32N6AI/image_classification/STM32N6/Application/NUCLEO-N657X0-Q/Src/main.c:82:5:main	120	dynamic,ignoring_inline_asm
/home/lukasschoepf/Documents/ProjectWork_2/Projectwork2_Code/ST32N6AI/image_classification/STM32N6/Application/NUCLEO-N657X0-Q/Src/main.c:241:6:setOutputZero	0	static
/home/lukasschoepf/Documents/ProjectWork_2/Projectwork2_Code/ST32N6AI/image_classification/STM32N6/Application/NUCLEO-N657X0-Q/Src/main.c:294:5:_write	8	static
/home/lukasschoepf/Documents/ProjectWork_2/Projectwork2_Code/ST32N6AI/image_classification/STM32N6/Application/NUCLEO-N657X0-Q/Src/main.c:384:6:IAC_IRQHandler	0	static
/home/lukasschoepf/Documents/ProjectWork_2/Projectwork2_Code/ST32N6AI/image_classification/STM32N6/Application/NUCLEO-N657X0-Q/Src/main.c:395:6:Error_Handler	8	static,ignoring_inline_asm
/home/lukasschoepf/Documents/ProjectWork_2/Projectwork2_Code/ST32N6AI/image_classification/STM32N6/Application/NUCLEO-N657X0-Q/Src/main.c:408:19:MX_DCMIPP_ClockConfig	408	static
/home/lukasschoepf/Documents/ProjectWork_2/Projectwork2_Code/ST32N6AI/image_classification/STM32N6/Application/NUCLEO-N657X0-Q/Src/main.c:540:6:HAL_CACHEAXI_MspInit	16	static
/home/lukasschoepf/Documents/ProjectWork_2/Projectwork2_Code/ST32N6AI/image_classification/STM32N6/Application/NUCLEO-N657X0-Q/Src/main.c:548:6:HAL_CACHEAXI_MspDeInit	0	static
/home/lukasschoepf/Documents/ProjectWork_2/Projectwork2_Code/ST32N6AI/image_classification/STM32N6/Application/NUCLEO-N657X0-Q/Src/main.c:564:6:assert_failed	0	static,ignoring_inline_asm
