../../../../STM32Cube_FW_N6/Drivers/STM32N6xx_HAL_Driver/Inc/stm32n6xx_ll_bus.h:679:22:LL_MEM_EnableClock	8	static
../../../../STM32Cube_FW_N6/Drivers/STM32N6xx_HAL_Driver/Inc/stm32n6xx_ll_bus.h:785:22:LL_MEM_EnableClockLowPower	8	static
../../../../STM32Cube_FW_N6/Drivers/STM32N6xx_HAL_Driver/Inc/stm32n6xx_ll_bus.h:2065:22:LL_AHB5_GRP1_EnableClockLowPower	8	static
/home/lukasschoepf/Documents/ProjectWork_2/Projectwork2_Code/ST32N6AI/image_classification/STM32N6/Application/NUCLEO-N657X0-Q/Src/main.c:617:13:SystemClock_Config	632	static
/home/lukasschoepf/Documents/ProjectWork_2/Projectwork2_Code/ST32N6AI/image_classification/STM32N6/Application/NUCLEO-N657X0-Q/Src/main.c:430:13:Hardware_init	88	static,ignoring_inline_asm
/home/lukasschoepf/Documents/ProjectWork_2/Projectwork2_Code/ST32N6AI/image_classification/STM32N6/Application/NUCLEO-N657X0-Q/Src/main.c:63:6:enableTiming_Cyc	0	static
/home/lukasschoepf/Documents/ProjectWork_2/Projectwork2_Code/ST32N6AI/image_classification/STM32N6/Application/NUCLEO-N657X0-Q/Src/main.c:68:6:startTiming_Cyc	0	static
/home/lukasschoepf/Documents/ProjectWork_2/Projectwork2_Code/ST32N6AI/image_classification/STM32N6/Application/NUCLEO-N657X0-Q/Src/main.c:72:10:getTiming_Cyc	0	static
/home/lukasschoepf/Documents/ProjectWork_2/Projectwork2_Code/ST32N6AI/image_classification/STM32N6/Application/NUCLEO-N657X0-Q/Src/main.c:85:5:tiledMatVec	280	static
/home/lukasschoepf/Documents/ProjectWork_2/Projectwork2_Code/ST32N6AI/image_classification/STM32N6/Application/NUCLEO-N657X0-Q/Src/main.c:77:5:main	8	static
/home/lukasschoepf/Documents/ProjectWork_2/Projectwork2_Code/ST32N6AI/image_classification/STM32N6/Application/NUCLEO-N657X0-Q/Src/main.c:106:5:preformanceMeasurment_int8	24	static
/home/lukasschoepf/Documents/ProjectWork_2/Projectwork2_Code/ST32N6AI/image_classification/STM32N6/Application/NUCLEO-N657X0-Q/Src/main.c:124:5:NPU_MatMul_int8	32	dynamic
/home/lukasschoepf/Documents/ProjectWork_2/Projectwork2_Code/ST32N6AI/image_classification/STM32N6/Application/NUCLEO-N657X0-Q/Src/main.c:151:5:NPU_MatMul_float	32	dynamic
/home/lukasschoepf/Documents/ProjectWork_2/Projectwork2_Code/ST32N6AI/image_classification/STM32N6/Application/NUCLEO-N657X0-Q/Src/main.c:180:5:ARM_MatMul_int8	48	dynamic
/home/lukasschoepf/Documents/ProjectWork_2/Projectwork2_Code/ST32N6AI/image_classification/STM32N6/Application/NUCLEO-N657X0-Q/Src/main.c:221:5:ARM_MatMul_float	56	dynamic
/home/lukasschoepf/Documents/ProjectWork_2/Projectwork2_Code/ST32N6AI/image_classification/STM32N6/Application/NUCLEO-N657X0-Q/Src/main.c:275:5:main_NPU_test	80	dynamic,ignoring_inline_asm
/home/lukasschoepf/Documents/ProjectWork_2/Projectwork2_Code/ST32N6AI/image_classification/STM32N6/Application/NUCLEO-N657X0-Q/Src/main.c:408:6:controllOutput	0	static
/home/lukasschoepf/Documents/ProjectWork_2/Projectwork2_Code/ST32N6AI/image_classification/STM32N6/Application/NUCLEO-N657X0-Q/Src/main.c:423:6:setOutputZero	0	static
/home/lukasschoepf/Documents/ProjectWork_2/Projectwork2_Code/ST32N6AI/image_classification/STM32N6/Application/NUCLEO-N657X0-Q/Src/main.c:476:5:_write	8	static
/home/lukasschoepf/Documents/ProjectWork_2/Projectwork2_Code/ST32N6AI/image_classification/STM32N6/Application/NUCLEO-N657X0-Q/Src/main.c:566:6:IAC_IRQHandler	0	static
/home/lukasschoepf/Documents/ProjectWork_2/Projectwork2_Code/ST32N6AI/image_classification/STM32N6/Application/NUCLEO-N657X0-Q/Src/main.c:577:6:Error_Handler	8	static,ignoring_inline_asm
/home/lukasschoepf/Documents/ProjectWork_2/Projectwork2_Code/ST32N6AI/image_classification/STM32N6/Application/NUCLEO-N657X0-Q/Src/main.c:590:19:MX_DCMIPP_ClockConfig	408	static
/home/lukasschoepf/Documents/ProjectWork_2/Projectwork2_Code/ST32N6AI/image_classification/STM32N6/Application/NUCLEO-N657X0-Q/Src/main.c:722:6:HAL_CACHEAXI_MspInit	16	static
/home/lukasschoepf/Documents/ProjectWork_2/Projectwork2_Code/ST32N6AI/image_classification/STM32N6/Application/NUCLEO-N657X0-Q/Src/main.c:730:6:HAL_CACHEAXI_MspDeInit	0	static
/home/lukasschoepf/Documents/ProjectWork_2/Projectwork2_Code/ST32N6AI/image_classification/STM32N6/Application/NUCLEO-N657X0-Q/Src/main.c:746:6:assert_failed	0	static,ignoring_inline_asm
