../../../../STM32Cube_FW_N6/Drivers/STM32N6xx_HAL_Driver/Inc/stm32n6xx_ll_bus.h:679:22:LL_MEM_EnableClock	1
../../../../STM32Cube_FW_N6/Drivers/STM32N6xx_HAL_Driver/Inc/stm32n6xx_ll_bus.h:785:22:LL_MEM_EnableClockLowPower	1
../../../../STM32Cube_FW_N6/Drivers/STM32N6xx_HAL_Driver/Inc/stm32n6xx_ll_bus.h:2065:22:LL_AHB5_GRP1_EnableClockLowPower	1
/home/lukasschoepf/Documents/ProjectWork_2/Projectwork2_Code/ST32N6AI/image_classification/STM32N6/Application/NUCLEO-N657X0-Q/Src/main.c:442:13:SystemClock_Config	4
/home/lukasschoepf/Documents/ProjectWork_2/Projectwork2_Code/ST32N6AI/image_classification/STM32N6/Application/NUCLEO-N657X0-Q/Src/main.c:255:13:Hardware_init	5
/home/lukasschoepf/Documents/ProjectWork_2/Projectwork2_Code/ST32N6AI/image_classification/STM32N6/Application/NUCLEO-N657X0-Q/Src/main.c:55:6:enableTiming_Cyc	1
/home/lukasschoepf/Documents/ProjectWork_2/Projectwork2_Code/ST32N6AI/image_classification/STM32N6/Application/NUCLEO-N657X0-Q/Src/main.c:60:6:startTiming_Cyc	1
/home/lukasschoepf/Documents/ProjectWork_2/Projectwork2_Code/ST32N6AI/image_classification/STM32N6/Application/NUCLEO-N657X0-Q/Src/main.c:64:10:getTiming_Cyc	1
/home/lukasschoepf/Documents/ProjectWork_2/Projectwork2_Code/ST32N6AI/image_classification/STM32N6/Application/NUCLEO-N657X0-Q/Src/main.c:75:5:main_MatMul	2
/home/lukasschoepf/Documents/ProjectWork_2/Projectwork2_Code/ST32N6AI/image_classification/STM32N6/Application/NUCLEO-N657X0-Q/Src/main.c:69:5:main	0
/home/lukasschoepf/Documents/ProjectWork_2/Projectwork2_Code/ST32N6AI/image_classification/STM32N6/Application/NUCLEO-N657X0-Q/Src/main.c:233:6:controllOutput	3
/home/lukasschoepf/Documents/ProjectWork_2/Projectwork2_Code/ST32N6AI/image_classification/STM32N6/Application/NUCLEO-N657X0-Q/Src/main.c:106:5:main_NPU	9
/home/lukasschoepf/Documents/ProjectWork_2/Projectwork2_Code/ST32N6AI/image_classification/STM32N6/Application/NUCLEO-N657X0-Q/Src/main.c:248:6:setOutputZero	2
/home/lukasschoepf/Documents/ProjectWork_2/Projectwork2_Code/ST32N6AI/image_classification/STM32N6/Application/NUCLEO-N657X0-Q/Src/main.c:301:5:_write	1
/home/lukasschoepf/Documents/ProjectWork_2/Projectwork2_Code/ST32N6AI/image_classification/STM32N6/Application/NUCLEO-N657X0-Q/Src/main.c:391:6:IAC_IRQHandler	1
/home/lukasschoepf/Documents/ProjectWork_2/Projectwork2_Code/ST32N6AI/image_classification/STM32N6/Application/NUCLEO-N657X0-Q/Src/main.c:402:6:Error_Handler	1
/home/lukasschoepf/Documents/ProjectWork_2/Projectwork2_Code/ST32N6AI/image_classification/STM32N6/Application/NUCLEO-N657X0-Q/Src/main.c:415:19:MX_DCMIPP_ClockConfig	2
/home/lukasschoepf/Documents/ProjectWork_2/Projectwork2_Code/ST32N6AI/image_classification/STM32N6/Application/NUCLEO-N657X0-Q/Src/main.c:547:6:HAL_CACHEAXI_MspInit	1
/home/lukasschoepf/Documents/ProjectWork_2/Projectwork2_Code/ST32N6AI/image_classification/STM32N6/Application/NUCLEO-N657X0-Q/Src/main.c:555:6:HAL_CACHEAXI_MspDeInit	1
/home/lukasschoepf/Documents/ProjectWork_2/Projectwork2_Code/ST32N6AI/image_classification/STM32N6/Application/NUCLEO-N657X0-Q/Src/main.c:571:6:assert_failed	1
