../../../../STM32Cube_FW_N6/Drivers/STM32N6xx_HAL_Driver/Inc/stm32n6xx_ll_bus.h:679:22:LL_MEM_EnableClock	8	static
../../../../STM32Cube_FW_N6/Drivers/STM32N6xx_HAL_Driver/Inc/stm32n6xx_ll_bus.h:785:22:LL_MEM_EnableClockLowPower	8	static
../../../../STM32Cube_FW_N6/Drivers/STM32N6xx_HAL_Driver/Inc/stm32n6xx_ll_bus.h:2065:22:LL_AHB5_GRP1_EnableClockLowPower	8	static
/home/lukasschoepf/Documents/ProjectWork_2/Projectwork2_Code/ST32N6AI/image_classification/STM32N6/Application/NUCLEO-N657X0-Q/Src/main.c:408:13:SystemClock_Config	632	static
/home/lukasschoepf/Documents/ProjectWork_2/Projectwork2_Code/ST32N6AI/image_classification/STM32N6/Application/NUCLEO-N657X0-Q/Src/main.c:52:6:enableTiming_Cyc	0	static
/home/lukasschoepf/Documents/ProjectWork_2/Projectwork2_Code/ST32N6AI/image_classification/STM32N6/Application/NUCLEO-N657X0-Q/Src/main.c:57:6:startTiming_Cyc	0	static
/home/lukasschoepf/Documents/ProjectWork_2/Projectwork2_Code/ST32N6AI/image_classification/STM32N6/Application/NUCLEO-N657X0-Q/Src/main.c:61:10:getTiming_Cyc	0	static
/home/lukasschoepf/Documents/ProjectWork_2/Projectwork2_Code/ST32N6AI/image_classification/STM32N6/Application/NUCLEO-N657X0-Q/Src/main.c:199:6:controllOutput	32	static
/home/lukasschoepf/Documents/ProjectWork_2/Projectwork2_Code/ST32N6AI/image_classification/STM32N6/Application/NUCLEO-N657X0-Q/Src/main.c:72:5:main	120	dynamic,ignoring_inline_asm
/home/lukasschoepf/Documents/ProjectWork_2/Projectwork2_Code/ST32N6AI/image_classification/STM32N6/Application/NUCLEO-N657X0-Q/Src/main.c:214:6:setOutputZero	0	static
/home/lukasschoepf/Documents/ProjectWork_2/Projectwork2_Code/ST32N6AI/image_classification/STM32N6/Application/NUCLEO-N657X0-Q/Src/main.c:267:5:_write	8	static
/home/lukasschoepf/Documents/ProjectWork_2/Projectwork2_Code/ST32N6AI/image_classification/STM32N6/Application/NUCLEO-N657X0-Q/Src/main.c:357:6:IAC_IRQHandler	0	static
/home/lukasschoepf/Documents/ProjectWork_2/Projectwork2_Code/ST32N6AI/image_classification/STM32N6/Application/NUCLEO-N657X0-Q/Src/main.c:368:6:Error_Handler	8	static,ignoring_inline_asm
/home/lukasschoepf/Documents/ProjectWork_2/Projectwork2_Code/ST32N6AI/image_classification/STM32N6/Application/NUCLEO-N657X0-Q/Src/main.c:381:19:MX_DCMIPP_ClockConfig	408	static
/home/lukasschoepf/Documents/ProjectWork_2/Projectwork2_Code/ST32N6AI/image_classification/STM32N6/Application/NUCLEO-N657X0-Q/Src/main.c:513:6:HAL_CACHEAXI_MspInit	16	static
/home/lukasschoepf/Documents/ProjectWork_2/Projectwork2_Code/ST32N6AI/image_classification/STM32N6/Application/NUCLEO-N657X0-Q/Src/main.c:521:6:HAL_CACHEAXI_MspDeInit	0	static
/home/lukasschoepf/Documents/ProjectWork_2/Projectwork2_Code/ST32N6AI/image_classification/STM32N6/Application/NUCLEO-N657X0-Q/Src/main.c:537:6:assert_failed	0	static,ignoring_inline_asm
