/home/lukasschoepf/Documents/ProjectWork_2/Projectwork2_Code/ST32N6AI/MatMul/MatMulN6/STM32N6/Middlewares/Camera_Middleware/sensors/cmw_vd66gy.c:42:12:CMW_VD66GY_Read8	32	static
/home/lukasschoepf/Documents/ProjectWork_2/Projectwork2_Code/ST32N6AI/MatMul/MatMulN6/STM32N6/Middlewares/Camera_Middleware/sensors/cmw_vd66gy.c:47:12:CMW_VD66GY_Read16	40	static
/home/lukasschoepf/Documents/ProjectWork_2/Projectwork2_Code/ST32N6AI/MatMul/MatMulN6/STM32N6/Middlewares/Camera_Middleware/sensors/cmw_vd66gy.c:61:12:CMW_VD66GY_Read32	40	static
/home/lukasschoepf/Documents/ProjectWork_2/Projectwork2_Code/ST32N6AI/MatMul/MatMulN6/STM32N6/Middlewares/Camera_Middleware/sensors/cmw_vd66gy.c:75:12:CMW_VD66GY_Write8	24	static
/home/lukasschoepf/Documents/ProjectWork_2/Projectwork2_Code/ST32N6AI/MatMul/MatMulN6/STM32N6/Middlewares/Camera_Middleware/sensors/cmw_vd66gy.c:80:12:CMW_VD66GY_Write16	24	static
/home/lukasschoepf/Documents/ProjectWork_2/Projectwork2_Code/ST32N6AI/MatMul/MatMulN6/STM32N6/Middlewares/Camera_Middleware/sensors/cmw_vd66gy.c:85:12:CMW_VD66GY_Write32	32	static
/home/lukasschoepf/Documents/ProjectWork_2/Projectwork2_Code/ST32N6AI/MatMul/MatMulN6/STM32N6/Middlewares/Camera_Middleware/sensors/cmw_vd66gy.c:90:13:VD6G_ShutdownPin	24	static
/home/lukasschoepf/Documents/ProjectWork_2/Projectwork2_Code/ST32N6AI/MatMul/MatMulN6/STM32N6/Middlewares/Camera_Middleware/sensors/cmw_vd66gy.c:97:12:VD6G_Read8	32	static
/home/lukasschoepf/Documents/ProjectWork_2/Projectwork2_Code/ST32N6AI/MatMul/MatMulN6/STM32N6/Middlewares/Camera_Middleware/sensors/cmw_vd66gy.c:104:12:VD6G_Read16	32	static
/home/lukasschoepf/Documents/ProjectWork_2/Projectwork2_Code/ST32N6AI/MatMul/MatMulN6/STM32N6/Middlewares/Camera_Middleware/sensors/cmw_vd66gy.c:111:12:VD6G_Read32	32	static
/home/lukasschoepf/Documents/ProjectWork_2/Projectwork2_Code/ST32N6AI/MatMul/MatMulN6/STM32N6/Middlewares/Camera_Middleware/sensors/cmw_vd66gy.c:118:12:VD6G_Write8	24	static
/home/lukasschoepf/Documents/ProjectWork_2/Projectwork2_Code/ST32N6AI/MatMul/MatMulN6/STM32N6/Middlewares/Camera_Middleware/sensors/cmw_vd66gy.c:125:12:VD6G_Write16	24	static
/home/lukasschoepf/Documents/ProjectWork_2/Projectwork2_Code/ST32N6AI/MatMul/MatMulN6/STM32N6/Middlewares/Camera_Middleware/sensors/cmw_vd66gy.c:132:12:VD6G_Write32	32	static
/home/lukasschoepf/Documents/ProjectWork_2/Projectwork2_Code/ST32N6AI/MatMul/MatMulN6/STM32N6/Middlewares/Camera_Middleware/sensors/cmw_vd66gy.c:139:12:VD6G_WriteArray	48	static
/home/lukasschoepf/Documents/ProjectWork_2/Projectwork2_Code/ST32N6AI/MatMul/MatMulN6/STM32N6/Middlewares/Camera_Middleware/sensors/cmw_vd66gy.c:159:13:VD6G_Delay	24	static
/home/lukasschoepf/Documents/ProjectWork_2/Projectwork2_Code/ST32N6AI/MatMul/MatMulN6/STM32N6/Middlewares/Camera_Middleware/sensors/cmw_vd66gy.c:166:13:VD6G_Log	24	static
/home/lukasschoepf/Documents/ProjectWork_2/Projectwork2_Code/ST32N6AI/MatMul/MatMulN6/STM32N6/Middlewares/Camera_Middleware/sensors/cmw_vd66gy.c:178:12:CMW_VD66GY_GetResType	24	static
/home/lukasschoepf/Documents/ProjectWork_2/Projectwork2_Code/ST32N6AI/MatMul/MatMulN6/STM32N6/Middlewares/Camera_Middleware/sensors/cmw_vd66gy.c:207:26:CMW_VD66GY_getMirrorFlipConfig	24	static
/home/lukasschoepf/Documents/ProjectWork_2/Projectwork2_Code/ST32N6AI/MatMul/MatMulN6/STM32N6/Middlewares/Camera_Middleware/sensors/cmw_vd66gy.c:231:16:CMW_VD66GY_Init	80	static
/home/lukasschoepf/Documents/ProjectWork_2/Projectwork2_Code/ST32N6AI/MatMul/MatMulN6/STM32N6/Middlewares/Camera_Middleware/sensors/cmw_vd66gy.c:280:16:CMW_VD66GY_Start	32	static
/home/lukasschoepf/Documents/ProjectWork_2/Projectwork2_Code/ST32N6AI/MatMul/MatMulN6/STM32N6/Middlewares/Camera_Middleware/sensors/cmw_vd66gy.c:309:16:CMW_VD66GY_Run	24	static
/home/lukasschoepf/Documents/ProjectWork_2/Projectwork2_Code/ST32N6AI/MatMul/MatMulN6/STM32N6/Middlewares/Camera_Middleware/sensors/cmw_vd66gy.c:322:16:CMW_VD66GY_Stop	24	static
/home/lukasschoepf/Documents/ProjectWork_2/Projectwork2_Code/ST32N6AI/MatMul/MatMulN6/STM32N6/Middlewares/Camera_Middleware/sensors/cmw_vd66gy.c:334:16:CMW_VD66GY_DeInit	24	static
/home/lukasschoepf/Documents/ProjectWork_2/Projectwork2_Code/ST32N6AI/MatMul/MatMulN6/STM32N6/Middlewares/Camera_Middleware/sensors/cmw_vd66gy.c:360:9:CMW_VD66GY_SetGain	64	static
/home/lukasschoepf/Documents/ProjectWork_2/Projectwork2_Code/ST32N6AI/MatMul/MatMulN6/STM32N6/Middlewares/Camera_Middleware/sensors/cmw_vd66gy.c:416:9:CMW_VD66GY_SetExposure	16	static
/home/lukasschoepf/Documents/ProjectWork_2/Projectwork2_Code/ST32N6AI/MatMul/MatMulN6/STM32N6/Middlewares/Camera_Middleware/sensors/cmw_vd66gy.c:427:9:CMW_VD66GY_SetExposureMode	24	static
/home/lukasschoepf/Documents/ProjectWork_2/Projectwork2_Code/ST32N6AI/MatMul/MatMulN6/STM32N6/Middlewares/Camera_Middleware/sensors/cmw_vd66gy.c:455:9:CMW_VD66GY_SetWBRefMode	32	static
/home/lukasschoepf/Documents/ProjectWork_2/Projectwork2_Code/ST32N6AI/MatMul/MatMulN6/STM32N6/Middlewares/Camera_Middleware/sensors/cmw_vd66gy.c:474:9:CMW_VD66GY_ListWBRefModes	24	static
/home/lukasschoepf/Documents/ProjectWork_2/Projectwork2_Code/ST32N6AI/MatMul/MatMulN6/STM32N6/Middlewares/Camera_Middleware/sensors/cmw_vd66gy.c:493:9:CMW_VD66GY_GetSensorInfo	48	static
/home/lukasschoepf/Documents/ProjectWork_2/Projectwork2_Code/ST32N6AI/MatMul/MatMulN6/STM32N6/Middlewares/Camera_Middleware/sensors/cmw_vd66gy.c:550:13:CMW_VD66GY_VsyncEventCallback	16	static
/home/lukasschoepf/Documents/ProjectWork_2/Projectwork2_Code/ST32N6AI/MatMul/MatMulN6/STM32N6/Middlewares/Camera_Middleware/sensors/cmw_vd66gy.c:570:13:CMW_VD66GY_FrameEventCallback	16	static
/home/lukasschoepf/Documents/ProjectWork_2/Projectwork2_Code/ST32N6AI/MatMul/MatMulN6/STM32N6/Middlewares/Camera_Middleware/sensors/cmw_vd66gy.c:574:9:VD66GY_RegisterBusIO	24	static
/home/lukasschoepf/Documents/ProjectWork_2/Projectwork2_Code/ST32N6AI/MatMul/MatMulN6/STM32N6/Middlewares/Camera_Middleware/sensors/cmw_vd66gy.c:589:9:VD66GY_ReadID	24	static
/home/lukasschoepf/Documents/ProjectWork_2/Projectwork2_Code/ST32N6AI/MatMul/MatMulN6/STM32N6/Middlewares/Camera_Middleware/sensors/cmw_vd66gy.c:603:13:CMW_VD66GY_PowerOn	16	static
/home/lukasschoepf/Documents/ProjectWork_2/Projectwork2_Code/ST32N6AI/MatMul/MatMulN6/STM32N6/Middlewares/Camera_Middleware/sensors/cmw_vd66gy.c:615:5:CMW_VD66GY_Probe	24	static
