/home/lukasschoepf/Documents/ProjectWork_2/Projectwork2_Code/ST32N6AI/MatMul/MatMulN6/STM32N6/Middlewares/AI_Runtime/Npu/ll_aton/ll_aton_NN_interface.h:569:32:LL_Buffer_addr_base	24	static
/home/lukasschoepf/Documents/ProjectWork_2/Projectwork2_Code/ST32N6AI/MatMul/MatMulN6/STM32N6/Middlewares/AI_Runtime/Npu/ll_aton/ll_aton_NN_interface.h:579:32:LL_Buffer_addr_start	16	static
/home/lukasschoepf/Documents/ProjectWork_2/Projectwork2_Code/ST32N6AI/MatMul/MatMulN6/STM32N6/Middlewares/AI_Runtime/Npu/ll_aton/ll_aton_NN_interface.h:594:26:LL_Buffer_len	16	static
/home/lukasschoepf/Documents/ProjectWork_2/Projectwork2_Code/ST32N6AI/MatMul/MatMulN6/STM32N6/Middlewares/AI_Runtime/Npu/ll_aton/ll_aton_caches_interface.h:57:22:LL_ATON_Cache_MCU_Clean_Range	16	static
/home/lukasschoepf/Documents/ProjectWork_2/Projectwork2_Code/ST32N6AI/MatMul/MatMulN6/STM32N6/Middlewares/AI_Runtime/Npu/ll_aton/ll_aton_caches_interface.h:105:22:LL_ATON_Cache_MCU_Clean_Invalidate_Range	16	static
/home/lukasschoepf/Documents/ProjectWork_2/Projectwork2_Code/ST32N6AI/MatMul/MatMulN6/STM32N6/Middlewares/AI_Runtime/Npu/ll_aton/ll_aton_lib_sw_operators.c:38:20:__ll_aton_lib_copy_element	24	static
/home/lukasschoepf/Documents/ProjectWork_2/Projectwork2_Code/ST32N6AI/MatMul/MatMulN6/STM32N6/Middlewares/AI_Runtime/Npu/ll_aton/ll_aton_lib_sw_operators.c:86:24:__ll_aton_lib_calc_offset	32	static
/home/lukasschoepf/Documents/ProjectWork_2/Projectwork2_Code/ST32N6AI/MatMul/MatMulN6/STM32N6/Middlewares/AI_Runtime/Npu/ll_aton/ll_aton_lib_sw_operators.c:121:23:__ll_aton_lib_is_in_slice	48	static
/home/lukasschoepf/Documents/ProjectWork_2/Projectwork2_Code/ST32N6AI/MatMul/MatMulN6/STM32N6/Middlewares/AI_Runtime/Npu/ll_aton/ll_aton_lib_sw_operators.c:160:16:__ll_slice_get_input_and_output_base_pos	56	static
/home/lukasschoepf/Documents/ProjectWork_2/Projectwork2_Code/ST32N6AI/MatMul/MatMulN6/STM32N6/Middlewares/AI_Runtime/Npu/ll_aton/ll_aton_lib_sw_operators.c:196:20:__ll_slice_copy_elem	40	static
/home/lukasschoepf/Documents/ProjectWork_2/Projectwork2_Code/ST32N6AI/MatMul/MatMulN6/STM32N6/Middlewares/AI_Runtime/Npu/ll_aton/ll_aton_lib_sw_operators.c:213:13:__ll_aton_lib_slice	72	static
/home/lukasschoepf/Documents/ProjectWork_2/Projectwork2_Code/ST32N6AI/MatMul/MatMulN6/STM32N6/Middlewares/AI_Runtime/Npu/ll_aton/ll_aton_lib_sw_operators.c:275:5:LL_ATON_LIB_Slice	56	static
/home/lukasschoepf/Documents/ProjectWork_2/Projectwork2_Code/ST32N6AI/MatMul/MatMulN6/STM32N6/Middlewares/AI_Runtime/Npu/ll_aton/ll_aton_lib_sw_operators.c:314:12:__ll_aton_lib_sw_outputs_flat_copy	64	static
/home/lukasschoepf/Documents/ProjectWork_2/Projectwork2_Code/ST32N6AI/MatMul/MatMulN6/STM32N6/Middlewares/AI_Runtime/Npu/ll_aton/ll_aton_lib_sw_operators.c:371:13:__ll_aton_lib_split_aton_canonical	80	static
/home/lukasschoepf/Documents/ProjectWork_2/Projectwork2_Code/ST32N6AI/MatMul/MatMulN6/STM32N6/Middlewares/AI_Runtime/Npu/ll_aton/ll_aton_lib_sw_operators.c:405:13:__ll_aton_lib_split_onnx_canonical	72	static
/home/lukasschoepf/Documents/ProjectWork_2/Projectwork2_Code/ST32N6AI/MatMul/MatMulN6/STM32N6/Middlewares/AI_Runtime/Npu/ll_aton/ll_aton_lib_sw_operators.c:439:13:__ll_aton_lib_split_channel_batched	112	static
/home/lukasschoepf/Documents/ProjectWork_2/Projectwork2_Code/ST32N6AI/MatMul/MatMulN6/STM32N6/Middlewares/AI_Runtime/Npu/ll_aton/ll_aton_lib_sw_operators.c:513:5:LL_ATON_LIB_Split	32	static
/home/lukasschoepf/Documents/ProjectWork_2/Projectwork2_Code/ST32N6AI/MatMul/MatMulN6/STM32N6/Middlewares/AI_Runtime/Npu/ll_aton/ll_aton_lib_sw_operators.c:641:5:LL_ATON_LIB_SW_SpaceToDepth	144	static
/home/lukasschoepf/Documents/ProjectWork_2/Projectwork2_Code/ST32N6AI/MatMul/MatMulN6/STM32N6/Middlewares/AI_Runtime/Npu/ll_aton/ll_aton_lib_sw_operators.c:713:5:LL_ATON_LIB_SW_DepthToSpace	200	static
/home/lukasschoepf/Documents/ProjectWork_2/Projectwork2_Code/ST32N6AI/MatMul/MatMulN6/STM32N6/Middlewares/AI_Runtime/Npu/ll_aton/ll_aton_lib_sw_operators.c:846:24:__ll_transp_find_input_index	32	static
/home/lukasschoepf/Documents/ProjectWork_2/Projectwork2_Code/ST32N6AI/MatMul/MatMulN6/STM32N6/Middlewares/AI_Runtime/Npu/ll_aton/ll_aton_lib_sw_operators.c:861:23:__ll_transp_get_output_base_pos	40	static
/home/lukasschoepf/Documents/ProjectWork_2/Projectwork2_Code/ST32N6AI/MatMul/MatMulN6/STM32N6/Middlewares/AI_Runtime/Npu/ll_aton/ll_aton_lib_sw_operators.c:881:16:__ll_transp_get_input_base_pos	32	static
/home/lukasschoepf/Documents/ProjectWork_2/Projectwork2_Code/ST32N6AI/MatMul/MatMulN6/STM32N6/Middlewares/AI_Runtime/Npu/ll_aton/ll_aton_lib_sw_operators.c:900:13:__ll_aton_lib_transpose	80	static
/home/lukasschoepf/Documents/ProjectWork_2/Projectwork2_Code/ST32N6AI/MatMul/MatMulN6/STM32N6/Middlewares/AI_Runtime/Npu/ll_aton/ll_aton_lib_sw_operators.c:948:24:__ll_transp_find_input_index_3or4	32	static
/home/lukasschoepf/Documents/ProjectWork_2/Projectwork2_Code/ST32N6AI/MatMul/MatMulN6/STM32N6/Middlewares/AI_Runtime/Npu/ll_aton/ll_aton_lib_sw_operators.c:954:23:__ll_transp_get_output_base_pos_3or4	40	static
/home/lukasschoepf/Documents/ProjectWork_2/Projectwork2_Code/ST32N6AI/MatMul/MatMulN6/STM32N6/Middlewares/AI_Runtime/Npu/ll_aton/ll_aton_lib_sw_operators.c:974:16:__ll_transp_get_input_base_pos_3or4	32	static
/home/lukasschoepf/Documents/ProjectWork_2/Projectwork2_Code/ST32N6AI/MatMul/MatMulN6/STM32N6/Middlewares/AI_Runtime/Npu/ll_aton/ll_aton_lib_sw_operators.c:987:24:__ll_transp_get_inner_out_axis	24	static
/home/lukasschoepf/Documents/ProjectWork_2/Projectwork2_Code/ST32N6AI/MatMul/MatMulN6/STM32N6/Middlewares/AI_Runtime/Npu/ll_aton/ll_aton_lib_sw_operators.c:998:13:__ll_aton_lib_transpose_3or4	96	static
/home/lukasschoepf/Documents/ProjectWork_2/Projectwork2_Code/ST32N6AI/MatMul/MatMulN6/STM32N6/Middlewares/AI_Runtime/Npu/ll_aton/ll_aton_lib_sw_operators.c:1043:5:LL_ATON_LIB_Transpose	64	static
/home/lukasschoepf/Documents/ProjectWork_2/Projectwork2_Code/ST32N6AI/MatMul/MatMulN6/STM32N6/Middlewares/AI_Runtime/Npu/ll_aton/ll_aton_lib_sw_operators.c:1109:14:__ll_aton_lib_memset16	48	static
/home/lukasschoepf/Documents/ProjectWork_2/Projectwork2_Code/ST32N6AI/MatMul/MatMulN6/STM32N6/Middlewares/AI_Runtime/Npu/ll_aton/ll_aton_lib_sw_operators.c:1145:14:__ll_aton_lib_memset24	40	static
/home/lukasschoepf/Documents/ProjectWork_2/Projectwork2_Code/ST32N6AI/MatMul/MatMulN6/STM32N6/Middlewares/AI_Runtime/Npu/ll_aton/ll_aton_lib_sw_operators.c:1161:14:__ll_aton_lib_memset32	40	static
/home/lukasschoepf/Documents/ProjectWork_2/Projectwork2_Code/ST32N6AI/MatMul/MatMulN6/STM32N6/Middlewares/AI_Runtime/Npu/ll_aton/ll_aton_lib_sw_operators.c:1177:21:__ll_aton_lib_memset	24	static
/home/lukasschoepf/Documents/ProjectWork_2/Projectwork2_Code/ST32N6AI/MatMul/MatMulN6/STM32N6/Middlewares/AI_Runtime/Npu/ll_aton/ll_aton_lib_sw_operators.c:1202:24:zero_neg	24	static
/home/lukasschoepf/Documents/ProjectWork_2/Projectwork2_Code/ST32N6AI/MatMul/MatMulN6/STM32N6/Middlewares/AI_Runtime/Npu/ll_aton/ll_aton_lib_sw_operators.c:1212:20:__ll_aton_lib_reflect_inner_framing_sw	56	static
/home/lukasschoepf/Documents/ProjectWork_2/Projectwork2_Code/ST32N6AI/MatMul/MatMulN6/STM32N6/Middlewares/AI_Runtime/Npu/ll_aton/ll_aton_lib_sw_operators.c:1327:20:__ll_aton_lib_edge_framing_sw	24	static
/home/lukasschoepf/Documents/ProjectWork_2/Projectwork2_Code/ST32N6AI/MatMul/MatMulN6/STM32N6/Middlewares/AI_Runtime/Npu/ll_aton/ll_aton_lib_sw_operators.c:1337:13:__ll_aton_lib_pad_filling_sw	24	static
/home/lukasschoepf/Documents/ProjectWork_2/Projectwork2_Code/ST32N6AI/MatMul/MatMulN6/STM32N6/Middlewares/AI_Runtime/Npu/ll_aton/ll_aton_lib_sw_operators.c:1404:13:__ll_aton_lib_pad_reflect_sw	144	static
/home/lukasschoepf/Documents/ProjectWork_2/Projectwork2_Code/ST32N6AI/MatMul/MatMulN6/STM32N6/Middlewares/AI_Runtime/Npu/ll_aton/ll_aton_lib_sw_operators.c:1607:13:__ll_aton_lib_pad_edge_sw	96	static
/home/lukasschoepf/Documents/ProjectWork_2/Projectwork2_Code/ST32N6AI/MatMul/MatMulN6/STM32N6/Middlewares/AI_Runtime/Npu/ll_aton/ll_aton_lib_sw_operators.c:1729:12:__ll_aton_lib_pad_filling	24	static
/home/lukasschoepf/Documents/ProjectWork_2/Projectwork2_Code/ST32N6AI/MatMul/MatMulN6/STM32N6/Middlewares/AI_Runtime/Npu/ll_aton/ll_aton_lib_sw_operators.c:1861:12:__ll_aton_lib_pad_framing_sw	24	static
/home/lukasschoepf/Documents/ProjectWork_2/Projectwork2_Code/ST32N6AI/MatMul/MatMulN6/STM32N6/Middlewares/AI_Runtime/Npu/ll_aton/ll_aton_lib_sw_operators.c:1974:5:LL_ATON_LIB_Pad	120	static
