/home/lukasschoepf/Documents/ProjectWork_2/Projectwork2_Code/ST32N6AI/MatMul/MatMulN6/STM32N6/Middlewares/AI_Runtime/Npu/ll_aton/ll_aton.h:487:26:LL_Streng_len	16	static
/home/lukasschoepf/Documents/ProjectWork_2/Projectwork2_Code/ST32N6AI/MatMul/MatMulN6/STM32N6/Middlewares/AI_Runtime/Npu/ll_aton/ll_aton_caches_interface.h:105:22:LL_ATON_Cache_MCU_Clean_Invalidate_Range	16	static
/home/lukasschoepf/Documents/ProjectWork_2/Projectwork2_Code/ST32N6AI/MatMul/MatMulN6/STM32N6/Middlewares/AI_Runtime/Npu/ll_aton/ll_aton.c:62:20:ll_aton_static_checks	16	static
/home/lukasschoepf/Documents/ProjectWork_2/Projectwork2_Code/ST32N6AI/MatMul/MatMulN6/STM32N6/Middlewares/AI_Runtime/Npu/ll_aton/ll_aton.c:128:16:LL_Address_Physical2Virtual	16	static
/home/lukasschoepf/Documents/ProjectWork_2/Projectwork2_Code/ST32N6AI/MatMul/MatMulN6/STM32N6/Middlewares/AI_Runtime/Npu/ll_aton/ll_aton.c:133:16:LL_Address_Virtual2Physical	16	static
/home/lukasschoepf/Documents/ProjectWork_2/Projectwork2_Code/ST32N6AI/MatMul/MatMulN6/STM32N6/Middlewares/AI_Runtime/Npu/ll_aton/ll_aton.c:143:18:startWatchdog	16	static
/home/lukasschoepf/Documents/ProjectWork_2/Projectwork2_Code/ST32N6AI/MatMul/MatMulN6/STM32N6/Middlewares/AI_Runtime/Npu/ll_aton/ll_aton.c:154:18:checkWatchdog	4	static
/home/lukasschoepf/Documents/ProjectWork_2/Projectwork2_Code/ST32N6AI/MatMul/MatMulN6/STM32N6/Middlewares/AI_Runtime/Npu/ll_aton/ll_aton.c:167:5:LL_ATON_Init	56	static
/home/lukasschoepf/Documents/ProjectWork_2/Projectwork2_Code/ST32N6AI/MatMul/MatMulN6/STM32N6/Middlewares/AI_Runtime/Npu/ll_aton/ll_aton.c:269:5:LL_ATON_DeInit	16	static
/home/lukasschoepf/Documents/ProjectWork_2/Projectwork2_Code/ST32N6AI/MatMul/MatMulN6/STM32N6/Middlewares/AI_Runtime/Npu/ll_aton/ll_aton.c:301:5:LL_ATON_EnableUnits_Init	56	static
/home/lukasschoepf/Documents/ProjectWork_2/Projectwork2_Code/ST32N6AI/MatMul/MatMulN6/STM32N6/Middlewares/AI_Runtime/Npu/ll_aton/ll_aton.c:381:5:LL_ATON_DisableUnits_Init	32	static
/home/lukasschoepf/Documents/ProjectWork_2/Projectwork2_Code/ST32N6AI/MatMul/MatMulN6/STM32N6/Middlewares/AI_Runtime/Npu/ll_aton/ll_aton.c:462:5:LL_Streng_Wait	24	static
/home/lukasschoepf/Documents/ProjectWork_2/Projectwork2_Code/ST32N6AI/MatMul/MatMulN6/STM32N6/Middlewares/AI_Runtime/Npu/ll_aton/ll_aton.c:494:5:LL_Streng_TensorInit	96	static
/home/lukasschoepf/Documents/ProjectWork_2/Projectwork2_Code/ST32N6AI/MatMul/MatMulN6/STM32N6/Middlewares/AI_Runtime/Npu/ll_aton/ll_aton.c:771:5:LL_Streng_ExtSyncInit	24	static
/home/lukasschoepf/Documents/ProjectWork_2/Projectwork2_Code/ST32N6AI/MatMul/MatMulN6/STM32N6/Middlewares/AI_Runtime/Npu/ll_aton/ll_aton.c:801:5:LL_TriggerHigh	16	static
/home/lukasschoepf/Documents/ProjectWork_2/Projectwork2_Code/ST32N6AI/MatMul/MatMulN6/STM32N6/Middlewares/AI_Runtime/Npu/ll_aton/ll_aton.c:816:5:LL_TriggerLow	16	static
/home/lukasschoepf/Documents/ProjectWork_2/Projectwork2_Code/ST32N6AI/MatMul/MatMulN6/STM32N6/Middlewares/AI_Runtime/Npu/ll_aton/ll_aton.c:826:10:__atonn_getSrcPortID	24	static
/home/lukasschoepf/Documents/ProjectWork_2/Projectwork2_Code/ST32N6AI/MatMul/MatMulN6/STM32N6/Middlewares/AI_Runtime/Npu/ll_aton/ll_aton.c:895:10:__atonn_getDstPortID	24	static
/home/lukasschoepf/Documents/ProjectWork_2/Projectwork2_Code/ST32N6AI/MatMul/MatMulN6/STM32N6/Middlewares/AI_Runtime/Npu/ll_aton/ll_aton.c:970:5:LL_Switch_Init_NoReset	64	static
/home/lukasschoepf/Documents/ProjectWork_2/Projectwork2_Code/ST32N6AI/MatMul/MatMulN6/STM32N6/Middlewares/AI_Runtime/Npu/ll_aton/ll_aton.c:1020:5:LL_Switch_Init	24	static
/home/lukasschoepf/Documents/ProjectWork_2/Projectwork2_Code/ST32N6AI/MatMul/MatMulN6/STM32N6/Middlewares/AI_Runtime/Npu/ll_aton/ll_aton.c:1040:5:LL_Switch_Deinit	24	static
/home/lukasschoepf/Documents/ProjectWork_2/Projectwork2_Code/ST32N6AI/MatMul/MatMulN6/STM32N6/Middlewares/AI_Runtime/Npu/ll_aton/ll_aton.c:1063:5:LL_Switch_Deinit_Fine_Grained	40	static
/home/lukasschoepf/Documents/ProjectWork_2/Projectwork2_Code/ST32N6AI/MatMul/MatMulN6/STM32N6/Middlewares/AI_Runtime/Npu/ll_aton/ll_aton.c:1195:24:decun_inc_page_addr	24	static
/home/lukasschoepf/Documents/ProjectWork_2/Projectwork2_Code/ST32N6AI/MatMul/MatMulN6/STM32N6/Middlewares/AI_Runtime/Npu/ll_aton/ll_aton.c:1204:13:LL_Decun_CB_1byte	96	static
/home/lukasschoepf/Documents/ProjectWork_2/Projectwork2_Code/ST32N6AI/MatMul/MatMulN6/STM32N6/Middlewares/AI_Runtime/Npu/ll_aton/ll_aton.c:1359:13:LL_Decun_CB_2byte	104	static
/home/lukasschoepf/Documents/ProjectWork_2/Projectwork2_Code/ST32N6AI/MatMul/MatMulN6/STM32N6/Middlewares/AI_Runtime/Npu/ll_aton/ll_aton.c:1556:5:LL_Decun_Init	24	static
/home/lukasschoepf/Documents/ProjectWork_2/Projectwork2_Code/ST32N6AI/MatMul/MatMulN6/STM32N6/Middlewares/AI_Runtime/Npu/ll_aton/ll_aton.c:1610:5:LL_Convacc_Init	56	static
/home/lukasschoepf/Documents/ProjectWork_2/Projectwork2_Code/ST32N6AI/MatMul/MatMulN6/STM32N6/Middlewares/AI_Runtime/Npu/ll_aton/ll_aton.c:1820:16:get_Activacc_type	16	static
/home/lukasschoepf/Documents/ProjectWork_2/Projectwork2_Code/ST32N6AI/MatMul/MatMulN6/STM32N6/Middlewares/AI_Runtime/Npu/ll_aton/ll_aton.c:1849:5:LL_Activacc_Init	56	static
/home/lukasschoepf/Documents/ProjectWork_2/Projectwork2_Code/ST32N6AI/MatMul/MatMulN6/STM32N6/Middlewares/AI_Runtime/Npu/ll_aton/ll_aton.c:1969:16:get_Arithacc_type	16	static
/home/lukasschoepf/Documents/ProjectWork_2/Projectwork2_Code/ST32N6AI/MatMul/MatMulN6/STM32N6/Middlewares/AI_Runtime/Npu/ll_aton/ll_aton.c:2018:5:LL_Arithacc_Init	104	static
/home/lukasschoepf/Documents/ProjectWork_2/Projectwork2_Code/ST32N6AI/MatMul/MatMulN6/STM32N6/Middlewares/AI_Runtime/Npu/ll_aton/ll_aton.c:2252:16:get_Poolacc_type	16	static
/home/lukasschoepf/Documents/ProjectWork_2/Projectwork2_Code/ST32N6AI/MatMul/MatMulN6/STM32N6/Middlewares/AI_Runtime/Npu/ll_aton/ll_aton.c:2281:5:LL_Poolacc_Init	40	static
/home/lukasschoepf/Documents/ProjectWork_2/Projectwork2_Code/ST32N6AI/MatMul/MatMulN6/STM32N6/Middlewares/AI_Runtime/Npu/ll_aton/ll_aton.c:2411:5:LL_EpochCtrl_Init	24	static
/home/lukasschoepf/Documents/ProjectWork_2/Projectwork2_Code/ST32N6AI/MatMul/MatMulN6/STM32N6/Middlewares/AI_Runtime/Npu/ll_aton/ll_aton.c:2439:5:LL_EpochCtrl_Step	24	static
/home/lukasschoepf/Documents/ProjectWork_2/Projectwork2_Code/ST32N6AI/MatMul/MatMulN6/STM32N6/Middlewares/AI_Runtime/Npu/ll_aton/ll_aton.c:2455:5:LL_EpochCtrl_Wait	24	static
/home/lukasschoepf/Documents/ProjectWork_2/Projectwork2_Code/ST32N6AI/MatMul/MatMulN6/STM32N6/Middlewares/AI_Runtime/Npu/ll_aton/ll_aton.c:2485:14:LL_EpochCtrl_GetBlobSize	24	static
/home/lukasschoepf/Documents/ProjectWork_2/Projectwork2_Code/ST32N6AI/MatMul/MatMulN6/STM32N6/Middlewares/AI_Runtime/Npu/ll_aton/ll_aton.c:2492:6:LL_ATON_EnableClock	24	static
/home/lukasschoepf/Documents/ProjectWork_2/Projectwork2_Code/ST32N6AI/MatMul/MatMulN6/STM32N6/Middlewares/AI_Runtime/Npu/ll_aton/ll_aton.c:2499:6:LL_ATON_DisableClock	24	static
/home/lukasschoepf/Documents/ProjectWork_2/Projectwork2_Code/ST32N6AI/MatMul/MatMulN6/STM32N6/Middlewares/AI_Runtime/Npu/ll_aton/ll_aton.c:2525:20:LL_ATON_Dma_memcpy	200	static
