/home/lukasschoepf/Documents/ProjectWork_2/Projectwork2_Code/ST32N6AI/MatMul/MatMulN6/STM32N6/Middlewares/AI_Runtime/Npu/ll_aton/ll_sw_integer.c:46:12:helper_emit_shape_index_axis	16	static
/home/lukasschoepf/Documents/ProjectWork_2/Projectwork2_Code/ST32N6AI/MatMul/MatMulN6/STM32N6/Middlewares/AI_Runtime/Npu/ll_aton/ll_sw_integer.c:67:6:ll_sw_forward_qlinearmatmul	568	static
/home/lukasschoepf/Documents/ProjectWork_2/Projectwork2_Code/ST32N6AI/MatMul/MatMulN6/STM32N6/Middlewares/AI_Runtime/Npu/ll_aton/ll_sw_integer.c:182:6:ll_sw_forward_gemm_integer	568	static
/home/lukasschoepf/Documents/ProjectWork_2/Projectwork2_Code/ST32N6AI/MatMul/MatMulN6/STM32N6/Middlewares/AI_Runtime/Npu/ll_aton/ll_sw_integer.c:293:6:ll_sw_forward_quantizelinear	304	static
/home/lukasschoepf/Documents/ProjectWork_2/Projectwork2_Code/ST32N6AI/MatMul/MatMulN6/STM32N6/Middlewares/AI_Runtime/Npu/ll_aton/ll_sw_integer.c:340:6:ll_sw_forward_dequantizelinear	304	static
/home/lukasschoepf/Documents/ProjectWork_2/Projectwork2_Code/ST32N6AI/MatMul/MatMulN6/STM32N6/Middlewares/AI_Runtime/Npu/ll_aton/ll_sw_integer.c:389:6:ll_sw_forward_requantizelinear	320	static
/home/lukasschoepf/Documents/ProjectWork_2/Projectwork2_Code/ST32N6AI/MatMul/MatMulN6/STM32N6/Middlewares/AI_Runtime/Npu/ll_aton/ll_sw_integer.c:449:6:ll_sw_forward_conv_integer	704	static
/home/lukasschoepf/Documents/ProjectWork_2/Projectwork2_Code/ST32N6AI/MatMul/MatMulN6/STM32N6/Middlewares/AI_Runtime/Npu/ll_aton/ll_sw_integer.c:632:6:ll_sw_forward_eltwise_integer	416	static
/home/lukasschoepf/Documents/ProjectWork_2/Projectwork2_Code/ST32N6AI/MatMul/MatMulN6/STM32N6/Middlewares/AI_Runtime/Npu/ll_aton/ll_sw_integer.c:753:6:ll_sw_forward_pool_integer	376	static
/home/lukasschoepf/Documents/ProjectWork_2/Projectwork2_Code/ST32N6AI/MatMul/MatMulN6/STM32N6/Middlewares/AI_Runtime/Npu/ll_aton/ll_sw_integer.c:837:6:ll_sw_forward_global_pool_integer	376	static
/home/lukasschoepf/Documents/ProjectWork_2/Projectwork2_Code/ST32N6AI/MatMul/MatMulN6/STM32N6/Middlewares/AI_Runtime/Npu/ll_aton/ll_sw_integer.c:919:6:ll_sw_forward_softmax_integer	424	static
/home/lukasschoepf/Documents/ProjectWork_2/Projectwork2_Code/ST32N6AI/MatMul/MatMulN6/STM32N6/Middlewares/AI_Runtime/Npu/ll_aton/ll_sw_integer.c:993:6:ll_sw_forward_activ_integer	640	static
/home/lukasschoepf/Documents/ProjectWork_2/Projectwork2_Code/ST32N6AI/MatMul/MatMulN6/STM32N6/Middlewares/AI_Runtime/Npu/ll_aton/ll_sw_integer.c:1131:6:ll_sw_forward_resize_integer	488	static
