/home/lukasschoepf/Documents/ProjectWork_2/Projectwork2_Code/ST32N6AI/ModelZooService/STM32N6/STM32Cube_FW_N6/Drivers/STM32N6xx_HAL_Driver/Src/stm32n6xx_hal_i2c.c:6996:13:I2C_Flush_TXDR	0	static
/home/lukasschoepf/Documents/ProjectWork_2/Projectwork2_Code/ST32N6AI/ModelZooService/STM32N6/STM32Cube_FW_N6/Drivers/STM32N6xx_HAL_Driver/Src/stm32n6xx_hal_i2c.c:7648:13:I2C_Enable_IRQ	16	static
/home/lukasschoepf/Documents/ProjectWork_2/Projectwork2_Code/ST32N6AI/ModelZooService/STM32N6/STM32Cube_FW_N6/Drivers/STM32N6xx_HAL_Driver/Src/stm32n6xx_hal_i2c.c:7743:13:I2C_Disable_IRQ	8	static
/home/lukasschoepf/Documents/ProjectWork_2/Projectwork2_Code/ST32N6AI/ModelZooService/STM32N6/STM32Cube_FW_N6/Drivers/STM32N6xx_HAL_Driver/Src/stm32n6xx_hal_i2c.c:7619:13:I2C_TransferConfig	24	static
/home/lukasschoepf/Documents/ProjectWork_2/Projectwork2_Code/ST32N6AI/ModelZooService/STM32N6/STM32Cube_FW_N6/Drivers/STM32N6xx_HAL_Driver/Src/stm32n6xx_hal_i2c.c:7478:26:I2C_IsErrorOccurred	24	static
/home/lukasschoepf/Documents/ProjectWork_2/Projectwork2_Code/ST32N6AI/ModelZooService/STM32N6/STM32Cube_FW_N6/Drivers/STM32N6xx_HAL_Driver/Src/stm32n6xx_hal_i2c.c:7322:26:I2C_WaitOnTXISFlagUntilTimeout	16	static
/home/lukasschoepf/Documents/ProjectWork_2/Projectwork2_Code/ST32N6AI/ModelZooService/STM32N6/STM32Cube_FW_N6/Drivers/STM32N6xx_HAL_Driver/Src/stm32n6xx_hal_i2c.c:7282:26:I2C_WaitOnFlagUntilTimeout	24	static
/home/lukasschoepf/Documents/ProjectWork_2/Projectwork2_Code/ST32N6AI/ModelZooService/STM32N6/STM32Cube_FW_N6/Drivers/STM32N6xx_HAL_Driver/Src/stm32n6xx_hal_i2c.c:7363:26:I2C_WaitOnSTOPFlagUntilTimeout	16	static
/home/lukasschoepf/Documents/ProjectWork_2/Projectwork2_Code/ST32N6AI/ModelZooService/STM32N6/STM32Cube_FW_N6/Drivers/STM32N6xx_HAL_Driver/Src/stm32n6xx_hal_i2c.c:7401:26:I2C_WaitOnRXNEFlagUntilTimeout	32	static
/home/lukasschoepf/Documents/ProjectWork_2/Projectwork2_Code/ST32N6AI/ModelZooService/STM32N6/STM32Cube_FW_N6/Drivers/STM32N6xx_HAL_Driver/Src/stm32n6xx_hal_i2c.c:7806:13:I2C_ConvertOtherXferOptions	0	static
/home/lukasschoepf/Documents/ProjectWork_2/Projectwork2_Code/ST32N6AI/ModelZooService/STM32N6/STM32Cube_FW_N6/Drivers/STM32N6xx_HAL_Driver/Src/stm32n6xx_hal_i2c.c:702:13:HAL_I2C_MspInit	0	static
/home/lukasschoepf/Documents/ProjectWork_2/Projectwork2_Code/ST32N6AI/ModelZooService/STM32N6/STM32Cube_FW_N6/Drivers/STM32N6xx_HAL_Driver/Src/stm32n6xx_hal_i2c.c:541:19:HAL_I2C_Init	8	static
/home/lukasschoepf/Documents/ProjectWork_2/Projectwork2_Code/ST32N6AI/ModelZooService/STM32N6/STM32Cube_FW_N6/Drivers/STM32N6xx_HAL_Driver/Src/stm32n6xx_hal_i2c.c:718:13:HAL_I2C_MspDeInit	0	static
/home/lukasschoepf/Documents/ProjectWork_2/Projectwork2_Code/ST32N6AI/ModelZooService/STM32N6/STM32Cube_FW_N6/Drivers/STM32N6xx_HAL_Driver/Src/stm32n6xx_hal_i2c.c:656:19:HAL_I2C_DeInit	8	static
/home/lukasschoepf/Documents/ProjectWork_2/Projectwork2_Code/ST32N6AI/ModelZooService/STM32N6/STM32Cube_FW_N6/Drivers/STM32N6xx_HAL_Driver/Src/stm32n6xx_hal_i2c.c:1125:19:HAL_I2C_Master_Transmit	40	static
/home/lukasschoepf/Documents/ProjectWork_2/Projectwork2_Code/ST32N6AI/ModelZooService/STM32N6/STM32Cube_FW_N6/Drivers/STM32N6xx_HAL_Driver/Src/stm32n6xx_hal_i2c.c:1244:19:HAL_I2C_Master_Receive	40	static
/home/lukasschoepf/Documents/ProjectWork_2/Projectwork2_Code/ST32N6AI/ModelZooService/STM32N6/STM32Cube_FW_N6/Drivers/STM32N6xx_HAL_Driver/Src/stm32n6xx_hal_i2c.c:1362:19:HAL_I2C_Slave_Transmit	40	static
/home/lukasschoepf/Documents/ProjectWork_2/Projectwork2_Code/ST32N6AI/ModelZooService/STM32N6/STM32Cube_FW_N6/Drivers/STM32N6xx_HAL_Driver/Src/stm32n6xx_hal_i2c.c:1549:19:HAL_I2C_Slave_Receive	40	static
/home/lukasschoepf/Documents/ProjectWork_2/Projectwork2_Code/ST32N6AI/ModelZooService/STM32N6/STM32Cube_FW_N6/Drivers/STM32N6xx_HAL_Driver/Src/stm32n6xx_hal_i2c.c:1679:19:HAL_I2C_Master_Transmit_IT	24	static
/home/lukasschoepf/Documents/ProjectWork_2/Projectwork2_Code/ST32N6AI/ModelZooService/STM32N6/STM32Cube_FW_N6/Drivers/STM32N6xx_HAL_Driver/Src/stm32n6xx_hal_i2c.c:1750:19:HAL_I2C_Master_Receive_IT	24	static
/home/lukasschoepf/Documents/ProjectWork_2/Projectwork2_Code/ST32N6AI/ModelZooService/STM32N6/STM32Cube_FW_N6/Drivers/STM32N6xx_HAL_Driver/Src/stm32n6xx_hal_i2c.c:1819:19:HAL_I2C_Slave_Transmit_IT	8	static
/home/lukasschoepf/Documents/ProjectWork_2/Projectwork2_Code/ST32N6AI/ModelZooService/STM32N6/STM32Cube_FW_N6/Drivers/STM32N6xx_HAL_Driver/Src/stm32n6xx_hal_i2c.c:1883:19:HAL_I2C_Slave_Receive_IT	16	static
/home/lukasschoepf/Documents/ProjectWork_2/Projectwork2_Code/ST32N6AI/ModelZooService/STM32N6/STM32Cube_FW_N6/Drivers/STM32N6xx_HAL_Driver/Src/stm32n6xx_hal_i2c.c:1936:19:HAL_I2C_Master_Transmit_DMA	32	static
/home/lukasschoepf/Documents/ProjectWork_2/Projectwork2_Code/ST32N6AI/ModelZooService/STM32N6/STM32Cube_FW_N6/Drivers/STM32N6xx_HAL_Driver/Src/stm32n6xx_hal_i2c.c:2117:19:HAL_I2C_Master_Receive_DMA	32	static
/home/lukasschoepf/Documents/ProjectWork_2/Projectwork2_Code/ST32N6AI/ModelZooService/STM32N6/STM32Cube_FW_N6/Drivers/STM32N6xx_HAL_Driver/Src/stm32n6xx_hal_i2c.c:2296:19:HAL_I2C_Slave_Transmit_DMA	16	static
/home/lukasschoepf/Documents/ProjectWork_2/Projectwork2_Code/ST32N6AI/ModelZooService/STM32N6/STM32Cube_FW_N6/Drivers/STM32N6xx_HAL_Driver/Src/stm32n6xx_hal_i2c.c:2466:19:HAL_I2C_Slave_Receive_DMA	16	static
/home/lukasschoepf/Documents/ProjectWork_2/Projectwork2_Code/ST32N6AI/ModelZooService/STM32N6/STM32Cube_FW_N6/Drivers/STM32N6xx_HAL_Driver/Src/stm32n6xx_hal_i2c.c:2610:19:HAL_I2C_Mem_Write	48	static
/home/lukasschoepf/Documents/ProjectWork_2/Projectwork2_Code/ST32N6AI/ModelZooService/STM32N6/STM32Cube_FW_N6/Drivers/STM32N6xx_HAL_Driver/Src/stm32n6xx_hal_i2c.c:2747:19:HAL_I2C_Mem_Read	48	static
/home/lukasschoepf/Documents/ProjectWork_2/Projectwork2_Code/ST32N6AI/ModelZooService/STM32N6/STM32Cube_FW_N6/Drivers/STM32N6xx_HAL_Driver/Src/stm32n6xx_hal_i2c.c:2884:19:HAL_I2C_Mem_Write_IT	40	static
/home/lukasschoepf/Documents/ProjectWork_2/Projectwork2_Code/ST32N6AI/ModelZooService/STM32N6/STM32Cube_FW_N6/Drivers/STM32N6xx_HAL_Driver/Src/stm32n6xx_hal_i2c.c:2972:19:HAL_I2C_Mem_Read_IT	40	static
/home/lukasschoepf/Documents/ProjectWork_2/Projectwork2_Code/ST32N6AI/ModelZooService/STM32N6/STM32Cube_FW_N6/Drivers/STM32N6xx_HAL_Driver/Src/stm32n6xx_hal_i2c.c:3060:19:HAL_I2C_Mem_Write_DMA	40	static
/home/lukasschoepf/Documents/ProjectWork_2/Projectwork2_Code/ST32N6AI/ModelZooService/STM32N6/STM32Cube_FW_N6/Drivers/STM32N6xx_HAL_Driver/Src/stm32n6xx_hal_i2c.c:3240:19:HAL_I2C_Mem_Read_DMA	40	static
/home/lukasschoepf/Documents/ProjectWork_2/Projectwork2_Code/ST32N6AI/ModelZooService/STM32N6/STM32Cube_FW_N6/Drivers/STM32N6xx_HAL_Driver/Src/stm32n6xx_hal_i2c.c:3420:19:HAL_I2C_IsDeviceReady	48	static
/home/lukasschoepf/Documents/ProjectWork_2/Projectwork2_Code/ST32N6AI/ModelZooService/STM32N6/STM32Cube_FW_N6/Drivers/STM32N6xx_HAL_Driver/Src/stm32n6xx_hal_i2c.c:3575:19:HAL_I2C_Master_Seq_Transmit_IT	32	static
/home/lukasschoepf/Documents/ProjectWork_2/Projectwork2_Code/ST32N6AI/ModelZooService/STM32N6/STM32Cube_FW_N6/Drivers/STM32N6xx_HAL_Driver/Src/stm32n6xx_hal_i2c.c:3667:19:HAL_I2C_Master_Seq_Transmit_DMA	40	static
/home/lukasschoepf/Documents/ProjectWork_2/Projectwork2_Code/ST32N6AI/ModelZooService/STM32N6/STM32Cube_FW_N6/Drivers/STM32N6xx_HAL_Driver/Src/stm32n6xx_hal_i2c.c:3870:19:HAL_I2C_Master_Seq_Receive_IT	32	static
/home/lukasschoepf/Documents/ProjectWork_2/Projectwork2_Code/ST32N6AI/ModelZooService/STM32N6/STM32Cube_FW_N6/Drivers/STM32N6xx_HAL_Driver/Src/stm32n6xx_hal_i2c.c:3958:19:HAL_I2C_Master_Seq_Receive_DMA	40	static
/home/lukasschoepf/Documents/ProjectWork_2/Projectwork2_Code/ST32N6AI/ModelZooService/STM32N6/STM32Cube_FW_N6/Drivers/STM32N6xx_HAL_Driver/Src/stm32n6xx_hal_i2c.c:4158:19:HAL_I2C_Slave_Seq_Transmit_IT	24	static
/home/lukasschoepf/Documents/ProjectWork_2/Projectwork2_Code/ST32N6AI/ModelZooService/STM32N6/STM32Cube_FW_N6/Drivers/STM32N6xx_HAL_Driver/Src/stm32n6xx_hal_i2c.c:4261:19:HAL_I2C_Slave_Seq_Transmit_DMA	24	static
/home/lukasschoepf/Documents/ProjectWork_2/Projectwork2_Code/ST32N6AI/ModelZooService/STM32N6/STM32Cube_FW_N6/Drivers/STM32N6xx_HAL_Driver/Src/stm32n6xx_hal_i2c.c:4480:19:HAL_I2C_Slave_Seq_Receive_IT	24	static
/home/lukasschoepf/Documents/ProjectWork_2/Projectwork2_Code/ST32N6AI/ModelZooService/STM32N6/STM32Cube_FW_N6/Drivers/STM32N6xx_HAL_Driver/Src/stm32n6xx_hal_i2c.c:4583:19:HAL_I2C_Slave_Seq_Receive_DMA	24	static
/home/lukasschoepf/Documents/ProjectWork_2/Projectwork2_Code/ST32N6AI/ModelZooService/STM32N6/STM32Cube_FW_N6/Drivers/STM32N6xx_HAL_Driver/Src/stm32n6xx_hal_i2c.c:4798:19:HAL_I2C_EnableListen_IT	8	static
/home/lukasschoepf/Documents/ProjectWork_2/Projectwork2_Code/ST32N6AI/ModelZooService/STM32N6/STM32Cube_FW_N6/Drivers/STM32N6xx_HAL_Driver/Src/stm32n6xx_hal_i2c.c:4822:19:HAL_I2C_DisableListen_IT	8	static
/home/lukasschoepf/Documents/ProjectWork_2/Projectwork2_Code/ST32N6AI/ModelZooService/STM32N6/STM32Cube_FW_N6/Drivers/STM32N6xx_HAL_Driver/Src/stm32n6xx_hal_i2c.c:4855:19:HAL_I2C_Master_Abort_IT	24	static
/home/lukasschoepf/Documents/ProjectWork_2/Projectwork2_Code/ST32N6AI/ModelZooService/STM32N6/STM32Cube_FW_N6/Drivers/STM32N6xx_HAL_Driver/Src/stm32n6xx_hal_i2c.c:4919:6:HAL_I2C_EV_IRQHandler	0	static
/home/lukasschoepf/Documents/ProjectWork_2/Projectwork2_Code/ST32N6AI/ModelZooService/STM32N6/STM32Cube_FW_N6/Drivers/STM32N6xx_HAL_Driver/Src/stm32n6xx_hal_i2c.c:4990:13:HAL_I2C_MasterTxCpltCallback	0	static
/home/lukasschoepf/Documents/ProjectWork_2/Projectwork2_Code/ST32N6AI/ModelZooService/STM32N6/STM32Cube_FW_N6/Drivers/STM32N6xx_HAL_Driver/Src/stm32n6xx_hal_i2c.c:5006:13:HAL_I2C_MasterRxCpltCallback	0	static
/home/lukasschoepf/Documents/ProjectWork_2/Projectwork2_Code/ST32N6AI/ModelZooService/STM32N6/STM32Cube_FW_N6/Drivers/STM32N6xx_HAL_Driver/Src/stm32n6xx_hal_i2c.c:6282:13:I2C_ITMasterSeqCplt	16	static
/home/lukasschoepf/Documents/ProjectWork_2/Projectwork2_Code/ST32N6AI/ModelZooService/STM32N6/STM32Cube_FW_N6/Drivers/STM32N6xx_HAL_Driver/Src/stm32n6xx_hal_i2c.c:5021:13:HAL_I2C_SlaveTxCpltCallback	0	static
/home/lukasschoepf/Documents/ProjectWork_2/Projectwork2_Code/ST32N6AI/ModelZooService/STM32N6/STM32Cube_FW_N6/Drivers/STM32N6xx_HAL_Driver/Src/stm32n6xx_hal_i2c.c:5037:13:HAL_I2C_SlaveRxCpltCallback	0	static
/home/lukasschoepf/Documents/ProjectWork_2/Projectwork2_Code/ST32N6AI/ModelZooService/STM32N6/STM32Cube_FW_N6/Drivers/STM32N6xx_HAL_Driver/Src/stm32n6xx_hal_i2c.c:6335:13:I2C_ITSlaveSeqCplt	8	static
/home/lukasschoepf/Documents/ProjectWork_2/Projectwork2_Code/ST32N6AI/ModelZooService/STM32N6/STM32Cube_FW_N6/Drivers/STM32N6xx_HAL_Driver/Src/stm32n6xx_hal_i2c.c:7096:13:I2C_DMASlaveTransmitCplt	0	static
/home/lukasschoepf/Documents/ProjectWork_2/Projectwork2_Code/ST32N6AI/ModelZooService/STM32N6/STM32Cube_FW_N6/Drivers/STM32N6xx_HAL_Driver/Src/stm32n6xx_hal_i2c.c:7203:13:I2C_DMASlaveReceiveCplt	16	static
/home/lukasschoepf/Documents/ProjectWork_2/Projectwork2_Code/ST32N6AI/ModelZooService/STM32N6/STM32Cube_FW_N6/Drivers/STM32N6xx_HAL_Driver/Src/stm32n6xx_hal_i2c.c:5055:13:HAL_I2C_AddrCallback	0	static
/home/lukasschoepf/Documents/ProjectWork_2/Projectwork2_Code/ST32N6AI/ModelZooService/STM32N6/STM32Cube_FW_N6/Drivers/STM32N6xx_HAL_Driver/Src/stm32n6xx_hal_i2c.c:6187:13:I2C_ITAddrCplt.constprop	24	static
/home/lukasschoepf/Documents/ProjectWork_2/Projectwork2_Code/ST32N6AI/ModelZooService/STM32N6/STM32Cube_FW_N6/Drivers/STM32N6xx_HAL_Driver/Src/stm32n6xx_hal_i2c.c:5073:13:HAL_I2C_ListenCpltCallback	0	static
/home/lukasschoepf/Documents/ProjectWork_2/Projectwork2_Code/ST32N6AI/ModelZooService/STM32N6/STM32Cube_FW_N6/Drivers/STM32N6xx_HAL_Driver/Src/stm32n6xx_hal_i2c.c:6772:13:I2C_ITListenCplt	8	static
/home/lukasschoepf/Documents/ProjectWork_2/Projectwork2_Code/ST32N6AI/ModelZooService/STM32N6/STM32Cube_FW_N6/Drivers/STM32N6xx_HAL_Driver/Src/stm32n6xx_hal_i2c.c:5089:13:HAL_I2C_MemTxCpltCallback	0	static
/home/lukasschoepf/Documents/ProjectWork_2/Projectwork2_Code/ST32N6AI/ModelZooService/STM32N6/STM32Cube_FW_N6/Drivers/STM32N6xx_HAL_Driver/Src/stm32n6xx_hal_i2c.c:5105:13:HAL_I2C_MemRxCpltCallback	0	static
/home/lukasschoepf/Documents/ProjectWork_2/Projectwork2_Code/ST32N6AI/ModelZooService/STM32N6/STM32Cube_FW_N6/Drivers/STM32N6xx_HAL_Driver/Src/stm32n6xx_hal_i2c.c:5121:13:HAL_I2C_ErrorCallback	0	static
/home/lukasschoepf/Documents/ProjectWork_2/Projectwork2_Code/ST32N6AI/ModelZooService/STM32N6/STM32Cube_FW_N6/Drivers/STM32N6xx_HAL_Driver/Src/stm32n6xx_hal_i2c.c:5137:13:HAL_I2C_AbortCpltCallback	0	static
/home/lukasschoepf/Documents/ProjectWork_2/Projectwork2_Code/ST32N6AI/ModelZooService/STM32N6/STM32Cube_FW_N6/Drivers/STM32N6xx_HAL_Driver/Src/stm32n6xx_hal_i2c.c:6958:13:I2C_TreatErrorCallback	8	static
/home/lukasschoepf/Documents/ProjectWork_2/Projectwork2_Code/ST32N6AI/ModelZooService/STM32N6/STM32Cube_FW_N6/Drivers/STM32N6xx_HAL_Driver/Src/stm32n6xx_hal_i2c.c:6823:13:I2C_ITError	16	static
/home/lukasschoepf/Documents/ProjectWork_2/Projectwork2_Code/ST32N6AI/ModelZooService/STM32N6/STM32Cube_FW_N6/Drivers/STM32N6xx_HAL_Driver/Src/stm32n6xx_hal_i2c.c:6411:13:I2C_ITMasterCplt	24	static
/home/lukasschoepf/Documents/ProjectWork_2/Projectwork2_Code/ST32N6AI/ModelZooService/STM32N6/STM32Cube_FW_N6/Drivers/STM32N6xx_HAL_Driver/Src/stm32n6xx_hal_i2c.c:5220:26:I2C_Master_ISR_IT	24	static
/home/lukasschoepf/Documents/ProjectWork_2/Projectwork2_Code/ST32N6AI/ModelZooService/STM32N6/STM32Cube_FW_N6/Drivers/STM32N6xx_HAL_Driver/Src/stm32n6xx_hal_i2c.c:5790:26:I2C_Mem_ISR_DMA	16	static
/home/lukasschoepf/Documents/ProjectWork_2/Projectwork2_Code/ST32N6AI/ModelZooService/STM32N6/STM32Cube_FW_N6/Drivers/STM32N6xx_HAL_Driver/Src/stm32n6xx_hal_i2c.c:5650:26:I2C_Master_ISR_DMA	16	static
/home/lukasschoepf/Documents/ProjectWork_2/Projectwork2_Code/ST32N6AI/ModelZooService/STM32N6/STM32Cube_FW_N6/Drivers/STM32N6xx_HAL_Driver/Src/stm32n6xx_hal_i2c.c:7232:13:I2C_DMAError	0	static
/home/lukasschoepf/Documents/ProjectWork_2/Projectwork2_Code/ST32N6AI/ModelZooService/STM32N6/STM32Cube_FW_N6/Drivers/STM32N6xx_HAL_Driver/Src/stm32n6xx_hal_i2c.c:7018:13:I2C_DMAMasterTransmitCplt	16	static
/home/lukasschoepf/Documents/ProjectWork_2/Projectwork2_Code/ST32N6AI/ModelZooService/STM32N6/STM32Cube_FW_N6/Drivers/STM32N6xx_HAL_Driver/Src/stm32n6xx_hal_i2c.c:7125:13:I2C_DMAMasterReceiveCplt	16	static
/home/lukasschoepf/Documents/ProjectWork_2/Projectwork2_Code/ST32N6AI/ModelZooService/STM32N6/STM32Cube_FW_N6/Drivers/STM32N6xx_HAL_Driver/Src/stm32n6xx_hal_i2c.c:5366:26:I2C_Mem_ISR_IT	24	static
/home/lukasschoepf/Documents/ProjectWork_2/Projectwork2_Code/ST32N6AI/ModelZooService/STM32N6/STM32Cube_FW_N6/Drivers/STM32N6xx_HAL_Driver/Src/stm32n6xx_hal_i2c.c:4938:6:HAL_I2C_ER_IRQHandler	4	static
/home/lukasschoepf/Documents/ProjectWork_2/Projectwork2_Code/ST32N6AI/ModelZooService/STM32N6/STM32Cube_FW_N6/Drivers/STM32N6xx_HAL_Driver/Src/stm32n6xx_hal_i2c.c:6554:13:I2C_ITSlaveCplt.constprop	24	static
/home/lukasschoepf/Documents/ProjectWork_2/Projectwork2_Code/ST32N6AI/ModelZooService/STM32N6/STM32Cube_FW_N6/Drivers/STM32N6xx_HAL_Driver/Src/stm32n6xx_hal_i2c.c:5938:26:I2C_Slave_ISR_DMA	24	static
/home/lukasschoepf/Documents/ProjectWork_2/Projectwork2_Code/ST32N6AI/ModelZooService/STM32N6/STM32Cube_FW_N6/Drivers/STM32N6xx_HAL_Driver/Src/stm32n6xx_hal_i2c.c:5509:26:I2C_Slave_ISR_IT	16	static
/home/lukasschoepf/Documents/ProjectWork_2/Projectwork2_Code/ST32N6AI/ModelZooService/STM32N6/STM32Cube_FW_N6/Drivers/STM32N6xx_HAL_Driver/Src/stm32n6xx_hal_i2c.c:7251:13:I2C_DMAAbort	0	static
/home/lukasschoepf/Documents/ProjectWork_2/Projectwork2_Code/ST32N6AI/ModelZooService/STM32N6/STM32Cube_FW_N6/Drivers/STM32N6xx_HAL_Driver/Src/stm32n6xx_hal_i2c.c:5172:22:HAL_I2C_GetState	0	static
/home/lukasschoepf/Documents/ProjectWork_2/Projectwork2_Code/ST32N6AI/ModelZooService/STM32N6/STM32Cube_FW_N6/Drivers/STM32N6xx_HAL_Driver/Src/stm32n6xx_hal_i2c.c:5184:21:HAL_I2C_GetMode	0	static
/home/lukasschoepf/Documents/ProjectWork_2/Projectwork2_Code/ST32N6AI/ModelZooService/STM32N6/STM32Cube_FW_N6/Drivers/STM32N6xx_HAL_Driver/Src/stm32n6xx_hal_i2c.c:5195:10:HAL_I2C_GetError	0	static
