/home/lukasschoepf/Documents/ProjectWork_2/Projectwork2_Code/ST32N6AI/MatMul/MatMulN6/STM32N6/Middlewares/Camera_Middleware/sensors/cmw_vd66gy.c:47:12:CMW_VD66GY_Read16	24	static
/home/lukasschoepf/Documents/ProjectWork_2/Projectwork2_Code/ST32N6AI/MatMul/MatMulN6/STM32N6/Middlewares/Camera_Middleware/sensors/cmw_vd66gy.c:90:13:VD6G_ShutdownPin	0	static
/home/lukasschoepf/Documents/ProjectWork_2/Projectwork2_Code/ST32N6AI/MatMul/MatMulN6/STM32N6/Middlewares/Camera_Middleware/sensors/cmw_vd66gy.c:97:12:VD6G_Read8	4	static
/home/lukasschoepf/Documents/ProjectWork_2/Projectwork2_Code/ST32N6AI/MatMul/MatMulN6/STM32N6/Middlewares/Camera_Middleware/sensors/cmw_vd66gy.c:104:12:VD6G_Read16	0	static
/home/lukasschoepf/Documents/ProjectWork_2/Projectwork2_Code/ST32N6AI/MatMul/MatMulN6/STM32N6/Middlewares/Camera_Middleware/sensors/cmw_vd66gy.c:111:12:VD6G_Read32	24	static
/home/lukasschoepf/Documents/ProjectWork_2/Projectwork2_Code/ST32N6AI/MatMul/MatMulN6/STM32N6/Middlewares/Camera_Middleware/sensors/cmw_vd66gy.c:118:12:VD6G_Write8	16	static
/home/lukasschoepf/Documents/ProjectWork_2/Projectwork2_Code/ST32N6AI/MatMul/MatMulN6/STM32N6/Middlewares/Camera_Middleware/sensors/cmw_vd66gy.c:125:12:VD6G_Write16	16	static
/home/lukasschoepf/Documents/ProjectWork_2/Projectwork2_Code/ST32N6AI/MatMul/MatMulN6/STM32N6/Middlewares/Camera_Middleware/sensors/cmw_vd66gy.c:132:12:VD6G_Write32	16	static
/home/lukasschoepf/Documents/ProjectWork_2/Projectwork2_Code/ST32N6AI/MatMul/MatMulN6/STM32N6/Middlewares/Camera_Middleware/sensors/cmw_vd66gy.c:139:12:VD6G_WriteArray	32	static
/home/lukasschoepf/Documents/ProjectWork_2/Projectwork2_Code/ST32N6AI/MatMul/MatMulN6/STM32N6/Middlewares/Camera_Middleware/sensors/cmw_vd66gy.c:159:13:VD6G_Delay	0	static
/home/lukasschoepf/Documents/ProjectWork_2/Projectwork2_Code/ST32N6AI/MatMul/MatMulN6/STM32N6/Middlewares/Camera_Middleware/sensors/cmw_vd66gy.c:166:13:VD6G_Log	0	static
/home/lukasschoepf/Documents/ProjectWork_2/Projectwork2_Code/ST32N6AI/MatMul/MatMulN6/STM32N6/Middlewares/Camera_Middleware/sensors/cmw_vd66gy.c:570:13:CMW_VD66GY_FrameEventCallback	0	static
/home/lukasschoepf/Documents/ProjectWork_2/Projectwork2_Code/ST32N6AI/MatMul/MatMulN6/STM32N6/Middlewares/Camera_Middleware/sensors/cmw_vd66gy.c:360:9:CMW_VD66GY_SetGain	72	static
/home/lukasschoepf/Documents/ProjectWork_2/Projectwork2_Code/ST32N6AI/MatMul/MatMulN6/STM32N6/Middlewares/Camera_Middleware/sensors/cmw_vd66gy.c:416:9:CMW_VD66GY_SetExposure	0	static
/home/lukasschoepf/Documents/ProjectWork_2/Projectwork2_Code/ST32N6AI/MatMul/MatMulN6/STM32N6/Middlewares/Camera_Middleware/sensors/cmw_vd66gy.c:427:9:CMW_VD66GY_SetExposureMode	8	static
/home/lukasschoepf/Documents/ProjectWork_2/Projectwork2_Code/ST32N6AI/MatMul/MatMulN6/STM32N6/Middlewares/Camera_Middleware/sensors/cmw_vd66gy.c:455:9:CMW_VD66GY_SetWBRefMode	8	static
/home/lukasschoepf/Documents/ProjectWork_2/Projectwork2_Code/ST32N6AI/MatMul/MatMulN6/STM32N6/Middlewares/Camera_Middleware/sensors/cmw_vd66gy.c:474:9:CMW_VD66GY_ListWBRefModes	8	static
/home/lukasschoepf/Documents/ProjectWork_2/Projectwork2_Code/ST32N6AI/MatMul/MatMulN6/STM32N6/Middlewares/Camera_Middleware/sensors/cmw_vd66gy.c:493:9:CMW_VD66GY_GetSensorInfo	56	static
/home/lukasschoepf/Documents/ProjectWork_2/Projectwork2_Code/ST32N6AI/MatMul/MatMulN6/STM32N6/Middlewares/Camera_Middleware/sensors/cmw_vd66gy.c:322:16:CMW_VD66GY_Stop	8	static
/home/lukasschoepf/Documents/ProjectWork_2/Projectwork2_Code/ST32N6AI/MatMul/MatMulN6/STM32N6/Middlewares/Camera_Middleware/sensors/cmw_vd66gy.c:280:16:CMW_VD66GY_Start	24	static
/home/lukasschoepf/Documents/ProjectWork_2/Projectwork2_Code/ST32N6AI/MatMul/MatMulN6/STM32N6/Middlewares/Camera_Middleware/sensors/cmw_vd66gy.c:334:16:CMW_VD66GY_DeInit	16	static
/home/lukasschoepf/Documents/ProjectWork_2/Projectwork2_Code/ST32N6AI/MatMul/MatMulN6/STM32N6/Middlewares/Camera_Middleware/sensors/cmw_vd66gy.c:309:16:CMW_VD66GY_Run	8	static
/home/lukasschoepf/Documents/ProjectWork_2/Projectwork2_Code/ST32N6AI/MatMul/MatMulN6/STM32N6/Middlewares/Camera_Middleware/sensors/cmw_vd66gy.c:231:16:CMW_VD66GY_Init	72	static
/home/lukasschoepf/Documents/ProjectWork_2/Projectwork2_Code/ST32N6AI/MatMul/MatMulN6/STM32N6/Middlewares/Camera_Middleware/sensors/cmw_vd66gy.c:550:13:CMW_VD66GY_VsyncEventCallback	8	static
/home/lukasschoepf/Documents/ProjectWork_2/Projectwork2_Code/ST32N6AI/MatMul/MatMulN6/STM32N6/Middlewares/Camera_Middleware/sensors/cmw_vd66gy.c:574:9:VD66GY_RegisterBusIO	0	static
/home/lukasschoepf/Documents/ProjectWork_2/Projectwork2_Code/ST32N6AI/MatMul/MatMulN6/STM32N6/Middlewares/Camera_Middleware/sensors/cmw_vd66gy.c:589:9:VD66GY_ReadID	16	static
/home/lukasschoepf/Documents/ProjectWork_2/Projectwork2_Code/ST32N6AI/MatMul/MatMulN6/STM32N6/Middlewares/Camera_Middleware/sensors/cmw_vd66gy.c:615:5:CMW_VD66GY_Probe	24	static
