../../../../Middlewares/AI_Runtime/Npu/ll_aton/ll_aton_caches_interface.h:80:22:LL_ATON_Cache_MCU_Invalidate_Range	16	static
/home/lukasschoepf/Documents/ProjectWork_2/Projectwork2_Code/ST32N6AI/MatMul/MatMulN6/STM32N6/Model/ownModels/simpleDense_quant/NetworkFiles/network.c:79:26:LL_ATON_Set_User_Input_Buffer_Default	24	static
/home/lukasschoepf/Documents/ProjectWork_2/Projectwork2_Code/ST32N6AI/MatMul/MatMulN6/STM32N6/Model/ownModels/simpleDense_quant/NetworkFiles/network.c:86:7:LL_ATON_Get_User_Input_Buffer_Default	16	static
/home/lukasschoepf/Documents/ProjectWork_2/Projectwork2_Code/ST32N6AI/MatMul/MatMulN6/STM32N6/Model/ownModels/simpleDense_quant/NetworkFiles/network.c:93:26:LL_ATON_Set_User_Output_Buffer_Default	24	static
/home/lukasschoepf/Documents/ProjectWork_2/Projectwork2_Code/ST32N6AI/MatMul/MatMulN6/STM32N6/Model/ownModels/simpleDense_quant/NetworkFiles/network.c:100:7:LL_ATON_Get_User_Output_Buffer_Default	16	static
/home/lukasschoepf/Documents/ProjectWork_2/Projectwork2_Code/ST32N6AI/MatMul/MatMulN6/STM32N6/Model/ownModels/simpleDense_quant/NetworkFiles/network_ecblobs.h:75:6:LL_ATON_EC_Network_Init_Default	4	static
/home/lukasschoepf/Documents/ProjectWork_2/Projectwork2_Code/ST32N6AI/MatMul/MatMulN6/STM32N6/Model/ownModels/simpleDense_quant/NetworkFiles/network_ecblobs.h:83:6:LL_ATON_EC_Inference_Init_Default	4	static
/home/lukasschoepf/Documents/ProjectWork_2/Projectwork2_Code/ST32N6AI/MatMul/MatMulN6/STM32N6/Model/ownModels/simpleDense_quant/NetworkFiles/network.c:114:13:_ec_blob_cache_start_func_1	16	static
/home/lukasschoepf/Documents/ProjectWork_2/Projectwork2_Code/ST32N6AI/MatMul/MatMulN6/STM32N6/Model/ownModels/simpleDense_quant/NetworkFiles/network.c:128:31:LL_ATON_EpochBlockItems_Default	4	static
/home/lukasschoepf/Documents/ProjectWork_2/Projectwork2_Code/ST32N6AI/MatMul/MatMulN6/STM32N6/Model/ownModels/simpleDense_quant/NetworkFiles/network.c:151:30:LL_ATON_Input_Buffers_Info_Default	4	static
/home/lukasschoepf/Documents/ProjectWork_2/Projectwork2_Code/ST32N6AI/MatMul/MatMulN6/STM32N6/Model/ownModels/simpleDense_quant/NetworkFiles/network.c:222:30:LL_ATON_Output_Buffers_Info_Default	4	static
/home/lukasschoepf/Documents/ProjectWork_2/Projectwork2_Code/ST32N6AI/MatMul/MatMulN6/STM32N6/Model/ownModels/simpleDense_quant/NetworkFiles/network.c:261:30:LL_ATON_Internal_Buffers_Info_Default	4	static
