/home/lukasschoepf/Documents/ProjectWork_2/Projectwork2_Code/ST32N6AI/image_classification/STM32N6/Middlewares/Camera_Middleware/sensors/cmw_imx335.c:291:13:CMW_IMX335_FrameEventCallback	0	static
/home/lukasschoepf/Documents/ProjectWork_2/Projectwork2_Code/ST32N6AI/image_classification/STM32N6/Middlewares/Camera_Middleware/sensors/cmw_imx335.c:110:9:CMW_IMX335_SetWBRefMode	8	static
/home/lukasschoepf/Documents/ProjectWork_2/Projectwork2_Code/ST32N6AI/image_classification/STM32N6/Middlewares/Camera_Middleware/sensors/cmw_imx335.c:129:9:CMW_IMX335_ListWBRefModes	8	static
/home/lukasschoepf/Documents/ProjectWork_2/Projectwork2_Code/ST32N6AI/image_classification/STM32N6/Middlewares/Camera_Middleware/sensors/cmw_imx335.c:88:16:CMW_IMX335_ReadID	0	static
/home/lukasschoepf/Documents/ProjectWork_2/Projectwork2_Code/ST32N6AI/image_classification/STM32N6/Middlewares/Camera_Middleware/sensors/cmw_imx335.c:192:16:CMW_IMX335_SetTestPattern	0	static
/home/lukasschoepf/Documents/ProjectWork_2/Projectwork2_Code/ST32N6AI/image_classification/STM32N6/Middlewares/Camera_Middleware/sensors/cmw_imx335.c:164:16:CMW_IMX335_GetSensorInfo	8	static
/home/lukasschoepf/Documents/ProjectWork_2/Projectwork2_Code/ST32N6AI/image_classification/STM32N6/Middlewares/Camera_Middleware/sensors/cmw_imx335.c:158:16:CMW_IMX335_SetMirrorFlip	0	static
/home/lukasschoepf/Documents/ProjectWork_2/Projectwork2_Code/ST32N6AI/image_classification/STM32N6/Middlewares/Camera_Middleware/sensors/cmw_imx335.c:147:16:CMW_IMX335_SetFramerate	40	static
/home/lukasschoepf/Documents/ProjectWork_2/Projectwork2_Code/ST32N6AI/image_classification/STM32N6/Middlewares/Camera_Middleware/sensors/cmw_imx335.c:142:16:CMW_IMX335_SetFrequency	0	static
/home/lukasschoepf/Documents/ProjectWork_2/Projectwork2_Code/ST32N6AI/image_classification/STM32N6/Middlewares/Camera_Middleware/sensors/cmw_imx335.c:98:16:CMW_IMX335_SetExposure	0	static
/home/lukasschoepf/Documents/ProjectWork_2/Projectwork2_Code/ST32N6AI/image_classification/STM32N6/Middlewares/Camera_Middleware/sensors/cmw_imx335.c:93:16:CMW_IMX335_SetGain	0	static
/home/lukasschoepf/Documents/ProjectWork_2/Projectwork2_Code/ST32N6AI/image_classification/STM32N6/Middlewares/Camera_Middleware/sensors/cmw_imx335.c:246:16:CMW_IMX335_Run	8	static
/home/lukasschoepf/Documents/ProjectWork_2/Projectwork2_Code/ST32N6AI/image_classification/STM32N6/Middlewares/Camera_Middleware/sensors/cmw_imx335.c:71:16:CMW_IMX335_DeInit	8	static
/home/lukasschoepf/Documents/ProjectWork_2/Projectwork2_Code/ST32N6AI/image_classification/STM32N6/Middlewares/Camera_Middleware/sensors/cmw_imx335.c:223:16:CMW_IMX335_Start	24	static
/home/lukasschoepf/Documents/ProjectWork_2/Projectwork2_Code/ST32N6AI/image_classification/STM32N6/Middlewares/Camera_Middleware/sensors/cmw_imx335.c:197:16:CMW_IMX335_Init	16	static
/home/lukasschoepf/Documents/ProjectWork_2/Projectwork2_Code/ST32N6AI/image_classification/STM32N6/Middlewares/Camera_Middleware/sensors/cmw_imx335.c:271:13:CMW_IMX335_VsyncEventCallback	8	static
/home/lukasschoepf/Documents/ProjectWork_2/Projectwork2_Code/ST32N6AI/image_classification/STM32N6/Middlewares/Camera_Middleware/sensors/cmw_imx335.c:295:5:CMW_IMX335_Probe	24	static
