/home/lukasschoepf/Documents/ProjectWork_2/Projectwork2_Code/ST32N6AI/image_classification/STM32N6/Middlewares/Camera_Middleware/sensors/cmw_vd55g1.c:55:12:CMW_VD55G1_Read32	24	static
/home/lukasschoepf/Documents/ProjectWork_2/Projectwork2_Code/ST32N6AI/image_classification/STM32N6/Middlewares/Camera_Middleware/sensors/cmw_vd55g1.c:84:13:VD55G1_ShutdownPin	0	static
/home/lukasschoepf/Documents/ProjectWork_2/Projectwork2_Code/ST32N6AI/image_classification/STM32N6/Middlewares/Camera_Middleware/sensors/cmw_vd55g1.c:91:12:VD55G1_Read8	4	static
/home/lukasschoepf/Documents/ProjectWork_2/Projectwork2_Code/ST32N6AI/image_classification/STM32N6/Middlewares/Camera_Middleware/sensors/cmw_vd55g1.c:98:12:VD55G1_Read16	24	static
/home/lukasschoepf/Documents/ProjectWork_2/Projectwork2_Code/ST32N6AI/image_classification/STM32N6/Middlewares/Camera_Middleware/sensors/cmw_vd55g1.c:105:12:VD55G1_Read32	0	static
/home/lukasschoepf/Documents/ProjectWork_2/Projectwork2_Code/ST32N6AI/image_classification/STM32N6/Middlewares/Camera_Middleware/sensors/cmw_vd55g1.c:112:12:VD55G1_Write8	16	static
/home/lukasschoepf/Documents/ProjectWork_2/Projectwork2_Code/ST32N6AI/image_classification/STM32N6/Middlewares/Camera_Middleware/sensors/cmw_vd55g1.c:119:12:VD55G1_Write16	16	static
/home/lukasschoepf/Documents/ProjectWork_2/Projectwork2_Code/ST32N6AI/image_classification/STM32N6/Middlewares/Camera_Middleware/sensors/cmw_vd55g1.c:126:12:VD55G1_Write32	16	static
/home/lukasschoepf/Documents/ProjectWork_2/Projectwork2_Code/ST32N6AI/image_classification/STM32N6/Middlewares/Camera_Middleware/sensors/cmw_vd55g1.c:133:12:VD55G1_WriteArray	32	static
/home/lukasschoepf/Documents/ProjectWork_2/Projectwork2_Code/ST32N6AI/image_classification/STM32N6/Middlewares/Camera_Middleware/sensors/cmw_vd55g1.c:153:13:VD55G1_Delay	0	static
/home/lukasschoepf/Documents/ProjectWork_2/Projectwork2_Code/ST32N6AI/image_classification/STM32N6/Middlewares/Camera_Middleware/sensors/cmw_vd55g1.c:160:13:VD55G1_Log	0	static
/home/lukasschoepf/Documents/ProjectWork_2/Projectwork2_Code/ST32N6AI/image_classification/STM32N6/Middlewares/Camera_Middleware/sensors/cmw_vd55g1.c:178:16:CMW_VD55G1_GetSensorInfo	0	static
/home/lukasschoepf/Documents/ProjectWork_2/Projectwork2_Code/ST32N6AI/image_classification/STM32N6/Middlewares/Camera_Middleware/sensors/cmw_vd55g1.c:325:16:CMW_VD55G1_MirrorFlipConfig	0	static
/home/lukasschoepf/Documents/ProjectWork_2/Projectwork2_Code/ST32N6AI/image_classification/STM32N6/Middlewares/Camera_Middleware/sensors/cmw_vd55g1.c:293:16:CMW_VD55G1_Stop	8	static
/home/lukasschoepf/Documents/ProjectWork_2/Projectwork2_Code/ST32N6AI/image_classification/STM32N6/Middlewares/Camera_Middleware/sensors/cmw_vd55g1.c:282:16:CMW_VD55G1_Start	8	static
/home/lukasschoepf/Documents/ProjectWork_2/Projectwork2_Code/ST32N6AI/image_classification/STM32N6/Middlewares/Camera_Middleware/sensors/cmw_vd55g1.c:305:16:CMW_VD55G1_DeInit	16	static
/home/lukasschoepf/Documents/ProjectWork_2/Projectwork2_Code/ST32N6AI/image_classification/STM32N6/Middlewares/Camera_Middleware/sensors/cmw_vd55g1.c:241:16:CMW_VD55G1_Init	72	static
/home/lukasschoepf/Documents/ProjectWork_2/Projectwork2_Code/ST32N6AI/image_classification/STM32N6/Middlewares/Camera_Middleware/sensors/cmw_vd55g1.c:389:5:CMW_VD55G1_Probe	24	static
