/home/lukasschoepf/Documents/ProjectWork_2/Projectwork2_Code/ST32N6AI/image_classification/STM32N6/Middlewares/Camera_Middleware/ISP_Library/isp/Src/isp_algo.c:171:19:ISP_Algo_BadPixel_Init	16	static
/home/lukasschoepf/Documents/ProjectWork_2/Projectwork2_Code/ST32N6AI/image_classification/STM32N6/Middlewares/Camera_Middleware/ISP_Library/isp/Src/isp_algo.c:187:19:ISP_Algo_BadPixel_DeInit	16	static
/home/lukasschoepf/Documents/ProjectWork_2/Projectwork2_Code/ST32N6AI/image_classification/STM32N6/Middlewares/Camera_Middleware/ISP_Library/isp/Src/isp_algo.c:202:19:ISP_Algo_BadPixel_Process	40	static
/home/lukasschoepf/Documents/ProjectWork_2/Projectwork2_Code/ST32N6AI/image_classification/STM32N6/Middlewares/Camera_Middleware/ISP_Library/isp/Src/isp_algo.c:272:13:log_cb	16	static
/home/lukasschoepf/Documents/ProjectWork_2/Projectwork2_Code/ST32N6AI/image_classification/STM32N6/Middlewares/Camera_Middleware/ISP_Library/isp/Src/isp_algo.c:287:19:ISP_Algo_AEC_Init	40	static
/home/lukasschoepf/Documents/ProjectWork_2/Projectwork2_Code/ST32N6AI/image_classification/STM32N6/Middlewares/Camera_Middleware/ISP_Library/isp/Src/isp_algo.c:365:19:ISP_Algo_AEC_DeInit	16	static
/home/lukasschoepf/Documents/ProjectWork_2/Projectwork2_Code/ST32N6AI/image_classification/STM32N6/Middlewares/Camera_Middleware/ISP_Library/isp/Src/isp_algo.c:383:19:ISP_Algo_AEC_StatCb	16	static
/home/lukasschoepf/Documents/ProjectWork_2/Projectwork2_Code/ST32N6AI/image_classification/STM32N6/Middlewares/Camera_Middleware/ISP_Library/isp/Src/isp_algo.c:399:19:ISP_Algo_AEC_Process	64	static
/home/lukasschoepf/Documents/ProjectWork_2/Projectwork2_Code/ST32N6AI/image_classification/STM32N6/Middlewares/Camera_Middleware/ISP_Library/isp/Src/isp_algo.c:529:8:ISP_Algo_ApplyGammaInverse	24	static
/home/lukasschoepf/Documents/ProjectWork_2/Projectwork2_Code/ST32N6AI/image_classification/STM32N6/Middlewares/Camera_Middleware/ISP_Library/isp/Src/isp_algo.c:550:6:ISP_Algo_GetUpStat	136	static
/home/lukasschoepf/Documents/ProjectWork_2/Projectwork2_Code/ST32N6AI/image_classification/STM32N6/Middlewares/Camera_Middleware/ISP_Library/isp/Src/isp_algo.c:596:6:ISP_Algo_ApplyCConv	352	static
/home/lukasschoepf/Documents/ProjectWork_2/Projectwork2_Code/ST32N6AI/image_classification/STM32N6/Middlewares/Camera_Middleware/ISP_Library/isp/Src/isp_algo.c:636:19:ISP_Algo_AWB_Init	24	static
/home/lukasschoepf/Documents/ProjectWork_2/Projectwork2_Code/ST32N6AI/image_classification/STM32N6/Middlewares/Camera_Middleware/ISP_Library/isp/Src/isp_algo.c:662:19:ISP_Algo_AWB_DeInit	16	static
/home/lukasschoepf/Documents/ProjectWork_2/Projectwork2_Code/ST32N6AI/image_classification/STM32N6/Middlewares/Camera_Middleware/ISP_Library/isp/Src/isp_algo.c:681:19:ISP_Algo_AWB_StatCb	16	static
/home/lukasschoepf/Documents/ProjectWork_2/Projectwork2_Code/ST32N6AI/image_classification/STM32N6/Middlewares/Camera_Middleware/ISP_Library/isp/Src/isp_algo.c:700:19:ISP_Algo_AWB_Process	232	static
/home/lukasschoepf/Documents/ProjectWork_2/Projectwork2_Code/ST32N6AI/image_classification/STM32N6/Middlewares/Camera_Middleware/ISP_Library/isp/Src/isp_algo.c:1223:19:ISP_Algo_Init	32	static
/home/lukasschoepf/Documents/ProjectWork_2/Projectwork2_Code/ST32N6AI/image_classification/STM32N6/Middlewares/Camera_Middleware/ISP_Library/isp/Src/isp_algo.c:1253:19:ISP_Algo_DeInit	32	static
/home/lukasschoepf/Documents/ProjectWork_2/Projectwork2_Code/ST32N6AI/image_classification/STM32N6/Middlewares/Camera_Middleware/ISP_Library/isp/Src/isp_algo.c:1281:19:ISP_Algo_Process	32	static
