/home/lukasschoepf/Documents/ProjectWork_2/Projectwork2_Code/ST32N6AI/image_classification/STM32N6/Middlewares/Camera_Middleware/ISP_Library/isp/Src/isp_core.c:51:19:ISP_Init	40	static
/home/lukasschoepf/Documents/ProjectWork_2/Projectwork2_Code/ST32N6AI/image_classification/STM32N6/Middlewares/Camera_Middleware/ISP_Library/isp/Src/isp_core.c:167:19:ISP_DeInit	24	static
/home/lukasschoepf/Documents/ProjectWork_2/Projectwork2_Code/ST32N6AI/image_classification/STM32N6/Middlewares/Camera_Middleware/ISP_Library/isp/Src/isp_core.c:195:19:ISP_Start	24	static
/home/lukasschoepf/Documents/ProjectWork_2/Projectwork2_Code/ST32N6AI/image_classification/STM32N6/Middlewares/Camera_Middleware/ISP_Library/isp/Src/isp_core.c:317:19:ISP_BackgroundProcess	24	static
/home/lukasschoepf/Documents/ProjectWork_2/Projectwork2_Code/ST32N6AI/image_classification/STM32N6/Middlewares/Camera_Middleware/ISP_Library/isp/Src/isp_core.c:368:19:ISP_SetExposureTarget	24	static
/home/lukasschoepf/Documents/ProjectWork_2/Projectwork2_Code/ST32N6AI/image_classification/STM32N6/Middlewares/Camera_Middleware/ISP_Library/isp/Src/isp_core.c:386:19:ISP_GetExposureTarget	32	static
/home/lukasschoepf/Documents/ProjectWork_2/Projectwork2_Code/ST32N6AI/image_classification/STM32N6/Middlewares/Camera_Middleware/ISP_Library/isp/Src/isp_core.c:404:19:ISP_SetAECState	24	static
/home/lukasschoepf/Documents/ProjectWork_2/Projectwork2_Code/ST32N6AI/image_classification/STM32N6/Middlewares/Camera_Middleware/ISP_Library/isp/Src/isp_core.c:421:19:ISP_GetAECState	24	static
/home/lukasschoepf/Documents/ProjectWork_2/Projectwork2_Code/ST32N6AI/image_classification/STM32N6/Middlewares/Camera_Middleware/ISP_Library/isp/Src/isp_core.c:438:19:ISP_ListWBRefModes	24	static
/home/lukasschoepf/Documents/ProjectWork_2/Projectwork2_Code/ST32N6AI/image_classification/STM32N6/Middlewares/Camera_Middleware/ISP_Library/isp/Src/isp_core.c:458:19:ISP_SetWBRefMode	96	static
/home/lukasschoepf/Documents/ProjectWork_2/Projectwork2_Code/ST32N6AI/image_classification/STM32N6/Middlewares/Camera_Middleware/ISP_Library/isp/Src/isp_core.c:531:19:ISP_GetWBRefMode	32	static
/home/lukasschoepf/Documents/ProjectWork_2/Projectwork2_Code/ST32N6AI/image_classification/STM32N6/Middlewares/Camera_Middleware/ISP_Library/isp/Src/isp_core.c:552:19:ISP_GetDecimationFactor	16	static
/home/lukasschoepf/Documents/ProjectWork_2/Projectwork2_Code/ST32N6AI/image_classification/STM32N6/Middlewares/Camera_Middleware/ISP_Library/isp/Src/isp_core.c:564:19:ISP_SetStatArea	16	static
/home/lukasschoepf/Documents/ProjectWork_2/Projectwork2_Code/ST32N6AI/image_classification/STM32N6/Middlewares/Camera_Middleware/ISP_Library/isp/Src/isp_core.c:576:19:ISP_GetStatArea	16	static
/home/lukasschoepf/Documents/ProjectWork_2/Projectwork2_Code/ST32N6AI/image_classification/STM32N6/Middlewares/Camera_Middleware/ISP_Library/isp/Src/isp_core.c:587:6:ISP_GatherStatistics	16	static
/home/lukasschoepf/Documents/ProjectWork_2/Projectwork2_Code/ST32N6AI/image_classification/STM32N6/Middlewares/Camera_Middleware/ISP_Library/isp/Src/isp_core.c:598:6:ISP_IncMainFrameId	16	static
/home/lukasschoepf/Documents/ProjectWork_2/Projectwork2_Code/ST32N6AI/image_classification/STM32N6/Middlewares/Camera_Middleware/ISP_Library/isp/Src/isp_core.c:609:10:ISP_GetMainFrameId	16	static
/home/lukasschoepf/Documents/ProjectWork_2/Projectwork2_Code/ST32N6AI/image_classification/STM32N6/Middlewares/Camera_Middleware/ISP_Library/isp/Src/isp_core.c:620:6:ISP_IncAncillaryFrameId	16	static
/home/lukasschoepf/Documents/ProjectWork_2/Projectwork2_Code/ST32N6AI/image_classification/STM32N6/Middlewares/Camera_Middleware/ISP_Library/isp/Src/isp_core.c:631:10:ISP_GetAncillaryFrameId	16	static
/home/lukasschoepf/Documents/ProjectWork_2/Projectwork2_Code/ST32N6AI/image_classification/STM32N6/Middlewares/Camera_Middleware/ISP_Library/isp/Src/isp_core.c:642:6:ISP_IncDumpFrameId	16	static
/home/lukasschoepf/Documents/ProjectWork_2/Projectwork2_Code/ST32N6AI/image_classification/STM32N6/Middlewares/Camera_Middleware/ISP_Library/isp/Src/isp_core.c:653:10:ISP_GetDumpFrameId	16	static
/home/lukasschoepf/Documents/ProjectWork_2/Projectwork2_Code/ST32N6AI/image_classification/STM32N6/Middlewares/Camera_Middleware/ISP_Library/isp/Src/isp_core.c:664:6:ISP_OutputMeta	40	static
