/home/lukasschoepf/Documents/ProjectWork_2/Projectwork2_Code/ST32N6AI/image_classification/STM32N6/Middlewares/AI_Runtime/Npu/ll_aton/ll_aton_NN_interface.h:579:32:LL_Buffer_addr_start	0	static
/home/lukasschoepf/Documents/ProjectWork_2/Projectwork2_Code/ST32N6AI/image_classification/STM32N6/Middlewares/AI_Runtime/Npu/ll_aton/ll_aton_lib_sw_operators.c:371:13:__ll_aton_lib_split_aton_canonical	64	static
/home/lukasschoepf/Documents/ProjectWork_2/Projectwork2_Code/ST32N6AI/image_classification/STM32N6/Middlewares/AI_Runtime/Npu/ll_aton/ll_aton_lib_sw_operators.c:1337:13:__ll_aton_lib_pad_filling_sw	24	static
/home/lukasschoepf/Documents/ProjectWork_2/Projectwork2_Code/ST32N6AI/image_classification/STM32N6/Middlewares/AI_Runtime/Npu/ll_aton/ll_aton_lib_sw_operators.c:1729:12:__ll_aton_lib_pad_filling	8	static
/home/lukasschoepf/Documents/ProjectWork_2/Projectwork2_Code/ST32N6AI/image_classification/STM32N6/Middlewares/AI_Runtime/Npu/ll_aton/ll_aton_lib_sw_operators.c:121:23:__ll_aton_lib_is_in_slice	16	static
/home/lukasschoepf/Documents/ProjectWork_2/Projectwork2_Code/ST32N6AI/image_classification/STM32N6/Middlewares/AI_Runtime/Npu/ll_aton/ll_aton_lib_sw_operators.c:987:24:__ll_transp_get_inner_out_axis	8	static
/home/lukasschoepf/Documents/ProjectWork_2/Projectwork2_Code/ST32N6AI/image_classification/STM32N6/Middlewares/AI_Runtime/Npu/ll_aton/ll_aton_lib_sw_operators.c:1177:21:__ll_aton_lib_memset.isra	16	static
/home/lukasschoepf/Documents/ProjectWork_2/Projectwork2_Code/ST32N6AI/image_classification/STM32N6/Middlewares/AI_Runtime/Npu/ll_aton/ll_aton_lib_sw_operators.c:1607:13:__ll_aton_lib_pad_edge_sw	32	static
/home/lukasschoepf/Documents/ProjectWork_2/Projectwork2_Code/ST32N6AI/image_classification/STM32N6/Middlewares/AI_Runtime/Npu/ll_aton/ll_aton_lib_sw_operators.c:38:20:__ll_aton_lib_copy_element.isra	8	static
/home/lukasschoepf/Documents/ProjectWork_2/Projectwork2_Code/ST32N6AI/image_classification/STM32N6/Middlewares/AI_Runtime/Npu/ll_aton/ll_aton_lib_sw_operators.c:1212:20:__ll_aton_lib_reflect_inner_framing_sw.isra	56	static
/home/lukasschoepf/Documents/ProjectWork_2/Projectwork2_Code/ST32N6AI/image_classification/STM32N6/Middlewares/AI_Runtime/Npu/ll_aton/ll_aton_lib_sw_operators.c:1404:13:__ll_aton_lib_pad_reflect_sw	72	static
/home/lukasschoepf/Documents/ProjectWork_2/Projectwork2_Code/ST32N6AI/image_classification/STM32N6/Middlewares/AI_Runtime/Npu/ll_aton/ll_aton_lib_sw_operators.c:196:20:__ll_slice_copy_elem	32	static
/home/lukasschoepf/Documents/ProjectWork_2/Projectwork2_Code/ST32N6AI/image_classification/STM32N6/Middlewares/AI_Runtime/Npu/ll_aton/ll_aton_lib_sw_operators.c:1861:12:__ll_aton_lib_pad_framing_sw	8	static
/home/lukasschoepf/Documents/ProjectWork_2/Projectwork2_Code/ST32N6AI/image_classification/STM32N6/Middlewares/AI_Runtime/Npu/ll_aton/ll_aton_lib_sw_operators.c:900:13:__ll_aton_lib_transpose	48	static
/home/lukasschoepf/Documents/ProjectWork_2/Projectwork2_Code/ST32N6AI/image_classification/STM32N6/Middlewares/AI_Runtime/Npu/ll_aton/ll_aton_lib_sw_operators.c:213:13:__ll_aton_lib_slice	64	static
/home/lukasschoepf/Documents/ProjectWork_2/Projectwork2_Code/ST32N6AI/image_classification/STM32N6/Middlewares/AI_Runtime/Npu/ll_aton/ll_aton_lib_sw_operators.c:275:5:LL_ATON_LIB_Slice	48	static
/home/lukasschoepf/Documents/ProjectWork_2/Projectwork2_Code/ST32N6AI/image_classification/STM32N6/Middlewares/AI_Runtime/Npu/ll_aton/ll_aton_lib_sw_operators.c:513:5:LL_ATON_LIB_Split	112	static
/home/lukasschoepf/Documents/ProjectWork_2/Projectwork2_Code/ST32N6AI/image_classification/STM32N6/Middlewares/AI_Runtime/Npu/ll_aton/ll_aton_lib_sw_operators.c:641:5:LL_ATON_LIB_SW_SpaceToDepth	104	static
/home/lukasschoepf/Documents/ProjectWork_2/Projectwork2_Code/ST32N6AI/image_classification/STM32N6/Middlewares/AI_Runtime/Npu/ll_aton/ll_aton_lib_sw_operators.c:713:5:LL_ATON_LIB_SW_DepthToSpace	160	static
/home/lukasschoepf/Documents/ProjectWork_2/Projectwork2_Code/ST32N6AI/image_classification/STM32N6/Middlewares/AI_Runtime/Npu/ll_aton/ll_aton_lib_sw_operators.c:1043:5:LL_ATON_LIB_Transpose	120	static
/home/lukasschoepf/Documents/ProjectWork_2/Projectwork2_Code/ST32N6AI/image_classification/STM32N6/Middlewares/AI_Runtime/Npu/ll_aton/ll_aton_lib_sw_operators.c:1974:5:LL_ATON_LIB_Pad	136	static
