/home/lukasschoepf/Documents/ProjectWork_2/Projectwork2_Code/ST32N6AI/ModelZooService/STM32N6/Middlewares/AI_Runtime/Npu/ll_aton/ll_aton_NN_interface.h:574:32:LL_Buffer_addr_start	0	static
/home/lukasschoepf/Documents/ProjectWork_2/Projectwork2_Code/ST32N6AI/ModelZooService/STM32N6/Middlewares/AI_Runtime/Npu/ll_aton/ll_aton_lib.c:2289:12:floating_to_Q	0	static
/home/lukasschoepf/Documents/ProjectWork_2/Projectwork2_Code/ST32N6AI/ModelZooService/STM32N6/Middlewares/AI_Runtime/Npu/ll_aton/ll_aton_lib.c:3438:20:__ll_lib_pad_save_params	40	static
/home/lukasschoepf/Documents/ProjectWork_2/Projectwork2_Code/ST32N6AI/ModelZooService/STM32N6/Middlewares/AI_Runtime/Npu/ll_aton/ll_aton_lib.c:197:20:__ll_lib_stop_transfer	8	static
/home/lukasschoepf/Documents/ProjectWork_2/Projectwork2_Code/ST32N6AI/ModelZooService/STM32N6/Middlewares/AI_Runtime/Npu/ll_aton/ll_aton_lib.c:1035:13:__LL_LIB_DMA_Transfer_End_EpochBlock	0	static
/home/lukasschoepf/Documents/ProjectWork_2/Projectwork2_Code/ST32N6AI/ModelZooService/STM32N6/Middlewares/AI_Runtime/Npu/ll_aton/ll_aton_runtime.h:113:22:__LL_ATON_RT_SetWaitMask	8	static
/home/lukasschoepf/Documents/ProjectWork_2/Projectwork2_Code/ST32N6AI/ModelZooService/STM32N6/Middlewares/AI_Runtime/Npu/ll_aton/ll_aton_lib.c:165:13:__ll_lib_strswitch_set_dmas	32	static
/home/lukasschoepf/Documents/ProjectWork_2/Projectwork2_Code/ST32N6AI/ModelZooService/STM32N6/Middlewares/AI_Runtime/Npu/ll_aton/ll_aton_lib.c:286:22:__ll_lib_memcpy_prolog	24	static
/home/lukasschoepf/Documents/ProjectWork_2/Projectwork2_Code/ST32N6AI/ModelZooService/STM32N6/Middlewares/AI_Runtime/Npu/ll_aton/ll_aton_runtime.h:181:22:LL_ATON_RT_Insert_LibEpochBlockArray	8	static
/home/lukasschoepf/Documents/ProjectWork_2/Projectwork2_Code/ST32N6AI/ModelZooService/STM32N6/Middlewares/AI_Runtime/Npu/ll_aton/ll_aton_lib.c:214:20:__ll_lib_prepare_inputs_epoch	24	static
/home/lukasschoepf/Documents/ProjectWork_2/Projectwork2_Code/ST32N6AI/ModelZooService/STM32N6/Middlewares/AI_Runtime/Npu/ll_aton/ll_aton_lib.c:249:20:__ll_lib_prepare_outputs_epoch	24	static
/home/lukasschoepf/Documents/ProjectWork_2/Projectwork2_Code/ST32N6AI/ModelZooService/STM32N6/Middlewares/AI_Runtime/Npu/ll_aton/ll_aton_lib.c:1204:13:__LL_ATON_LIB_DMA_Inputs_Memcpy.part.0	24	static
/home/lukasschoepf/Documents/ProjectWork_2/Projectwork2_Code/ST32N6AI/ModelZooService/STM32N6/Middlewares/AI_Runtime/Npu/ll_aton/ll_aton_lib.c:3268:20:__ll_lib_load_const_val	24	static
/home/lukasschoepf/Documents/ProjectWork_2/Projectwork2_Code/ST32N6AI/ModelZooService/STM32N6/Middlewares/AI_Runtime/Npu/ll_aton/ll_aton_lib.c:2303:14:Q_to_floating.constprop	0	static
/home/lukasschoepf/Documents/ProjectWork_2/Projectwork2_Code/ST32N6AI/ModelZooService/STM32N6/Middlewares/AI_Runtime/Npu/ll_aton/ll_aton_lib.c:189:20:__ll_lib_start_transfer.constprop	16	static
/home/lukasschoepf/Documents/ProjectWork_2/Projectwork2_Code/ST32N6AI/ModelZooService/STM32N6/Middlewares/AI_Runtime/Npu/ll_aton/ll_aton_lib.c:790:13:__LL_LIB_DMA_Pad_Filling_Start_EpochBlock	24	static
/home/lukasschoepf/Documents/ProjectWork_2/Projectwork2_Code/ST32N6AI/ModelZooService/STM32N6/Middlewares/AI_Runtime/Npu/ll_aton/ll_aton_lib.c:365:13:__ll_lib_outputs_memcpy_start	32	static
/home/lukasschoepf/Documents/ProjectWork_2/Projectwork2_Code/ST32N6AI/ModelZooService/STM32N6/Middlewares/AI_Runtime/Npu/ll_aton/ll_aton_lib.c:736:13:__LL_LIB_Outputs_Memcpy_Start_EpochBlock	8	static
/home/lukasschoepf/Documents/ProjectWork_2/Projectwork2_Code/ST32N6AI/ModelZooService/STM32N6/Middlewares/AI_Runtime/Npu/ll_aton/ll_aton_lib.c:561:13:__LL_LIB_Outputs_Channel_Split_Aton_Start_EpochBlock	8	static
/home/lukasschoepf/Documents/ProjectWork_2/Projectwork2_Code/ST32N6AI/ModelZooService/STM32N6/Middlewares/AI_Runtime/Npu/ll_aton/ll_aton_lib.c:646:13:__LL_LIB_Outputs_Channel_Split_Batched_Start_EpochBlock	8	static
/home/lukasschoepf/Documents/ProjectWork_2/Projectwork2_Code/ST32N6AI/ModelZooService/STM32N6/Middlewares/AI_Runtime/Npu/ll_aton/ll_aton_lib.c:324:13:__ll_lib_inputs_memcpy_start	32	static
/home/lukasschoepf/Documents/ProjectWork_2/Projectwork2_Code/ST32N6AI/ModelZooService/STM32N6/Middlewares/AI_Runtime/Npu/ll_aton/ll_aton_lib.c:410:13:__LL_LIB_Concat_Case3_Start_EpochBlock	8	static
/home/lukasschoepf/Documents/ProjectWork_2/Projectwork2_Code/ST32N6AI/ModelZooService/STM32N6/Middlewares/AI_Runtime/Npu/ll_aton/ll_aton_lib.c:466:13:__LL_LIB_Inputs_Memcpy_Start_EpochBlock	8	static
/home/lukasschoepf/Documents/ProjectWork_2/Projectwork2_Code/ST32N6AI/ModelZooService/STM32N6/Middlewares/AI_Runtime/Npu/ll_aton/ll_aton_lib.c:505:13:__LL_LIB_Inputs_Batched_Memcpy_Start_EpochBlock	8	static
/home/lukasschoepf/Documents/ProjectWork_2/Projectwork2_Code/ST32N6AI/ModelZooService/STM32N6/Middlewares/AI_Runtime/Npu/ll_aton/ll_aton_lib.c:1029:13:__LL_LIB_DMA_Transfer_Start_EpochBlock	0	static
/home/lukasschoepf/Documents/ProjectWork_2/Projectwork2_Code/ST32N6AI/ModelZooService/STM32N6/Middlewares/AI_Runtime/Npu/ll_aton/ll_aton_runtime.h:207:22:LL_ATON_RT_DecCurrEpochBlock.constprop	8	static
/home/lukasschoepf/Documents/ProjectWork_2/Projectwork2_Code/ST32N6AI/ModelZooService/STM32N6/Middlewares/AI_Runtime/Npu/ll_aton/ll_aton_lib.c:657:13:__LL_LIB_Outputs_Channel_Split_Batched_End_EpochBlock	24	static
/home/lukasschoepf/Documents/ProjectWork_2/Projectwork2_Code/ST32N6AI/ModelZooService/STM32N6/Middlewares/AI_Runtime/Npu/ll_aton/ll_aton_lib.c:572:13:__LL_LIB_Outputs_Channel_Split_Aton_End_EpochBlock	24	static
/home/lukasschoepf/Documents/ProjectWork_2/Projectwork2_Code/ST32N6AI/ModelZooService/STM32N6/Middlewares/AI_Runtime/Npu/ll_aton/ll_aton_lib.c:516:13:__LL_LIB_Inputs_Batched_Memcpy_End_EpochBlock	24	static
/home/lukasschoepf/Documents/ProjectWork_2/Projectwork2_Code/ST32N6AI/ModelZooService/STM32N6/Middlewares/AI_Runtime/Npu/ll_aton/ll_aton_lib.c:475:13:__LL_LIB_Inputs_Memcpy_End_EpochBlock	8	static
/home/lukasschoepf/Documents/ProjectWork_2/Projectwork2_Code/ST32N6AI/ModelZooService/STM32N6/Middlewares/AI_Runtime/Npu/ll_aton/ll_aton_lib.c:745:13:__LL_LIB_Outputs_Memcpy_End_EpochBlock	0	static
/home/lukasschoepf/Documents/ProjectWork_2/Projectwork2_Code/ST32N6AI/ModelZooService/STM32N6/Middlewares/AI_Runtime/Npu/ll_aton/ll_aton_lib.c:419:13:__LL_LIB_Concat_Case3_End_EpochBlock	8	static
/home/lukasschoepf/Documents/ProjectWork_2/Projectwork2_Code/ST32N6AI/ModelZooService/STM32N6/Middlewares/AI_Runtime/Npu/ll_aton/ll_aton_runtime.h:139:22:__LL_ATON_RT_RetFromLibEpochBlockArray.constprop	8	static
/home/lukasschoepf/Documents/ProjectWork_2/Projectwork2_Code/ST32N6AI/ModelZooService/STM32N6/Middlewares/AI_Runtime/Npu/ll_aton/ll_aton_lib.c:838:13:__LL_LIB_DMA_Pad_Filling_End_EpochBlock	24	static
/home/lukasschoepf/Documents/ProjectWork_2/Projectwork2_Code/ST32N6AI/ModelZooService/STM32N6/Middlewares/AI_Runtime/Npu/ll_aton/ll_aton_lib.c:775:13:__LL_LIB_DMA_Pad_Memset_End_EpochBlock	16	static
/home/lukasschoepf/Documents/ProjectWork_2/Projectwork2_Code/ST32N6AI/ModelZooService/STM32N6/Middlewares/AI_Runtime/Npu/ll_aton/ll_aton_NN_interface.h:579:32:LL_Buffer_addr_end	0	static
/home/lukasschoepf/Documents/ProjectWork_2/Projectwork2_Code/ST32N6AI/ModelZooService/STM32N6/Middlewares/AI_Runtime/Npu/ll_aton/ll_aton_lib.c:43:5:LL_LIB_TENSOR_ELEMENTS	8	static
/home/lukasschoepf/Documents/ProjectWork_2/Projectwork2_Code/ST32N6AI/ModelZooService/STM32N6/Middlewares/AI_Runtime/Npu/ll_aton/ll_aton_lib.c:51:6:__ll_lib_error	4	static
/home/lukasschoepf/Documents/ProjectWork_2/Projectwork2_Code/ST32N6AI/ModelZooService/STM32N6/Middlewares/AI_Runtime/Npu/ll_aton/ll_aton_lib.c:1590:5:LL_ATON_LIB_DMA_ImageToRow	216	static
/home/lukasschoepf/Documents/ProjectWork_2/Projectwork2_Code/ST32N6AI/ModelZooService/STM32N6/Middlewares/AI_Runtime/Npu/ll_aton/ll_aton_lib.c:1724:5:LL_ATON_LIB_DMA_SpaceToDepth	40	static
/home/lukasschoepf/Documents/ProjectWork_2/Projectwork2_Code/ST32N6AI/ModelZooService/STM32N6/Middlewares/AI_Runtime/Npu/ll_aton/ll_aton_lib.c:1747:5:LL_ATON_LIB_DMA_RowToImage	192	static
/home/lukasschoepf/Documents/ProjectWork_2/Projectwork2_Code/ST32N6AI/ModelZooService/STM32N6/Middlewares/AI_Runtime/Npu/ll_aton/ll_aton_lib.c:1855:5:LL_ATON_LIB_DMA_DepthToSpace	40	static
/home/lukasschoepf/Documents/ProjectWork_2/Projectwork2_Code/ST32N6AI/ModelZooService/STM32N6/Middlewares/AI_Runtime/Npu/ll_aton/ll_aton_lib.c:1863:5:LL_ATON_LIB_DMA_Transpose	192	static
/home/lukasschoepf/Documents/ProjectWork_2/Projectwork2_Code/ST32N6AI/ModelZooService/STM32N6/Middlewares/AI_Runtime/Npu/ll_aton/ll_aton_lib.c:2003:5:LL_ATON_LIB_Concat	256	static
/home/lukasschoepf/Documents/ProjectWork_2/Projectwork2_Code/ST32N6AI/ModelZooService/STM32N6/Middlewares/AI_Runtime/Npu/ll_aton/ll_aton_lib.c:2376:5:LL_ATON_LIB_Cast	120	static
/home/lukasschoepf/Documents/ProjectWork_2/Projectwork2_Code/ST32N6AI/ModelZooService/STM32N6/Middlewares/AI_Runtime/Npu/ll_aton/ll_aton_lib.c:2969:5:LL_ATON_LIB_Softmax	112	static
/home/lukasschoepf/Documents/ProjectWork_2/Projectwork2_Code/ST32N6AI/ModelZooService/STM32N6/Middlewares/AI_Runtime/Npu/ll_aton/ll_aton_lib.c:3030:5:LL_ATON_LIB_DMA_Outputs_Flat_Copy	32	static
/home/lukasschoepf/Documents/ProjectWork_2/Projectwork2_Code/ST32N6AI/ModelZooService/STM32N6/Middlewares/AI_Runtime/Npu/ll_aton/ll_aton_lib.c:3079:5:LL_ATON_LIB_DMA_Outputs_Slice_SplitLike	168	static
/home/lukasschoepf/Documents/ProjectWork_2/Projectwork2_Code/ST32N6AI/ModelZooService/STM32N6/Middlewares/AI_Runtime/Npu/ll_aton/ll_aton_lib.c:3150:5:LL_ATON_LIB_DMA_Outputs_Channel_Split_Aton	192	static
/home/lukasschoepf/Documents/ProjectWork_2/Projectwork2_Code/ST32N6AI/ModelZooService/STM32N6/Middlewares/AI_Runtime/Npu/ll_aton/ll_aton_lib.c:3194:5:LL_ATON_LIB_DMA_Outputs_Channel_Split_Batched	208	static
/home/lukasschoepf/Documents/ProjectWork_2/Projectwork2_Code/ST32N6AI/ModelZooService/STM32N6/Middlewares/AI_Runtime/Npu/ll_aton/ll_aton_lib.c:3486:5:LL_ATON_LIB_DMA_Pad_Memset	184	static
/home/lukasschoepf/Documents/ProjectWork_2/Projectwork2_Code/ST32N6AI/ModelZooService/STM32N6/Middlewares/AI_Runtime/Npu/ll_aton/ll_aton_lib.c:3530:5:LL_ATON_LIB_DMA_Pad_Filling	24	static
