/home/lukasschoepf/Documents/ProjectWork_2/Projectwork2_Code/ST32N6AI/ModelZooService/STM32N6/Middlewares/AI_Runtime/Npu/ll_aton/ll_aton_runtime.c:277:20:__LL_ATON_RT_Init_Network	8	static
/home/lukasschoepf/Documents/ProjectWork_2/Projectwork2_Code/ST32N6AI/ModelZooService/STM32N6/Middlewares/AI_Runtime/Npu/ll_aton/ll_aton_runtime.h:63:22:__ll_clear_aton_owner	8	static
/home/lukasschoepf/Documents/ProjectWork_2/Projectwork2_Code/ST32N6AI/ModelZooService/STM32N6/Middlewares/AI_Runtime/Npu/ll_aton/ll_aton_runtime.h:113:22:__LL_ATON_RT_SetWaitMask	8	static
/home/lukasschoepf/Documents/ProjectWork_2/Projectwork2_Code/ST32N6AI/ModelZooService/STM32N6/Middlewares/AI_Runtime/Npu/ll_aton/ll_aton_NN_interface.h:552:26:EpochBlock_EpochControllerUnit	8	static
/home/lukasschoepf/Documents/ProjectWork_2/Projectwork2_Code/ST32N6AI/ModelZooService/STM32N6/Middlewares/AI_Runtime/Npu/ll_aton/ll_aton_runtime.c:170:20:__LL_ATON_RT_ExecEndEpochBlock	24	static
/home/lukasschoepf/Documents/ProjectWork_2/Projectwork2_Code/ST32N6AI/ModelZooService/STM32N6/Middlewares/AI_Runtime/Npu/ll_aton/ll_aton_runtime.c:222:13:__LL_ATON_RT_DetermineNextEpochBlock	8	static
/home/lukasschoepf/Documents/ProjectWork_2/Projectwork2_Code/ST32N6AI/ModelZooService/STM32N6/Middlewares/AI_Runtime/Npu/ll_aton/ll_aton_runtime.c:49:19:dump_dma_state	0	static
/home/lukasschoepf/Documents/ProjectWork_2/Projectwork2_Code/ST32N6AI/ModelZooService/STM32N6/Middlewares/AI_Runtime/Npu/ll_aton/ll_aton_runtime.c:685:13:__LL_ATON_RT_IrqErr	16	static
/home/lukasschoepf/Documents/ProjectWork_2/Projectwork2_Code/ST32N6AI/ModelZooService/STM32N6/Middlewares/AI_Runtime/Npu/ll_aton/ll_aton_runtime.c:331:6:LL_ATON_RT_SetRuntimeCallback	0	static
/home/lukasschoepf/Documents/ProjectWork_2/Projectwork2_Code/ST32N6AI/ModelZooService/STM32N6/Middlewares/AI_Runtime/Npu/ll_aton/ll_aton_runtime.c:349:6:LL_ATON_RT_SetEpochCallback	8	static
/home/lukasschoepf/Documents/ProjectWork_2/Projectwork2_Code/ST32N6AI/ModelZooService/STM32N6/Middlewares/AI_Runtime/Npu/ll_aton/ll_aton_runtime.c:359:6:LL_ATON_RT_Init_Network	8	static
/home/lukasschoepf/Documents/ProjectWork_2/Projectwork2_Code/ST32N6AI/ModelZooService/STM32N6/Middlewares/AI_Runtime/Npu/ll_aton/ll_aton_runtime.c:387:6:LL_ATON_RT_DeInit_Network	8	static
/home/lukasschoepf/Documents/ProjectWork_2/Projectwork2_Code/ST32N6AI/ModelZooService/STM32N6/Middlewares/AI_Runtime/Npu/ll_aton/ll_aton_runtime.c:436:6:LL_ATON_RT_Reset_Network	8	static
/home/lukasschoepf/Documents/ProjectWork_2/Projectwork2_Code/ST32N6AI/ModelZooService/STM32N6/Middlewares/AI_Runtime/Npu/ll_aton/ll_aton_runtime.c:445:6:LL_ATON_RT_RuntimeInit	8	static,ignoring_inline_asm
/home/lukasschoepf/Documents/ProjectWork_2/Projectwork2_Code/ST32N6AI/ModelZooService/STM32N6/Middlewares/AI_Runtime/Npu/ll_aton/ll_aton_runtime.c:493:6:LL_ATON_RT_RuntimeDeInit	8	static,ignoring_inline_asm
/home/lukasschoepf/Documents/ProjectWork_2/Projectwork2_Code/ST32N6AI/ModelZooService/STM32N6/Middlewares/AI_Runtime/Npu/ll_aton/ll_aton_runtime.c:525:24:LL_ATON_RT_RunEpochBlock	24	static,ignoring_inline_asm
/home/lukasschoepf/Documents/ProjectWork_2/Projectwork2_Code/ST32N6AI/ModelZooService/STM32N6/Middlewares/AI_Runtime/Npu/ll_aton/ll_aton_runtime.c:852:6:NPU0_IRQHandler	24	static,ignoring_inline_asm
