/home/lukasschoepf/Documents/ProjectWork_2/Projectwork2_Code/ST32N6AI/MatMul/MatMulN6/STM32N6/Middlewares/Camera_Middleware/sensors/vd55g1/vd55g1.c:198:34:VD55G1_Resolution2Mode	16	static
/home/lukasschoepf/Documents/ProjectWork_2/Projectwork2_Code/ST32N6AI/MatMul/MatMulN6/STM32N6/Middlewares/Camera_Middleware/sensors/vd55g1/vd55g1.c:218:13:VD55G1_log_impl	32	static
/home/lukasschoepf/Documents/ProjectWork_2/Projectwork2_Code/ST32N6AI/MatMul/MatMulN6/STM32N6/Middlewares/Camera_Middleware/sensors/vd55g1/vd55g1.c:246:13:display_error	32	static
/home/lukasschoepf/Documents/ProjectWork_2/Projectwork2_Code/ST32N6AI/MatMul/MatMulN6/STM32N6/Middlewares/Camera_Middleware/sensors/vd55g1/vd55g1.c:256:12:VD55G1_Copy8	40	static
/home/lukasschoepf/Documents/ProjectWork_2/Projectwork2_Code/ST32N6AI/MatMul/MatMulN6/STM32N6/Middlewares/Camera_Middleware/sensors/vd55g1/vd55g1.c:269:12:VD55G1_Copy16	40	static
/home/lukasschoepf/Documents/ProjectWork_2/Projectwork2_Code/ST32N6AI/MatMul/MatMulN6/STM32N6/Middlewares/Camera_Middleware/sensors/vd55g1/vd55g1.c:282:12:VD55G1_PollReg8	48	static
/home/lukasschoepf/Documents/ProjectWork_2/Projectwork2_Code/ST32N6AI/MatMul/MatMulN6/STM32N6/Middlewares/Camera_Middleware/sensors/vd55g1/vd55g1.c:304:12:VD55G1_IsStreaming	24	static
/home/lukasschoepf/Documents/ProjectWork_2/Projectwork2_Code/ST32N6AI/MatMul/MatMulN6/STM32N6/Middlewares/Camera_Middleware/sensors/vd55g1/vd55g1.c:316:12:VD55G1_WaitState	32	static
/home/lukasschoepf/Documents/ProjectWork_2/Projectwork2_Code/ST32N6AI/MatMul/MatMulN6/STM32N6/Middlewares/Camera_Middleware/sensors/vd55g1/vd55g1.c:328:12:VD55G1_CheckModelId	48	static
/home/lukasschoepf/Documents/ProjectWork_2/Projectwork2_Code/ST32N6AI/MatMul/MatMulN6/STM32N6/Middlewares/Camera_Middleware/sensors/vd55g1/vd55g1.c:365:12:VD55G1_ApplyPatchCommon	56	static
/home/lukasschoepf/Documents/ProjectWork_2/Projectwork2_Code/ST32N6AI/MatMul/MatMulN6/STM32N6/Middlewares/Camera_Middleware/sensors/vd55g1/vd55g1.c:398:12:VD55G1_ApplyPatch	32	static
/home/lukasschoepf/Documents/ProjectWork_2/Projectwork2_Code/ST32N6AI/MatMul/MatMulN6/STM32N6/Middlewares/Camera_Middleware/sensors/vd55g1/vd55g1.c:416:12:VD55G1_Gpios	48	static
/home/lukasschoepf/Documents/ProjectWork_2/Projectwork2_Code/ST32N6AI/MatMul/MatMulN6/STM32N6/Middlewares/Camera_Middleware/sensors/vd55g1/vd55g1.c:431:12:VD55G1_Boot	24	static
/home/lukasschoepf/Documents/ProjectWork_2/Projectwork2_Code/ST32N6AI/MatMul/MatMulN6/STM32N6/Middlewares/Camera_Middleware/sensors/vd55g1/vd55g1.c:454:17:VD55G1_GetSystemClock	24	static
/home/lukasschoepf/Documents/ProjectWork_2/Projectwork2_Code/ST32N6AI/MatMul/MatMulN6/STM32N6/Middlewares/Camera_Middleware/sensors/vd55g1/vd55g1.c:473:17:VD55G1_GetPixelClock	24	static
/home/lukasschoepf/Documents/ProjectWork_2/Projectwork2_Code/ST32N6AI/MatMul/MatMulN6/STM32N6/Middlewares/Camera_Middleware/sensors/vd55g1/vd55g1.c:491:12:VD55G1_SetupClocks	40	static
/home/lukasschoepf/Documents/ProjectWork_2/Projectwork2_Code/ST32N6AI/MatMul/MatMulN6/STM32N6/Middlewares/Camera_Middleware/sensors/vd55g1/vd55g1.c:513:12:VD55G1_SetupOutput	48	static
/home/lukasschoepf/Documents/ProjectWork_2/Projectwork2_Code/ST32N6AI/MatMul/MatMulN6/STM32N6/Middlewares/Camera_Middleware/sensors/vd55g1/vd55g1.c:540:12:VD55G1_SetupSize	48	static
/home/lukasschoepf/Documents/ProjectWork_2/Projectwork2_Code/ST32N6AI/MatMul/MatMulN6/STM32N6/Middlewares/Camera_Middleware/sensors/vd55g1/vd55g1.c:565:12:VD55G1_SetupLineLen	72	static
/home/lukasschoepf/Documents/ProjectWork_2/Projectwork2_Code/ST32N6AI/MatMul/MatMulN6/STM32N6/Middlewares/Camera_Middleware/sensors/vd55g1/vd55g1.c:587:12:VD55G1_ComputeFrameLength	72	static
/home/lukasschoepf/Documents/ProjectWork_2/Projectwork2_Code/ST32N6AI/MatMul/MatMulN6/STM32N6/Middlewares/Camera_Middleware/sensors/vd55g1/vd55g1.c:612:12:VD55G1_SetupFrameRate	48	static
/home/lukasschoepf/Documents/ProjectWork_2/Projectwork2_Code/ST32N6AI/MatMul/MatMulN6/STM32N6/Middlewares/Camera_Middleware/sensors/vd55g1/vd55g1.c:633:12:VD55G1_SetupExposure	56	static
/home/lukasschoepf/Documents/ProjectWork_2/Projectwork2_Code/ST32N6AI/MatMul/MatMulN6/STM32N6/Middlewares/Camera_Middleware/sensors/vd55g1/vd55g1.c:666:12:VD55G1_SetupMirrorFlip	48	static
/home/lukasschoepf/Documents/ProjectWork_2/Projectwork2_Code/ST32N6AI/MatMul/MatMulN6/STM32N6/Middlewares/Camera_Middleware/sensors/vd55g1/vd55g1.c:695:12:VD55G1_SetupPatGen	48	static
/home/lukasschoepf/Documents/ProjectWork_2/Projectwork2_Code/ST32N6AI/MatMul/MatMulN6/STM32N6/Middlewares/Camera_Middleware/sensors/vd55g1/vd55g1.c:729:12:VD55G1_SetFlicker	40	static
/home/lukasschoepf/Documents/ProjectWork_2/Projectwork2_Code/ST32N6AI/MatMul/MatMulN6/STM32N6/Middlewares/Camera_Middleware/sensors/vd55g1/vd55g1.c:754:12:VD55G1_Flicker	24	static
/home/lukasschoepf/Documents/ProjectWork_2/Projectwork2_Code/ST32N6AI/MatMul/MatMulN6/STM32N6/Middlewares/Camera_Middleware/sensors/vd55g1/vd55g1.c:761:12:VD55G1_Setup	40	static
/home/lukasschoepf/Documents/ProjectWork_2/Projectwork2_Code/ST32N6AI/MatMul/MatMulN6/STM32N6/Middlewares/Camera_Middleware/sensors/vd55g1/vd55g1.c:792:12:VD55G1_StartStreaming	40	static
/home/lukasschoepf/Documents/ProjectWork_2/Projectwork2_Code/ST32N6AI/MatMul/MatMulN6/STM32N6/Middlewares/Camera_Middleware/sensors/vd55g1/vd55g1.c:810:12:VD55G1_StopStreaming	40	static
/home/lukasschoepf/Documents/ProjectWork_2/Projectwork2_Code/ST32N6AI/MatMul/MatMulN6/STM32N6/Middlewares/Camera_Middleware/sensors/vd55g1/vd55g1.c:828:12:VD55G1_StartAWU	40	static
/home/lukasschoepf/Documents/ProjectWork_2/Projectwork2_Code/ST32N6AI/MatMul/MatMulN6/STM32N6/Middlewares/Camera_Middleware/sensors/vd55g1/vd55g1.c:846:12:VD55G1_AutoWakeCopyCtx	24	static
/home/lukasschoepf/Documents/ProjectWork_2/Projectwork2_Code/ST32N6AI/MatMul/MatMulN6/STM32N6/Middlewares/Camera_Middleware/sensors/vd55g1/vd55g1.c:875:12:VD55G1_AutoWakeSetupGpio	48	static
/home/lukasschoepf/Documents/ProjectWork_2/Projectwork2_Code/ST32N6AI/MatMul/MatMulN6/STM32N6/Middlewares/Camera_Middleware/sensors/vd55g1/vd55g1.c:890:12:VD55G1_AutoWakeNextContextInvalid	40	static
/home/lukasschoepf/Documents/ProjectWork_2/Projectwork2_Code/ST32N6AI/MatMul/MatMulN6/STM32N6/Middlewares/Camera_Middleware/sensors/vd55g1/vd55g1.c:905:12:VD55G1_AutoWakeFineTune	48	static
/home/lukasschoepf/Documents/ProjectWork_2/Projectwork2_Code/ST32N6AI/MatMul/MatMulN6/STM32N6/Middlewares/Camera_Middleware/sensors/vd55g1/vd55g1.c:947:12:VD55G1_AutoWakeConfigure	24	static
/home/lukasschoepf/Documents/ProjectWork_2/Projectwork2_Code/ST32N6AI/MatMul/MatMulN6/STM32N6/Middlewares/Camera_Middleware/sensors/vd55g1/vd55g1.c:966:12:VD55G1_AWUStreaming	24	static
/home/lukasschoepf/Documents/ProjectWork_2/Projectwork2_Code/ST32N6AI/MatMul/MatMulN6/STM32N6/Middlewares/Camera_Middleware/sensors/vd55g1/vd55g1.c:981:5:VD55G1_Init	40	static
/home/lukasschoepf/Documents/ProjectWork_2/Projectwork2_Code/ST32N6AI/MatMul/MatMulN6/STM32N6/Middlewares/Camera_Middleware/sensors/vd55g1/vd55g1.c:1022:5:VD55G1_DeInit	24	static
/home/lukasschoepf/Documents/ProjectWork_2/Projectwork2_Code/ST32N6AI/MatMul/MatMulN6/STM32N6/Middlewares/Camera_Middleware/sensors/vd55g1/vd55g1.c:1035:5:VD55G1_Start	24	static
/home/lukasschoepf/Documents/ProjectWork_2/Projectwork2_Code/ST32N6AI/MatMul/MatMulN6/STM32N6/Middlewares/Camera_Middleware/sensors/vd55g1/vd55g1.c:1052:5:VD55G1_Stop	24	static
/home/lukasschoepf/Documents/ProjectWork_2/Projectwork2_Code/ST32N6AI/MatMul/MatMulN6/STM32N6/Middlewares/Camera_Middleware/sensors/vd55g1/vd55g1.c:1065:5:VD55G1_StartAutoWakeUp	24	static
/home/lukasschoepf/Documents/ProjectWork_2/Projectwork2_Code/ST32N6AI/MatMul/MatMulN6/STM32N6/Middlewares/Camera_Middleware/sensors/vd55g1/vd55g1.c:1087:5:VD55G1_SetFlipMirrorMode	32	static
/home/lukasschoepf/Documents/ProjectWork_2/Projectwork2_Code/ST32N6AI/MatMul/MatMulN6/STM32N6/Middlewares/Camera_Middleware/sensors/vd55g1/vd55g1.c:1114:5:VD55G1_GetBrightnessLevel	40	static
/home/lukasschoepf/Documents/ProjectWork_2/Projectwork2_Code/ST32N6AI/MatMul/MatMulN6/STM32N6/Middlewares/Camera_Middleware/sensors/vd55g1/vd55g1.c:1126:5:VD55G1_SetBrightnessLevel	40	static
/home/lukasschoepf/Documents/ProjectWork_2/Projectwork2_Code/ST32N6AI/MatMul/MatMulN6/STM32N6/Middlewares/Camera_Middleware/sensors/vd55g1/vd55g1.c:1140:5:VD55G1_SetFlickerMode	24	static
