../../../../STM32Cube_FW_N6/Drivers/STM32N6xx_HAL_Driver/Inc/stm32n6xx_ll_bus.h:1407:22:LL_AHB4_GRP1_EnableClock	8	static
/home/lukasschoepf/Documents/ProjectWork_2/Projectwork2_Code/ST32N6AI/image_classification/STM32N6/STM32Cube_FW_N6/Drivers/BSP/STM32N6xx_Nucleo/stm32n6xx_nucleo_xspi.c:1310:16:XSPI_NOR_EnterSOPIMode.constprop	32	static
/home/lukasschoepf/Documents/ProjectWork_2/Projectwork2_Code/ST32N6AI/image_classification/STM32N6/STM32Cube_FW_N6/Drivers/BSP/STM32N6xx_Nucleo/stm32n6xx_nucleo_xspi.c:1231:16:XSPI_NOR_EnterDOPIMode.constprop	32	static
/home/lukasschoepf/Documents/ProjectWork_2/Projectwork2_Code/ST32N6AI/image_classification/STM32N6/STM32Cube_FW_N6/Drivers/BSP/STM32N6xx_Nucleo/stm32n6xx_nucleo_xspi.c:268:26:MX_XSPI_NOR_Init	0	static
/home/lukasschoepf/Documents/ProjectWork_2/Projectwork2_Code/ST32N6AI/image_classification/STM32N6/STM32Cube_FW_N6/Drivers/BSP/STM32N6xx_Nucleo/stm32n6xx_nucleo_xspi.c:383:9:BSP_XSPI_NOR_Read	32	static
/home/lukasschoepf/Documents/ProjectWork_2/Projectwork2_Code/ST32N6AI/image_classification/STM32N6/STM32Cube_FW_N6/Drivers/BSP/STM32N6xx_Nucleo/stm32n6xx_nucleo_xspi.c:431:9:BSP_XSPI_NOR_Write	40	static
/home/lukasschoepf/Documents/ProjectWork_2/Projectwork2_Code/ST32N6AI/image_classification/STM32N6/STM32Cube_FW_N6/Drivers/BSP/STM32N6xx_Nucleo/stm32n6xx_nucleo_xspi.c:529:9:BSP_XSPI_NOR_Erase_Block	24	static
/home/lukasschoepf/Documents/ProjectWork_2/Projectwork2_Code/ST32N6AI/image_classification/STM32N6/STM32Cube_FW_N6/Drivers/BSP/STM32N6xx_Nucleo/stm32n6xx_nucleo_xspi.c:572:9:BSP_XSPI_NOR_Erase_Chip	8	static
/home/lukasschoepf/Documents/ProjectWork_2/Projectwork2_Code/ST32N6AI/image_classification/STM32N6/STM32Cube_FW_N6/Drivers/BSP/STM32N6xx_Nucleo/stm32n6xx_nucleo_xspi.c:614:9:BSP_XSPI_NOR_GetStatus	16	static
/home/lukasschoepf/Documents/ProjectWork_2/Projectwork2_Code/ST32N6AI/image_classification/STM32N6/STM32Cube_FW_N6/Drivers/BSP/STM32N6xx_Nucleo/stm32n6xx_nucleo_xspi.c:664:9:BSP_XSPI_NOR_GetInfo	8	static
/home/lukasschoepf/Documents/ProjectWork_2/Projectwork2_Code/ST32N6AI/image_classification/STM32N6/STM32Cube_FW_N6/Drivers/BSP/STM32N6xx_Nucleo/stm32n6xx_nucleo_xspi.c:687:9:BSP_XSPI_NOR_EnableMemoryMappedMode	8	static
/home/lukasschoepf/Documents/ProjectWork_2/Projectwork2_Code/ST32N6AI/image_classification/STM32N6/STM32Cube_FW_N6/Drivers/BSP/STM32N6xx_Nucleo/stm32n6xx_nucleo_xspi.c:734:9:BSP_XSPI_NOR_DisableMemoryMappedMode	16	static
/home/lukasschoepf/Documents/ProjectWork_2/Projectwork2_Code/ST32N6AI/image_classification/STM32N6/STM32Cube_FW_N6/Drivers/BSP/STM32N6xx_Nucleo/stm32n6xx_nucleo_xspi.c:218:9:BSP_XSPI_NOR_DeInit	8	static
/home/lukasschoepf/Documents/ProjectWork_2/Projectwork2_Code/ST32N6AI/image_classification/STM32N6/STM32Cube_FW_N6/Drivers/BSP/STM32N6xx_Nucleo/stm32n6xx_nucleo_xspi.c:787:9:BSP_XSPI_NOR_ReadID	8	static
/home/lukasschoepf/Documents/ProjectWork_2/Projectwork2_Code/ST32N6AI/image_classification/STM32N6/STM32Cube_FW_N6/Drivers/BSP/STM32N6xx_Nucleo/stm32n6xx_nucleo_xspi.c:819:9:BSP_XSPI_NOR_ConfigFlash	40	static
/home/lukasschoepf/Documents/ProjectWork_2/Projectwork2_Code/ST32N6AI/image_classification/STM32N6/STM32Cube_FW_N6/Drivers/BSP/STM32N6xx_Nucleo/stm32n6xx_nucleo_xspi.c:137:9:BSP_XSPI_NOR_Init	96	static,ignoring_inline_asm
/home/lukasschoepf/Documents/ProjectWork_2/Projectwork2_Code/ST32N6AI/image_classification/STM32N6/STM32Cube_FW_N6/Drivers/BSP/STM32N6xx_Nucleo/stm32n6xx_nucleo_xspi.c:901:9:BSP_XSPI_NOR_SuspendErase	8	static
/home/lukasschoepf/Documents/ProjectWork_2/Projectwork2_Code/ST32N6AI/image_classification/STM32N6/STM32Cube_FW_N6/Drivers/BSP/STM32N6xx_Nucleo/stm32n6xx_nucleo_xspi.c:938:9:BSP_XSPI_NOR_ResumeErase	8	static
/home/lukasschoepf/Documents/ProjectWork_2/Projectwork2_Code/ST32N6AI/image_classification/STM32N6/STM32Cube_FW_N6/Drivers/BSP/STM32N6xx_Nucleo/stm32n6xx_nucleo_xspi.c:980:9:BSP_XSPI_NOR_EnterDeepPowerDown	8	static
/home/lukasschoepf/Documents/ProjectWork_2/Projectwork2_Code/ST32N6AI/image_classification/STM32N6/STM32Cube_FW_N6/Drivers/BSP/STM32N6xx_Nucleo/stm32n6xx_nucleo_xspi.c:1010:9:BSP_XSPI_NOR_LeaveDeepPowerDown	8	static
