/home/lukasschoepf/Documents/ProjectWork_2/Projectwork2_Code/ST32N6AI/ModelZooService/STM32N6/STM32Cube_FW_N6/Drivers/BSP/Components/mx66uw1g45g/mx66uw1g45g.c:61:9:MX66UW1G45G_GetFlashInfo	0	static
/home/lukasschoepf/Documents/ProjectWork_2/Projectwork2_Code/ST32N6AI/ModelZooService/STM32N6/STM32Cube_FW_N6/Drivers/BSP/Components/mx66uw1g45g/mx66uw1g45g.c:85:9:MX66UW1G45G_AutoPollingMemReady	112	static
/home/lukasschoepf/Documents/ProjectWork_2/Projectwork2_Code/ST32N6AI/ModelZooService/STM32N6/STM32Cube_FW_N6/Drivers/BSP/Components/mx66uw1g45g/mx66uw1g45g.c:164:9:MX66UW1G45G_ReadSTR	104	static
/home/lukasschoepf/Documents/ProjectWork_2/Projectwork2_Code/ST32N6AI/ModelZooService/STM32N6/STM32Cube_FW_N6/Drivers/BSP/Components/mx66uw1g45g/mx66uw1g45g.c:233:9:MX66UW1G45G_ReadDTR	104	static
/home/lukasschoepf/Documents/ProjectWork_2/Projectwork2_Code/ST32N6AI/ModelZooService/STM32N6/STM32Cube_FW_N6/Drivers/BSP/Components/mx66uw1g45g/mx66uw1g45g.c:285:9:MX66UW1G45G_PageProgram	104	static
/home/lukasschoepf/Documents/ProjectWork_2/Projectwork2_Code/ST32N6AI/ModelZooService/STM32N6/STM32Cube_FW_N6/Drivers/BSP/Components/mx66uw1g45g/mx66uw1g45g.c:354:9:MX66UW1G45G_PageProgramDTR	104	static
/home/lukasschoepf/Documents/ProjectWork_2/Projectwork2_Code/ST32N6AI/ModelZooService/STM32N6/STM32Cube_FW_N6/Drivers/BSP/Components/mx66uw1g45g/mx66uw1g45g.c:405:9:MX66UW1G45G_BlockErase	104	static
/home/lukasschoepf/Documents/ProjectWork_2/Projectwork2_Code/ST32N6AI/ModelZooService/STM32N6/STM32Cube_FW_N6/Drivers/BSP/Components/mx66uw1g45g/mx66uw1g45g.c:492:9:MX66UW1G45G_ChipErase	96	static
/home/lukasschoepf/Documents/ProjectWork_2/Projectwork2_Code/ST32N6AI/ModelZooService/STM32N6/STM32Cube_FW_N6/Drivers/BSP/Components/mx66uw1g45g/mx66uw1g45g.c:542:9:MX66UW1G45G_EnableSTRMemoryMappedMode	112	static
/home/lukasschoepf/Documents/ProjectWork_2/Projectwork2_Code/ST32N6AI/ModelZooService/STM32N6/STM32Cube_FW_N6/Drivers/BSP/Components/mx66uw1g45g/mx66uw1g45g.c:622:9:MX66UW1G45G_EnableDTRMemoryMappedMode	112	static
/home/lukasschoepf/Documents/ProjectWork_2/Projectwork2_Code/ST32N6AI/ModelZooService/STM32N6/STM32Cube_FW_N6/Drivers/BSP/Components/mx66uw1g45g/mx66uw1g45g.c:684:9:MX66UW1G45G_Suspend	96	static
/home/lukasschoepf/Documents/ProjectWork_2/Projectwork2_Code/ST32N6AI/ModelZooService/STM32N6/STM32Cube_FW_N6/Drivers/BSP/Components/mx66uw1g45g/mx66uw1g45g.c:734:9:MX66UW1G45G_Resume	96	static
/home/lukasschoepf/Documents/ProjectWork_2/Projectwork2_Code/ST32N6AI/ModelZooService/STM32N6/STM32Cube_FW_N6/Drivers/BSP/Components/mx66uw1g45g/mx66uw1g45g.c:785:9:MX66UW1G45G_WriteEnable	120	static
/home/lukasschoepf/Documents/ProjectWork_2/Projectwork2_Code/ST32N6AI/ModelZooService/STM32N6/STM32Cube_FW_N6/Drivers/BSP/Components/mx66uw1g45g/mx66uw1g45g.c:873:9:MX66UW1G45G_WriteDisable	96	static
/home/lukasschoepf/Documents/ProjectWork_2/Projectwork2_Code/ST32N6AI/ModelZooService/STM32N6/STM32Cube_FW_N6/Drivers/BSP/Components/mx66uw1g45g/mx66uw1g45g.c:924:9:MX66UW1G45G_ReadStatusRegister	104	static
/home/lukasschoepf/Documents/ProjectWork_2/Projectwork2_Code/ST32N6AI/ModelZooService/STM32N6/STM32Cube_FW_N6/Drivers/BSP/Components/mx66uw1g45g/mx66uw1g45g.c:1072:9:MX66UW1G45G_WriteCfgRegister	104	static
/home/lukasschoepf/Documents/ProjectWork_2/Projectwork2_Code/ST32N6AI/ModelZooService/STM32N6/STM32Cube_FW_N6/Drivers/BSP/Components/mx66uw1g45g/mx66uw1g45g.c:1153:9:MX66UW1G45G_ReadCfgRegister	104	static
/home/lukasschoepf/Documents/ProjectWork_2/Projectwork2_Code/ST32N6AI/ModelZooService/STM32N6/STM32Cube_FW_N6/Drivers/BSP/Components/mx66uw1g45g/mx66uw1g45g.c:995:9:MX66UW1G45G_WriteStatusRegister	104	static
/home/lukasschoepf/Documents/ProjectWork_2/Projectwork2_Code/ST32N6AI/ModelZooService/STM32N6/STM32Cube_FW_N6/Drivers/BSP/Components/mx66uw1g45g/mx66uw1g45g.c:1224:9:MX66UW1G45G_WriteCfg2Register	104	static
/home/lukasschoepf/Documents/ProjectWork_2/Projectwork2_Code/ST32N6AI/ModelZooService/STM32N6/STM32Cube_FW_N6/Drivers/BSP/Components/mx66uw1g45g/mx66uw1g45g.c:1290:9:MX66UW1G45G_ReadCfg2Register	104	static
/home/lukasschoepf/Documents/ProjectWork_2/Projectwork2_Code/ST32N6AI/ModelZooService/STM32N6/STM32Cube_FW_N6/Drivers/BSP/Components/mx66uw1g45g/mx66uw1g45g.c:1361:9:MX66UW1G45G_WriteSecurityRegister	96	static
/home/lukasschoepf/Documents/ProjectWork_2/Projectwork2_Code/ST32N6AI/ModelZooService/STM32N6/STM32Cube_FW_N6/Drivers/BSP/Components/mx66uw1g45g/mx66uw1g45g.c:1416:9:MX66UW1G45G_ReadSecurityRegister	104	static
/home/lukasschoepf/Documents/ProjectWork_2/Projectwork2_Code/ST32N6AI/ModelZooService/STM32N6/STM32Cube_FW_N6/Drivers/BSP/Components/mx66uw1g45g/mx66uw1g45g.c:1489:9:MX66UW1G45G_ReadID	104	static
/home/lukasschoepf/Documents/ProjectWork_2/Projectwork2_Code/ST32N6AI/ModelZooService/STM32N6/STM32Cube_FW_N6/Drivers/BSP/Components/mx66uw1g45g/mx66uw1g45g.c:1558:9:MX66UW1G45G_ResetEnable	96	static
/home/lukasschoepf/Documents/ProjectWork_2/Projectwork2_Code/ST32N6AI/ModelZooService/STM32N6/STM32Cube_FW_N6/Drivers/BSP/Components/mx66uw1g45g/mx66uw1g45g.c:1607:9:MX66UW1G45G_ResetMemory	96	static
/home/lukasschoepf/Documents/ProjectWork_2/Projectwork2_Code/ST32N6AI/ModelZooService/STM32N6/STM32Cube_FW_N6/Drivers/BSP/Components/mx66uw1g45g/mx66uw1g45g.c:1657:9:MX66UW1G45G_NoOperation	96	static
/home/lukasschoepf/Documents/ProjectWork_2/Projectwork2_Code/ST32N6AI/ModelZooService/STM32N6/STM32Cube_FW_N6/Drivers/BSP/Components/mx66uw1g45g/mx66uw1g45g.c:1705:9:MX66UW1G45G_EnterPowerDown	96	static
/home/lukasschoepf/Documents/ProjectWork_2/Projectwork2_Code/ST32N6AI/ModelZooService/STM32N6/STM32Cube_FW_N6/Drivers/BSP/Components/mx66uw1g45g/mx66uw1g45g.c:1757:9:MX66UW1G45G_ReleasePowerDown	96	static
