/home/lukasschoepf/Documents/ProjectWork_2/Projectwork2_Code/ST32N6AI/MatMul/MatMulN6/STM32N6/Middlewares/Camera_Middleware/cmw_utils.c:40:6:CMW_UTILS_GetPipeConfig	40	static
/home/lukasschoepf/Documents/ProjectWork_2/Projectwork2_Code/ST32N6AI/MatMul/MatMulN6/STM32N6/Middlewares/Camera_Middleware/cmw_utils.c:73:13:CMW_UTILS_get_crop_config	40	static
/home/lukasschoepf/Documents/ProjectWork_2/Projectwork2_Code/ST32N6AI/MatMul/MatMulN6/STM32N6/Middlewares/Camera_Middleware/cmw_utils.c:89:13:CMW_UTILS_get_crop_config_from_manual	16	static
/home/lukasschoepf/Documents/ProjectWork_2/Projectwork2_Code/ST32N6AI/MatMul/MatMulN6/STM32N6/Middlewares/Camera_Middleware/cmw_utils.c:97:13:CMW_UTILS_get_down_config	32	static
/home/lukasschoepf/Documents/ProjectWork_2/Projectwork2_Code/ST32N6AI/MatMul/MatMulN6/STM32N6/Middlewares/Camera_Middleware/cmw_utils.c:107:17:CMW_UTILS_get_dec_ratio_from_decimal_ratio	16	static
/home/lukasschoepf/Documents/ProjectWork_2/Projectwork2_Code/ST32N6AI/MatMul/MatMulN6/STM32N6/Middlewares/Camera_Middleware/cmw_utils.c:125:17:CMW_UTILS_get_dec_ratio_and_update	24	static
/home/lukasschoepf/Documents/ProjectWork_2/Projectwork2_Code/ST32N6AI/MatMul/MatMulN6/STM32N6/Middlewares/Camera_Middleware/cmw_utils.c:137:13:CMW_UTILS_get_scale_configs	32	static
