/home/lukasschoepf/Documents/ProjectWork_2/Projectwork2_Code/ST32N6AI/image_classification/STM32N6/Middlewares/screenl/uvcl/Src/uvcl_desc.c:37:13:gen_serial_int_to_ascii	8	static
/home/lukasschoepf/Documents/ProjectWork_2/Projectwork2_Code/ST32N6AI/image_classification/STM32N6/Middlewares/screenl/uvcl/Src/uvcl_desc.c:86:12:get_children_len	16	static
/home/lukasschoepf/Documents/ProjectWork_2/Projectwork2_Code/ST32N6AI/image_classification/STM32N6/Middlewares/screenl/uvcl/Src/uvcl_desc.c:120:13:update	8	static
/home/lukasschoepf/Documents/ProjectWork_2/Projectwork2_Code/ST32N6AI/image_classification/STM32N6/Middlewares/screenl/uvcl/Src/uvcl_desc.c:129:12:generate	8	static
/home/lukasschoepf/Documents/ProjectWork_2/Projectwork2_Code/ST32N6AI/image_classification/STM32N6/Middlewares/screenl/uvcl/Src/uvcl_desc.c:161:13:update_uvc_conf_desc	8	static
/home/lukasschoepf/Documents/ProjectWork_2/Projectwork2_Code/ST32N6AI/image_classification/STM32N6/Middlewares/screenl/uvcl/Src/uvcl_desc.c:224:13:update_uvc_class_vc_desc	8	static
/home/lukasschoepf/Documents/ProjectWork_2/Projectwork2_Code/ST32N6AI/image_classification/STM32N6/Middlewares/screenl/uvcl/Src/uvcl_desc.c:317:13:update_uvc_vs_input_desc	8	static
/home/lukasschoepf/Documents/ProjectWork_2/Projectwork2_Code/ST32N6AI/image_classification/STM32N6/Middlewares/screenl/uvcl/Src/uvcl_desc.c:106:12:gen_default_desc	16	static
/home/lukasschoepf/Documents/ProjectWork_2/Projectwork2_Code/ST32N6AI/image_classification/STM32N6/Middlewares/screenl/uvcl/Src/uvcl_desc.c:67:12:UVCL_get_string_desc	16	static
/home/lukasschoepf/Documents/ProjectWork_2/Projectwork2_Code/ST32N6AI/image_classification/STM32N6/Middlewares/screenl/uvcl/Src/uvcl_desc.c:254:13:build_uvc_camera_terminal_desc.isra	8	static
/home/lukasschoepf/Documents/ProjectWork_2/Projectwork2_Code/ST32N6AI/image_classification/STM32N6/Middlewares/screenl/uvcl/Src/uvcl_desc.c:758:13:build_xx_fb_conf_desc	80	static
/home/lukasschoepf/Documents/ProjectWork_2/Projectwork2_Code/ST32N6AI/image_classification/STM32N6/Middlewares/screenl/uvcl/Src/uvcl_desc.c:775:12:UVCL_build_hs_fb_configuration_desc	576	static
/home/lukasschoepf/Documents/ProjectWork_2/Projectwork2_Code/ST32N6AI/image_classification/STM32N6/Middlewares/screenl/uvcl/Src/uvcl_desc.c:789:12:UVCL_build_fs_fb_configuration_desc	576	static
/home/lukasschoepf/Documents/ProjectWork_2/Projectwork2_Code/ST32N6AI/image_classification/STM32N6/Middlewares/screenl/uvcl/Src/uvcl_desc.c:797:12:UVCL_build_fb_rgb565_configuration_desc	0	static
/home/lukasschoepf/Documents/ProjectWork_2/Projectwork2_Code/ST32N6AI/image_classification/STM32N6/Middlewares/screenl/uvcl/Src/uvcl_desc.c:436:13:build_xx_yuv422_conf_desc	64	static
/home/lukasschoepf/Documents/ProjectWork_2/Projectwork2_Code/ST32N6AI/image_classification/STM32N6/Middlewares/screenl/uvcl/Src/uvcl_desc.c:453:12:UVCL_build_hs_yuv422_configuration_desc	576	static
/home/lukasschoepf/Documents/ProjectWork_2/Projectwork2_Code/ST32N6AI/image_classification/STM32N6/Middlewares/screenl/uvcl/Src/uvcl_desc.c:465:12:UVCL_build_fs_yuv422_configuration_desc	576	static
/home/lukasschoepf/Documents/ProjectWork_2/Projectwork2_Code/ST32N6AI/image_classification/STM32N6/Middlewares/screenl/uvcl/Src/uvcl_desc.c:529:13:build_xx_jpeg_conf_desc	48	static
/home/lukasschoepf/Documents/ProjectWork_2/Projectwork2_Code/ST32N6AI/image_classification/STM32N6/Middlewares/screenl/uvcl/Src/uvcl_desc.c:546:12:UVCL_build_hs_jpeg_configuration_desc	560	static
/home/lukasschoepf/Documents/ProjectWork_2/Projectwork2_Code/ST32N6AI/image_classification/STM32N6/Middlewares/screenl/uvcl/Src/uvcl_desc.c:558:12:UVCL_build_fs_jpeg_configuration_desc	560	static
/home/lukasschoepf/Documents/ProjectWork_2/Projectwork2_Code/ST32N6AI/image_classification/STM32N6/Middlewares/screenl/uvcl/Src/uvcl_desc.c:837:5:UVCL_get_device_desc	72	static
/home/lukasschoepf/Documents/ProjectWork_2/Projectwork2_Code/ST32N6AI/image_classification/STM32N6/Middlewares/screenl/uvcl/Src/uvcl_desc.c:847:5:UVCL_get_device_qualifier_desc	8	static
/home/lukasschoepf/Documents/ProjectWork_2/Projectwork2_Code/ST32N6AI/image_classification/STM32N6/Middlewares/screenl/uvcl/Src/uvcl_desc.c:868:5:UVCL_get_lang_string_desc	0	static
/home/lukasschoepf/Documents/ProjectWork_2/Projectwork2_Code/ST32N6AI/image_classification/STM32N6/Middlewares/screenl/uvcl/Src/uvcl_desc.c:883:5:UVCL_get_manufacturer_string_desc	0	static
/home/lukasschoepf/Documents/ProjectWork_2/Projectwork2_Code/ST32N6AI/image_classification/STM32N6/Middlewares/screenl/uvcl/Src/uvcl_desc.c:888:5:UVCL_get_product_string_desc	0	static
/home/lukasschoepf/Documents/ProjectWork_2/Projectwork2_Code/ST32N6AI/image_classification/STM32N6/Middlewares/screenl/uvcl/Src/uvcl_desc.c:893:5:UVCL_get_serial_string_desc	40	static
/home/lukasschoepf/Documents/ProjectWork_2/Projectwork2_Code/ST32N6AI/image_classification/STM32N6/Middlewares/screenl/uvcl/Src/uvcl_desc.c:901:5:UVCL_get_configuration_desc	4	static
