../Drivers/STM32N6xx_HAL_Driver/stm32n6xx_hal_uart.c:3679:13:UART_EndTxTransfer	0	static,ignoring_inline_asm
../Drivers/STM32N6xx_HAL_Driver/stm32n6xx_hal_uart.c:3696:13:UART_EndRxTransfer	8	static,ignoring_inline_asm
../Drivers/STM32N6xx_HAL_Driver/stm32n6xx_hal_uart.c:4132:13:UART_TxISR_8BIT.part.0	0	static,ignoring_inline_asm
../Drivers/STM32N6xx_HAL_Driver/stm32n6xx_hal_uart.c:4132:13:UART_TxISR_8BIT	0	static
../Drivers/STM32N6xx_HAL_Driver/stm32n6xx_hal_uart.c:4161:13:UART_TxISR_16BIT	0	static
../Drivers/STM32N6xx_HAL_Driver/stm32n6xx_hal_uart.c:4193:13:UART_TxISR_8BIT_FIFOEN	8	static,ignoring_inline_asm
../Drivers/STM32N6xx_HAL_Driver/stm32n6xx_hal_uart.c:4233:13:UART_TxISR_16BIT_FIFOEN	8	static,ignoring_inline_asm
../Drivers/STM32N6xx_HAL_Driver/stm32n6xx_hal_uart.c:680:13:HAL_UART_MspInit	0	static
../Drivers/STM32N6xx_HAL_Driver/stm32n6xx_hal_uart.c:695:13:HAL_UART_MspDeInit	0	static
../Drivers/STM32N6xx_HAL_Driver/stm32n6xx_hal_uart.c:633:19:HAL_UART_DeInit	16	static
../Drivers/STM32N6xx_HAL_Driver/stm32n6xx_hal_uart.c:1296:19:HAL_UART_Transmit_IT	0	static,ignoring_inline_asm
../Drivers/STM32N6xx_HAL_Driver/stm32n6xx_hal_uart.c:1406:19:HAL_UART_Transmit_DMA	16	static,ignoring_inline_asm
../Drivers/STM32N6xx_HAL_Driver/stm32n6xx_hal_uart.c:1551:19:HAL_UART_DMAPause	16	static,ignoring_inline_asm
../Drivers/STM32N6xx_HAL_Driver/stm32n6xx_hal_uart.c:1613:19:HAL_UART_DMAResume	8	static,ignoring_inline_asm
../Drivers/STM32N6xx_HAL_Driver/stm32n6xx_hal_uart.c:1662:19:HAL_UART_DMAStop	16	static,ignoring_inline_asm
../Drivers/STM32N6xx_HAL_Driver/stm32n6xx_hal_uart.c:1738:19:HAL_UART_Abort	8	static,ignoring_inline_asm
../Drivers/STM32N6xx_HAL_Driver/stm32n6xx_hal_uart.c:1843:19:HAL_UART_AbortTransmit	8	static,ignoring_inline_asm
../Drivers/STM32N6xx_HAL_Driver/stm32n6xx_hal_uart.c:1904:19:HAL_UART_AbortReceive	8	static,ignoring_inline_asm
../Drivers/STM32N6xx_HAL_Driver/stm32n6xx_hal_uart.c:2675:13:HAL_UART_TxCpltCallback	0	static
../Drivers/STM32N6xx_HAL_Driver/stm32n6xx_hal_uart.c:3723:13:UART_DMATransmitCplt	8	static,ignoring_inline_asm
../Drivers/STM32N6xx_HAL_Driver/stm32n6xx_hal_uart.c:2690:13:HAL_UART_TxHalfCpltCallback	0	static
../Drivers/STM32N6xx_HAL_Driver/stm32n6xx_hal_uart.c:3757:13:UART_DMATxHalfCplt	8	static
../Drivers/STM32N6xx_HAL_Driver/stm32n6xx_hal_uart.c:2705:13:HAL_UART_RxCpltCallback	0	static
../Drivers/STM32N6xx_HAL_Driver/stm32n6xx_hal_uart.c:2720:13:HAL_UART_RxHalfCpltCallback	0	static
../Drivers/STM32N6xx_HAL_Driver/stm32n6xx_hal_uart.c:2735:13:HAL_UART_ErrorCallback	0	static
../Drivers/STM32N6xx_HAL_Driver/stm32n6xx_hal_uart.c:3896:13:UART_DMAError	16	static
../Drivers/STM32N6xx_HAL_Driver/stm32n6xx_hal_uart.c:3936:13:UART_DMAAbortOnError	8	static
../Drivers/STM32N6xx_HAL_Driver/stm32n6xx_hal_uart.c:2750:13:HAL_UART_AbortCpltCallback	0	static
../Drivers/STM32N6xx_HAL_Driver/stm32n6xx_hal_uart.c:1974:19:HAL_UART_Abort_IT	16	static,ignoring_inline_asm
../Drivers/STM32N6xx_HAL_Driver/stm32n6xx_hal_uart.c:4013:13:UART_DMARxAbortCallback	8	static
../Drivers/STM32N6xx_HAL_Driver/stm32n6xx_hal_uart.c:3958:13:UART_DMATxAbortCallback	8	static
../Drivers/STM32N6xx_HAL_Driver/stm32n6xx_hal_uart.c:2765:13:HAL_UART_AbortTransmitCpltCallback	0	static
../Drivers/STM32N6xx_HAL_Driver/stm32n6xx_hal_uart.c:2129:19:HAL_UART_AbortTransmit_IT	8	static,ignoring_inline_asm
../Drivers/STM32N6xx_HAL_Driver/stm32n6xx_hal_uart.c:4065:13:UART_DMATxOnlyAbortCallback	8	static
../Drivers/STM32N6xx_HAL_Driver/stm32n6xx_hal_uart.c:2780:13:HAL_UART_AbortReceiveCpltCallback	0	static
../Drivers/STM32N6xx_HAL_Driver/stm32n6xx_hal_uart.c:2222:19:HAL_UART_AbortReceive_IT	8	static,ignoring_inline_asm
../Drivers/STM32N6xx_HAL_Driver/stm32n6xx_hal_uart.c:4098:13:UART_DMARxOnlyAbortCallback	8	static
../Drivers/STM32N6xx_HAL_Driver/stm32n6xx_hal_uart.c:2797:13:HAL_UARTEx_RxEventCallback	0	static
../Drivers/STM32N6xx_HAL_Driver/stm32n6xx_hal_uart.c:2317:6:HAL_UART_IRQHandler	24	static,ignoring_inline_asm
../Drivers/STM32N6xx_HAL_Driver/stm32n6xx_hal_uart.c:4299:13:UART_RxISR_8BIT	8	static,ignoring_inline_asm
../Drivers/STM32N6xx_HAL_Driver/stm32n6xx_hal_uart.c:4390:13:UART_RxISR_16BIT	8	static,ignoring_inline_asm
../Drivers/STM32N6xx_HAL_Driver/stm32n6xx_hal_uart.c:4483:13:UART_RxISR_8BIT_FIFOEN	32	static,ignoring_inline_asm
../Drivers/STM32N6xx_HAL_Driver/stm32n6xx_hal_uart.c:4646:13:UART_RxISR_16BIT_FIFOEN	32	static,ignoring_inline_asm
../Drivers/STM32N6xx_HAL_Driver/stm32n6xx_hal_uart.c:3848:13:UART_DMARxHalfCplt	8	static
../Drivers/STM32N6xx_HAL_Driver/stm32n6xx_hal_uart.c:3775:13:UART_DMAReceiveCplt	8	static,ignoring_inline_asm
../Drivers/STM32N6xx_HAL_Driver/stm32n6xx_hal_uart.c:2845:6:HAL_UART_ReceiverTimeout_Config	16	static
../Drivers/STM32N6xx_HAL_Driver/stm32n6xx_hal_uart.c:2860:19:HAL_UART_EnableReceiverTimeout	0	static
../Drivers/STM32N6xx_HAL_Driver/stm32n6xx_hal_uart.c:2898:19:HAL_UART_DisableReceiverTimeout	0	static
../Drivers/STM32N6xx_HAL_Driver/stm32n6xx_hal_uart.c:2976:6:HAL_MultiProcessor_EnterMuteMode	0	static
../Drivers/STM32N6xx_HAL_Driver/stm32n6xx_hal_uart.c:2986:19:HAL_HalfDuplex_EnableTransmitter	8	static,ignoring_inline_asm
../Drivers/STM32N6xx_HAL_Driver/stm32n6xx_hal_uart.c:3009:19:HAL_HalfDuplex_EnableReceiver	8	static,ignoring_inline_asm
../Drivers/STM32N6xx_HAL_Driver/stm32n6xx_hal_uart.c:3033:19:HAL_LIN_SendBreak	8	static
../Drivers/STM32N6xx_HAL_Driver/stm32n6xx_hal_uart.c:3078:23:HAL_UART_GetState	0	static
../Drivers/STM32N6xx_HAL_Driver/stm32n6xx_hal_uart.c:3094:10:HAL_UART_GetError	0	static
../Drivers/STM32N6xx_HAL_Driver/stm32n6xx_hal_uart.c:3140:19:UART_SetConfig	24	static
../Drivers/STM32N6xx_HAL_Driver/stm32n6xx_hal_uart.c:3297:6:UART_AdvFeatureConfig	8	static
../Drivers/STM32N6xx_HAL_Driver/stm32n6xx_hal_uart.c:3442:19:UART_WaitOnFlagUntilTimeout	32	static
../Drivers/STM32N6xx_HAL_Driver/stm32n6xx_hal_uart.c:1122:19:HAL_UART_Transmit	40	static
../Drivers/STM32N6xx_HAL_Driver/stm32n6xx_hal_uart.c:1212:19:HAL_UART_Receive	40	static
../Drivers/STM32N6xx_HAL_Driver/stm32n6xx_hal_uart.c:3373:19:UART_CheckIdleState	24	static,ignoring_inline_asm
../Drivers/STM32N6xx_HAL_Driver/stm32n6xx_hal_uart.c:308:19:HAL_UART_Init	8	static
../Drivers/STM32N6xx_HAL_Driver/stm32n6xx_hal_uart.c:383:19:HAL_HalfDuplex_Init	8	static
../Drivers/STM32N6xx_HAL_Driver/stm32n6xx_hal_uart.c:458:19:HAL_LIN_Init	16	static
../Drivers/STM32N6xx_HAL_Driver/stm32n6xx_hal_uart.c:557:19:HAL_MultiProcessor_Init	16	static
../Drivers/STM32N6xx_HAL_Driver/stm32n6xx_hal_uart.c:2936:19:HAL_MultiProcessor_EnableMuteMode	0	static,ignoring_inline_asm
../Drivers/STM32N6xx_HAL_Driver/stm32n6xx_hal_uart.c:2956:19:HAL_MultiProcessor_DisableMuteMode	0	static,ignoring_inline_asm
../Drivers/STM32N6xx_HAL_Driver/stm32n6xx_hal_uart.c:3510:19:UART_Start_Receive_IT	12	static,ignoring_inline_asm
../Drivers/STM32N6xx_HAL_Driver/stm32n6xx_hal_uart.c:1364:19:HAL_UART_Receive_IT	8	static,ignoring_inline_asm
../Drivers/STM32N6xx_HAL_Driver/stm32n6xx_hal_uart.c:3583:19:UART_Start_Receive_DMA	16	static,ignoring_inline_asm
../Drivers/STM32N6xx_HAL_Driver/stm32n6xx_hal_uart.c:1515:19:HAL_UART_Receive_DMA	8	static,ignoring_inline_asm
