/home/lukasschoepf/Documents/ProjectWork_2/Projectwork2_Code/ST32N6AI/MatMul/MatMulN6/STM32N6/STM32Cube_FW_N6/Drivers/STM32N6xx_HAL_Driver/Src/stm32n6xx_hal_spi.c:3640:13:SPI_RxISR_16BIT	0	static
/home/lukasschoepf/Documents/ProjectWork_2/Projectwork2_Code/ST32N6AI/MatMul/MatMulN6/STM32N6/STM32Cube_FW_N6/Drivers/STM32N6xx_HAL_Driver/Src/stm32n6xx_hal_spi.c:3668:13:SPI_RxISR_32BIT	0	static
/home/lukasschoepf/Documents/ProjectWork_2/Projectwork2_Code/ST32N6AI/MatMul/MatMulN6/STM32N6/STM32Cube_FW_N6/Drivers/STM32N6xx_HAL_Driver/Src/stm32n6xx_hal_spi.c:3711:13:SPI_TxISR_16BIT	0	static
/home/lukasschoepf/Documents/ProjectWork_2/Projectwork2_Code/ST32N6AI/MatMul/MatMulN6/STM32N6/STM32Cube_FW_N6/Drivers/STM32N6xx_HAL_Driver/Src/stm32n6xx_hal_spi.c:3738:13:SPI_TxISR_32BIT	0	static
/home/lukasschoepf/Documents/ProjectWork_2/Projectwork2_Code/ST32N6AI/MatMul/MatMulN6/STM32N6/STM32Cube_FW_N6/Drivers/STM32N6xx_HAL_Driver/Src/stm32n6xx_hal_spi.c:3759:13:SPI_AbortTransfer	0	static
/home/lukasschoepf/Documents/ProjectWork_2/Projectwork2_Code/ST32N6AI/MatMul/MatMulN6/STM32N6/STM32Cube_FW_N6/Drivers/STM32N6xx_HAL_Driver/Src/stm32n6xx_hal_spi.c:3798:13:SPI_CloseTransfer	0	static
/home/lukasschoepf/Documents/ProjectWork_2/Projectwork2_Code/ST32N6AI/MatMul/MatMulN6/STM32N6/STM32Cube_FW_N6/Drivers/STM32N6xx_HAL_Driver/Src/stm32n6xx_hal_spi.c:3618:13:SPI_RxISR_8BIT	0	static
/home/lukasschoepf/Documents/ProjectWork_2/Projectwork2_Code/ST32N6AI/MatMul/MatMulN6/STM32N6/STM32Cube_FW_N6/Drivers/STM32N6xx_HAL_Driver/Src/stm32n6xx_hal_spi.c:3690:13:SPI_TxISR_8BIT	0	static
/home/lukasschoepf/Documents/ProjectWork_2/Projectwork2_Code/ST32N6AI/MatMul/MatMulN6/STM32N6/STM32Cube_FW_N6/Drivers/STM32N6xx_HAL_Driver/Src/stm32n6xx_hal_spi.c:3875:26:SPI_WaitOnFlagUntilTimeout.constprop	16	static
/home/lukasschoepf/Documents/ProjectWork_2/Projectwork2_Code/ST32N6AI/MatMul/MatMulN6/STM32N6/STM32Cube_FW_N6/Drivers/STM32N6xx_HAL_Driver/Src/stm32n6xx_hal_spi.c:547:13:HAL_SPI_MspInit	0	static
/home/lukasschoepf/Documents/ProjectWork_2/Projectwork2_Code/ST32N6AI/MatMul/MatMulN6/STM32N6/STM32Cube_FW_N6/Drivers/STM32N6xx_HAL_Driver/Src/stm32n6xx_hal_spi.c:239:19:HAL_SPI_Init	24	static
/home/lukasschoepf/Documents/ProjectWork_2/Projectwork2_Code/ST32N6AI/MatMul/MatMulN6/STM32N6/STM32Cube_FW_N6/Drivers/STM32N6xx_HAL_Driver/Src/stm32n6xx_hal_spi.c:563:13:HAL_SPI_MspDeInit	0	static
/home/lukasschoepf/Documents/ProjectWork_2/Projectwork2_Code/ST32N6AI/MatMul/MatMulN6/STM32N6/STM32Cube_FW_N6/Drivers/STM32N6xx_HAL_Driver/Src/stm32n6xx_hal_spi.c:503:19:HAL_SPI_DeInit	8	static
/home/lukasschoepf/Documents/ProjectWork_2/Projectwork2_Code/ST32N6AI/MatMul/MatMulN6/STM32N6/STM32Cube_FW_N6/Drivers/STM32N6xx_HAL_Driver/Src/stm32n6xx_hal_spi.c:838:19:HAL_SPI_Transmit	32	static
/home/lukasschoepf/Documents/ProjectWork_2/Projectwork2_Code/ST32N6AI/MatMul/MatMulN6/STM32N6/STM32Cube_FW_N6/Drivers/STM32N6xx_HAL_Driver/Src/stm32n6xx_hal_spi.c:1062:19:HAL_SPI_Receive	32	static
/home/lukasschoepf/Documents/ProjectWork_2/Projectwork2_Code/ST32N6AI/MatMul/MatMulN6/STM32N6/STM32Cube_FW_N6/Drivers/STM32N6xx_HAL_Driver/Src/stm32n6xx_hal_spi.c:1332:19:HAL_SPI_TransmitReceive	40	static
/home/lukasschoepf/Documents/ProjectWork_2/Projectwork2_Code/ST32N6AI/MatMul/MatMulN6/STM32N6/STM32Cube_FW_N6/Drivers/STM32N6xx_HAL_Driver/Src/stm32n6xx_hal_spi.c:1659:19:HAL_SPI_Transmit_IT	16	static
/home/lukasschoepf/Documents/ProjectWork_2/Projectwork2_Code/ST32N6AI/MatMul/MatMulN6/STM32N6/STM32Cube_FW_N6/Drivers/STM32N6xx_HAL_Driver/Src/stm32n6xx_hal_spi.c:1743:19:HAL_SPI_Receive_IT	16	static
/home/lukasschoepf/Documents/ProjectWork_2/Projectwork2_Code/ST32N6AI/MatMul/MatMulN6/STM32N6/STM32Cube_FW_N6/Drivers/STM32N6xx_HAL_Driver/Src/stm32n6xx_hal_spi.c:1832:19:HAL_SPI_TransmitReceive_IT	24	static
/home/lukasschoepf/Documents/ProjectWork_2/Projectwork2_Code/ST32N6AI/MatMul/MatMulN6/STM32N6/STM32Cube_FW_N6/Drivers/STM32N6xx_HAL_Driver/Src/stm32n6xx_hal_spi.c:1952:19:HAL_SPI_Transmit_DMA	24	static
/home/lukasschoepf/Documents/ProjectWork_2/Projectwork2_Code/ST32N6AI/MatMul/MatMulN6/STM32N6/STM32Cube_FW_N6/Drivers/STM32N6xx_HAL_Driver/Src/stm32n6xx_hal_spi.c:2138:19:HAL_SPI_Receive_DMA	24	static
/home/lukasschoepf/Documents/ProjectWork_2/Projectwork2_Code/ST32N6AI/MatMul/MatMulN6/STM32N6/STM32Cube_FW_N6/Drivers/STM32N6xx_HAL_Driver/Src/stm32n6xx_hal_spi.c:2327:19:HAL_SPI_TransmitReceive_DMA	24	static
/home/lukasschoepf/Documents/ProjectWork_2/Projectwork2_Code/ST32N6AI/MatMul/MatMulN6/STM32N6/STM32Cube_FW_N6/Drivers/STM32N6xx_HAL_Driver/Src/stm32n6xx_hal_spi.c:2588:19:HAL_SPI_Abort	16	static
/home/lukasschoepf/Documents/ProjectWork_2/Projectwork2_Code/ST32N6AI/MatMul/MatMulN6/STM32N6/STM32Cube_FW_N6/Drivers/STM32N6xx_HAL_Driver/Src/stm32n6xx_hal_spi.c:2867:19:HAL_SPI_DMAPause	0	static
/home/lukasschoepf/Documents/ProjectWork_2/Projectwork2_Code/ST32N6AI/MatMul/MatMulN6/STM32N6/STM32Cube_FW_N6/Drivers/STM32N6xx_HAL_Driver/Src/stm32n6xx_hal_spi.c:2882:19:HAL_SPI_DMAResume	0	static
/home/lukasschoepf/Documents/ProjectWork_2/Projectwork2_Code/ST32N6AI/MatMul/MatMulN6/STM32N6/STM32Cube_FW_N6/Drivers/STM32N6xx_HAL_Driver/Src/stm32n6xx_hal_spi.c:2897:19:HAL_SPI_DMAStop	0	static
/home/lukasschoepf/Documents/ProjectWork_2/Projectwork2_Code/ST32N6AI/MatMul/MatMulN6/STM32N6/STM32Cube_FW_N6/Drivers/STM32N6xx_HAL_Driver/Src/stm32n6xx_hal_spi.c:3156:13:HAL_SPI_TxCpltCallback	0	static
/home/lukasschoepf/Documents/ProjectWork_2/Projectwork2_Code/ST32N6AI/MatMul/MatMulN6/STM32N6/STM32Cube_FW_N6/Drivers/STM32N6xx_HAL_Driver/Src/stm32n6xx_hal_spi.c:3357:13:SPI_DMATransmitCplt	8	static
/home/lukasschoepf/Documents/ProjectWork_2/Projectwork2_Code/ST32N6AI/MatMul/MatMulN6/STM32N6/STM32Cube_FW_N6/Drivers/STM32N6xx_HAL_Driver/Src/stm32n6xx_hal_spi.c:3172:13:HAL_SPI_RxCpltCallback	0	static
/home/lukasschoepf/Documents/ProjectWork_2/Projectwork2_Code/ST32N6AI/MatMul/MatMulN6/STM32N6/STM32Cube_FW_N6/Drivers/STM32N6xx_HAL_Driver/Src/stm32n6xx_hal_spi.c:3385:13:SPI_DMAReceiveCplt	8	static
/home/lukasschoepf/Documents/ProjectWork_2/Projectwork2_Code/ST32N6AI/MatMul/MatMulN6/STM32N6/STM32Cube_FW_N6/Drivers/STM32N6xx_HAL_Driver/Src/stm32n6xx_hal_spi.c:3188:13:HAL_SPI_TxRxCpltCallback	0	static
/home/lukasschoepf/Documents/ProjectWork_2/Projectwork2_Code/ST32N6AI/MatMul/MatMulN6/STM32N6/STM32Cube_FW_N6/Drivers/STM32N6xx_HAL_Driver/Src/stm32n6xx_hal_spi.c:3413:13:SPI_DMATransmitReceiveCplt	8	static
/home/lukasschoepf/Documents/ProjectWork_2/Projectwork2_Code/ST32N6AI/MatMul/MatMulN6/STM32N6/STM32Cube_FW_N6/Drivers/STM32N6xx_HAL_Driver/Src/stm32n6xx_hal_spi.c:3204:13:HAL_SPI_TxHalfCpltCallback	0	static
/home/lukasschoepf/Documents/ProjectWork_2/Projectwork2_Code/ST32N6AI/MatMul/MatMulN6/STM32N6/STM32Cube_FW_N6/Drivers/STM32N6xx_HAL_Driver/Src/stm32n6xx_hal_spi.c:3442:13:SPI_DMAHalfTransmitCplt	8	static
/home/lukasschoepf/Documents/ProjectWork_2/Projectwork2_Code/ST32N6AI/MatMul/MatMulN6/STM32N6/STM32Cube_FW_N6/Drivers/STM32N6xx_HAL_Driver/Src/stm32n6xx_hal_spi.c:3220:13:HAL_SPI_RxHalfCpltCallback	0	static
/home/lukasschoepf/Documents/ProjectWork_2/Projectwork2_Code/ST32N6AI/MatMul/MatMulN6/STM32N6/STM32Cube_FW_N6/Drivers/STM32N6xx_HAL_Driver/Src/stm32n6xx_hal_spi.c:3460:13:SPI_DMAHalfReceiveCplt	8	static
/home/lukasschoepf/Documents/ProjectWork_2/Projectwork2_Code/ST32N6AI/MatMul/MatMulN6/STM32N6/STM32Cube_FW_N6/Drivers/STM32N6xx_HAL_Driver/Src/stm32n6xx_hal_spi.c:3236:13:HAL_SPI_TxRxHalfCpltCallback	0	static
/home/lukasschoepf/Documents/ProjectWork_2/Projectwork2_Code/ST32N6AI/MatMul/MatMulN6/STM32N6/STM32Cube_FW_N6/Drivers/STM32N6xx_HAL_Driver/Src/stm32n6xx_hal_spi.c:3478:13:SPI_DMAHalfTransmitReceiveCplt	8	static
/home/lukasschoepf/Documents/ProjectWork_2/Projectwork2_Code/ST32N6AI/MatMul/MatMulN6/STM32N6/STM32Cube_FW_N6/Drivers/STM32N6xx_HAL_Driver/Src/stm32n6xx_hal_spi.c:3252:13:HAL_SPI_ErrorCallback	0	static
/home/lukasschoepf/Documents/ProjectWork_2/Projectwork2_Code/ST32N6AI/MatMul/MatMulN6/STM32N6/STM32Cube_FW_N6/Drivers/STM32N6xx_HAL_Driver/Src/stm32n6xx_hal_spi.c:3496:13:SPI_DMAError	8	static
/home/lukasschoepf/Documents/ProjectWork_2/Projectwork2_Code/ST32N6AI/MatMul/MatMulN6/STM32N6/STM32Cube_FW_N6/Drivers/STM32N6xx_HAL_Driver/Src/stm32n6xx_hal_spi.c:3522:13:SPI_DMAAbortOnError	8	static
/home/lukasschoepf/Documents/ProjectWork_2/Projectwork2_Code/ST32N6AI/MatMul/MatMulN6/STM32N6/STM32Cube_FW_N6/Drivers/STM32N6xx_HAL_Driver/Src/stm32n6xx_hal_spi.c:3270:13:HAL_SPI_AbortCpltCallback	0	static
/home/lukasschoepf/Documents/ProjectWork_2/Projectwork2_Code/ST32N6AI/MatMul/MatMulN6/STM32N6/STM32Cube_FW_N6/Drivers/STM32N6xx_HAL_Driver/Src/stm32n6xx_hal_spi.c:2721:19:HAL_SPI_Abort_IT	24	static
/home/lukasschoepf/Documents/ProjectWork_2/Projectwork2_Code/ST32N6AI/MatMul/MatMulN6/STM32N6/STM32Cube_FW_N6/Drivers/STM32N6xx_HAL_Driver/Src/stm32n6xx_hal_spi.c:3583:13:SPI_DMARxAbortCallback	8	static
/home/lukasschoepf/Documents/ProjectWork_2/Projectwork2_Code/ST32N6AI/MatMul/MatMulN6/STM32N6/STM32Cube_FW_N6/Drivers/STM32N6xx_HAL_Driver/Src/stm32n6xx_hal_spi.c:3546:13:SPI_DMATxAbortCallback	8	static
/home/lukasschoepf/Documents/ProjectWork_2/Projectwork2_Code/ST32N6AI/MatMul/MatMulN6/STM32N6/STM32Cube_FW_N6/Drivers/STM32N6xx_HAL_Driver/Src/stm32n6xx_hal_spi.c:3285:13:HAL_SPI_SuspendCallback	0	static
/home/lukasschoepf/Documents/ProjectWork_2/Projectwork2_Code/ST32N6AI/MatMul/MatMulN6/STM32N6/STM32Cube_FW_N6/Drivers/STM32N6xx_HAL_Driver/Src/stm32n6xx_hal_spi.c:2911:6:HAL_SPI_IRQHandler	32	static
/home/lukasschoepf/Documents/ProjectWork_2/Projectwork2_Code/ST32N6AI/MatMul/MatMulN6/STM32N6/STM32Cube_FW_N6/Drivers/STM32N6xx_HAL_Driver/Src/stm32n6xx_hal_spi.c:3320:22:HAL_SPI_GetState	0	static
/home/lukasschoepf/Documents/ProjectWork_2/Projectwork2_Code/ST32N6AI/MatMul/MatMulN6/STM32N6/STM32Cube_FW_N6/Drivers/STM32N6xx_HAL_Driver/Src/stm32n6xx_hal_spi.c:3332:10:HAL_SPI_GetError	0	static
