/home/lukasschoepf/Documents/ProjectWork_2/Projectwork2_Code/ST32N6AI/image_classification/STM32N6/Middlewares/AI_Runtime/Npu/Devices/STM32N6XX/npu_cache.c:23:6:npu_cache_init	8	static
/home/lukasschoepf/Documents/ProjectWork_2/Projectwork2_Code/ST32N6AI/image_classification/STM32N6/Middlewares/AI_Runtime/Npu/Devices/STM32N6XX/npu_cache.c:29:6:npu_cache_enable	16	static
/home/lukasschoepf/Documents/ProjectWork_2/Projectwork2_Code/ST32N6AI/image_classification/STM32N6/Middlewares/AI_Runtime/Npu/Devices/STM32N6XX/npu_cache.c:40:6:npu_cache_disable	16	static
/home/lukasschoepf/Documents/ProjectWork_2/Projectwork2_Code/ST32N6AI/image_classification/STM32N6/Middlewares/AI_Runtime/Npu/Devices/STM32N6XX/npu_cache.c:49:6:npu_cache_invalidate	8	static
/home/lukasschoepf/Documents/ProjectWork_2/Projectwork2_Code/ST32N6AI/image_classification/STM32N6/Middlewares/AI_Runtime/Npu/Devices/STM32N6XX/npu_cache.c:54:6:npu_cache_clean_range	16	static
/home/lukasschoepf/Documents/ProjectWork_2/Projectwork2_Code/ST32N6AI/image_classification/STM32N6/Middlewares/AI_Runtime/Npu/Devices/STM32N6XX/npu_cache.c:59:6:npu_cache_clean_invalidate_range	16	static
/home/lukasschoepf/Documents/ProjectWork_2/Projectwork2_Code/ST32N6AI/image_classification/STM32N6/Middlewares/AI_Runtime/Npu/Devices/STM32N6XX/npu_cache.c:64:6:NPU_CACHE_IRQHandler	4	static,ignoring_inline_asm
