../../../../STM32Cube_FW_N6/Drivers/STM32N6xx_HAL_Driver/Inc/stm32n6xx_ll_bus.h:1407:22:LL_AHB4_GRP1_EnableClock	24	static
../../../../STM32Cube_FW_N6/Drivers/STM32N6xx_HAL_Driver/Inc/stm32n6xx_ll_bus.h:3639:22:LL_APB5_GRP1_EnableClock	24	static
../../../../STM32Cube_FW_N6/Drivers/STM32N6xx_HAL_Driver/Inc/stm32n6xx_ll_bus.h:3683:22:LL_APB5_GRP1_DisableClock	16	static
../../../../STM32Cube_FW_N6/Drivers/STM32N6xx_HAL_Driver/Inc/stm32n6xx_ll_bus.h:3703:22:LL_APB5_GRP1_ForceReset	16	static
../../../../STM32Cube_FW_N6/Drivers/STM32N6xx_HAL_Driver/Inc/stm32n6xx_ll_bus.h:3723:22:LL_APB5_GRP1_ReleaseReset	16	static
../../../../STM32Cube_FW_N6/Drivers/STM32N6xx_HAL_Driver/Inc/stm32n6xx_ll_bus.h:3743:22:LL_APB5_GRP1_EnableClockLowPower	24	static
/home/lukasschoepf/Documents/ProjectWork_2/Projectwork2_Code/ST32N6AI/image_classification/STM32N6/Middlewares/Camera_Middleware/cmw_camera.c:96:23:CMW_CAMERA_GetDCMIPPHandle	4	static
/home/lukasschoepf/Documents/ProjectWork_2/Projectwork2_Code/ST32N6AI/image_classification/STM32N6/Middlewares/Camera_Middleware/cmw_camera.c:101:9:CMW_CAMERA_SetPipeConfig	24	static
/home/lukasschoepf/Documents/ProjectWork_2/Projectwork2_Code/ST32N6AI/image_classification/STM32N6/Middlewares/Camera_Middleware/cmw_camera.c:111:9:CMW_CAMERA_GetSensorName	40	static
/home/lukasschoepf/Documents/ProjectWork_2/Projectwork2_Code/ST32N6AI/image_classification/STM32N6/Middlewares/Camera_Middleware/cmw_camera.c:161:9:CMW_CAMERA_SetWBRefMode	24	static
/home/lukasschoepf/Documents/ProjectWork_2/Projectwork2_Code/ST32N6AI/image_classification/STM32N6/Middlewares/Camera_Middleware/cmw_camera.c:181:9:CMW_CAMERA_ListWBRefModes	24	static
/home/lukasschoepf/Documents/ProjectWork_2/Projectwork2_Code/ST32N6AI/image_classification/STM32N6/Middlewares/Camera_Middleware/cmw_camera.c:202:12:CMW_CAMERA_Probe_Sensor	24	static
/home/lukasschoepf/Documents/ProjectWork_2/Projectwork2_Code/ST32N6AI/image_classification/STM32N6/Middlewares/Camera_Middleware/cmw_camera.c:243:9:CMW_CAMERA_Init	112	static
/home/lukasschoepf/Documents/ProjectWork_2/Projectwork2_Code/ST32N6AI/image_classification/STM32N6/Middlewares/Camera_Middleware/cmw_camera.c:317:9:CMW_CAMERA_SetMirrorFlip	24	static
/home/lukasschoepf/Documents/ProjectWork_2/Projectwork2_Code/ST32N6AI/image_classification/STM32N6/Middlewares/Camera_Middleware/cmw_camera.c:343:9:CMW_CAMERA_GetMirrorFlip	16	static
/home/lukasschoepf/Documents/ProjectWork_2/Projectwork2_Code/ST32N6AI/image_classification/STM32N6/Middlewares/Camera_Middleware/cmw_camera.c:356:9:CMW_CAMERA_Start	40	static
/home/lukasschoepf/Documents/ProjectWork_2/Projectwork2_Code/ST32N6AI/image_classification/STM32N6/Middlewares/Camera_Middleware/cmw_camera.c:394:9:CMW_CAMERA_DoubleBufferStart	40	static
/home/lukasschoepf/Documents/ProjectWork_2/Projectwork2_Code/ST32N6AI/image_classification/STM32N6/Middlewares/Camera_Middleware/cmw_camera.c:433:26:MX_DCMIPP_ClockConfig	16	static
/home/lukasschoepf/Documents/ProjectWork_2/Projectwork2_Code/ST32N6AI/image_classification/STM32N6/Middlewares/Camera_Middleware/cmw_camera.c:444:9:CMW_CAMERA_DeInit	16	static
/home/lukasschoepf/Documents/ProjectWork_2/Projectwork2_Code/ST32N6AI/image_classification/STM32N6/Middlewares/Camera_Middleware/cmw_camera.c:501:9:CMW_CAMERA_Suspend	16	static
/home/lukasschoepf/Documents/ProjectWork_2/Projectwork2_Code/ST32N6AI/image_classification/STM32N6/Middlewares/Camera_Middleware/cmw_camera.c:520:9:CMW_CAMERA_Resume	16	static
/home/lukasschoepf/Documents/ProjectWork_2/Projectwork2_Code/ST32N6AI/image_classification/STM32N6/Middlewares/Camera_Middleware/cmw_camera.c:539:5:CMW_CAMERA_SetGain	24	static
/home/lukasschoepf/Documents/ProjectWork_2/Projectwork2_Code/ST32N6AI/image_classification/STM32N6/Middlewares/Camera_Middleware/cmw_camera.c:562:5:CMW_CAMERA_GetGain	16	static
/home/lukasschoepf/Documents/ProjectWork_2/Projectwork2_Code/ST32N6AI/image_classification/STM32N6/Middlewares/Camera_Middleware/cmw_camera.c:573:5:CMW_CAMERA_SetExposure	24	static
/home/lukasschoepf/Documents/ProjectWork_2/Projectwork2_Code/ST32N6AI/image_classification/STM32N6/Middlewares/Camera_Middleware/cmw_camera.c:597:5:CMW_CAMERA_GetExposure	16	static
/home/lukasschoepf/Documents/ProjectWork_2/Projectwork2_Code/ST32N6AI/image_classification/STM32N6/Middlewares/Camera_Middleware/cmw_camera.c:608:9:CMW_CAMERA_SetExposureMode	24	static
/home/lukasschoepf/Documents/ProjectWork_2/Projectwork2_Code/ST32N6AI/image_classification/STM32N6/Middlewares/Camera_Middleware/cmw_camera.c:632:9:CMW_CAMERA_GetExposureMode	16	static
/home/lukasschoepf/Documents/ProjectWork_2/Projectwork2_Code/ST32N6AI/image_classification/STM32N6/Middlewares/Camera_Middleware/cmw_camera.c:643:9:CMW_CAMERA_SetTestPattern	24	static
/home/lukasschoepf/Documents/ProjectWork_2/Projectwork2_Code/ST32N6AI/image_classification/STM32N6/Middlewares/Camera_Middleware/cmw_camera.c:667:9:CMW_CAMERA_GetTestPattern	16	static
/home/lukasschoepf/Documents/ProjectWork_2/Projectwork2_Code/ST32N6AI/image_classification/STM32N6/Middlewares/Camera_Middleware/cmw_camera.c:680:9:CMW_CAMERA_GetSensorInfo	24	static
/home/lukasschoepf/Documents/ProjectWork_2/Projectwork2_Code/ST32N6AI/image_classification/STM32N6/Middlewares/Camera_Middleware/cmw_camera.c:701:9:CMW_CAMERA_Run	8	static
/home/lukasschoepf/Documents/ProjectWork_2/Projectwork2_Code/ST32N6AI/image_classification/STM32N6/Middlewares/Camera_Middleware/cmw_camera.c:715:12:CMW_CAMERA_PIPE_VsyncEventCallback	16	static
/home/lukasschoepf/Documents/ProjectWork_2/Projectwork2_Code/ST32N6AI/image_classification/STM32N6/Middlewares/Camera_Middleware/cmw_camera.c:727:12:CMW_CAMERA_PIPE_FrameEventCallback	16	static
/home/lukasschoepf/Documents/ProjectWork_2/Projectwork2_Code/ST32N6AI/image_classification/STM32N6/Middlewares/Camera_Middleware/cmw_camera.c:740:6:HAL_DCMIPP_PIPE_VsyncEventCallback	16	static
/home/lukasschoepf/Documents/ProjectWork_2/Projectwork2_Code/ST32N6AI/image_classification/STM32N6/Middlewares/Camera_Middleware/cmw_camera.c:756:6:HAL_DCMIPP_PIPE_FrameEventCallback	16	static
/home/lukasschoepf/Documents/ProjectWork_2/Projectwork2_Code/ST32N6AI/image_classification/STM32N6/Middlewares/Camera_Middleware/cmw_camera.c:771:6:HAL_DCMIPP_MspInit	16	static
/home/lukasschoepf/Documents/ProjectWork_2/Projectwork2_Code/ST32N6AI/image_classification/STM32N6/Middlewares/Camera_Middleware/cmw_camera.c:806:6:HAL_DCMIPP_MspDeInit	16	static
/home/lukasschoepf/Documents/ProjectWork_2/Projectwork2_Code/ST32N6AI/image_classification/STM32N6/Middlewares/Camera_Middleware/cmw_camera.c:833:13:CMW_CAMERA_EnableGPIOs	32	static
/home/lukasschoepf/Documents/ProjectWork_2/Projectwork2_Code/ST32N6AI/image_classification/STM32N6/Middlewares/Camera_Middleware/cmw_camera.c:860:13:CMW_CAMERA_PwrDown	32	static
/home/lukasschoepf/Documents/ProjectWork_2/Projectwork2_Code/ST32N6AI/image_classification/STM32N6/Middlewares/Camera_Middleware/cmw_camera.c:883:13:CMW_CAMERA_ShutdownPin	16	static
/home/lukasschoepf/Documents/ProjectWork_2/Projectwork2_Code/ST32N6AI/image_classification/STM32N6/Middlewares/Camera_Middleware/cmw_camera.c:888:13:CMW_CAMERA_EnablePin	16	static
/home/lukasschoepf/Documents/ProjectWork_2/Projectwork2_Code/ST32N6AI/image_classification/STM32N6/Middlewares/Camera_Middleware/cmw_camera.c:894:26:CB_ISP_SetSensorGain	16	static
/home/lukasschoepf/Documents/ProjectWork_2/Projectwork2_Code/ST32N6AI/image_classification/STM32N6/Middlewares/Camera_Middleware/cmw_camera.c:902:26:CB_ISP_GetSensorGain	16	static
/home/lukasschoepf/Documents/ProjectWork_2/Projectwork2_Code/ST32N6AI/image_classification/STM32N6/Middlewares/Camera_Middleware/cmw_camera.c:910:26:CB_ISP_SetSensorExposure	16	static
/home/lukasschoepf/Documents/ProjectWork_2/Projectwork2_Code/ST32N6AI/image_classification/STM32N6/Middlewares/Camera_Middleware/cmw_camera.c:918:26:CB_ISP_GetSensorExposure	16	static
/home/lukasschoepf/Documents/ProjectWork_2/Projectwork2_Code/ST32N6AI/image_classification/STM32N6/Middlewares/Camera_Middleware/cmw_camera.c:926:26:CB_ISP_GetSensorInfo	16	static
/home/lukasschoepf/Documents/ProjectWork_2/Projectwork2_Code/ST32N6AI/image_classification/STM32N6/Middlewares/Camera_Middleware/cmw_camera.c:938:16:CMW_CAMERA_VD55G1_Init	112	static
/home/lukasschoepf/Documents/ProjectWork_2/Projectwork2_Code/ST32N6AI/image_classification/STM32N6/Middlewares/Camera_Middleware/cmw_camera.c:1009:16:CMW_CAMERA_VD66GY_Init	112	static
/home/lukasschoepf/Documents/ProjectWork_2/Projectwork2_Code/ST32N6AI/image_classification/STM32N6/Middlewares/Camera_Middleware/cmw_camera.c:1086:16:CMW_CAMERA_IMX335_Init	112	static
/home/lukasschoepf/Documents/ProjectWork_2/Projectwork2_Code/ST32N6AI/image_classification/STM32N6/Middlewares/Camera_Middleware/cmw_camera.c:1175:16:CMW_CAMERA_SetPipe	104	static
