/home/lukasschoepf/Documents/ProjectWork_2/Projectwork2_Code/ST32N6AI/MatMul/MatMulN6/STM32N6/Middlewares/Camera_Middleware/sensors/vd55g1/vd55g1.c:218:13:VD55G1_log_impl	16	static
/home/lukasschoepf/Documents/ProjectWork_2/Projectwork2_Code/ST32N6AI/MatMul/MatMulN6/STM32N6/Middlewares/Camera_Middleware/sensors/vd55g1/vd55g1.c:282:12:VD55G1_PollReg8	40	static
/home/lukasschoepf/Documents/ProjectWork_2/Projectwork2_Code/ST32N6AI/MatMul/MatMulN6/STM32N6/Middlewares/Camera_Middleware/sensors/vd55g1/vd55g1.c:316:12:VD55G1_WaitState	24	static
/home/lukasschoepf/Documents/ProjectWork_2/Projectwork2_Code/ST32N6AI/MatMul/MatMulN6/STM32N6/Middlewares/Camera_Middleware/sensors/vd55g1/vd55g1.c:246:13:display_error	24	static
/home/lukasschoepf/Documents/ProjectWork_2/Projectwork2_Code/ST32N6AI/MatMul/MatMulN6/STM32N6/Middlewares/Camera_Middleware/sensors/vd55g1/vd55g1.c:365:12:VD55G1_ApplyPatchCommon	48	static
/home/lukasschoepf/Documents/ProjectWork_2/Projectwork2_Code/ST32N6AI/MatMul/MatMulN6/STM32N6/Middlewares/Camera_Middleware/sensors/vd55g1/vd55g1.c:587:12:VD55G1_ComputeFrameLength	56	static
/home/lukasschoepf/Documents/ProjectWork_2/Projectwork2_Code/ST32N6AI/MatMul/MatMulN6/STM32N6/Middlewares/Camera_Middleware/sensors/vd55g1/vd55g1.c:729:12:VD55G1_SetFlicker	32	static
/home/lukasschoepf/Documents/ProjectWork_2/Projectwork2_Code/ST32N6AI/MatMul/MatMulN6/STM32N6/Middlewares/Camera_Middleware/sensors/vd55g1/vd55g1.c:810:12:VD55G1_StopStreaming	32	static
/home/lukasschoepf/Documents/ProjectWork_2/Projectwork2_Code/ST32N6AI/MatMul/MatMulN6/STM32N6/Middlewares/Camera_Middleware/sensors/vd55g1/vd55g1.c:269:12:VD55G1_Copy16	40	static
/home/lukasschoepf/Documents/ProjectWork_2/Projectwork2_Code/ST32N6AI/MatMul/MatMulN6/STM32N6/Middlewares/Camera_Middleware/sensors/vd55g1/vd55g1.c:256:12:VD55G1_Copy8	40	static
/home/lukasschoepf/Documents/ProjectWork_2/Projectwork2_Code/ST32N6AI/MatMul/MatMulN6/STM32N6/Middlewares/Camera_Middleware/sensors/vd55g1/vd55g1.c:981:5:VD55G1_Init	48	static
/home/lukasschoepf/Documents/ProjectWork_2/Projectwork2_Code/ST32N6AI/MatMul/MatMulN6/STM32N6/Middlewares/Camera_Middleware/sensors/vd55g1/vd55g1.c:1022:5:VD55G1_DeInit	8	static
/home/lukasschoepf/Documents/ProjectWork_2/Projectwork2_Code/ST32N6AI/MatMul/MatMulN6/STM32N6/Middlewares/Camera_Middleware/sensors/vd55g1/vd55g1.c:1035:5:VD55G1_Start	48	static
/home/lukasschoepf/Documents/ProjectWork_2/Projectwork2_Code/ST32N6AI/MatMul/MatMulN6/STM32N6/Middlewares/Camera_Middleware/sensors/vd55g1/vd55g1.c:1052:5:VD55G1_Stop	8	static
/home/lukasschoepf/Documents/ProjectWork_2/Projectwork2_Code/ST32N6AI/MatMul/MatMulN6/STM32N6/Middlewares/Camera_Middleware/sensors/vd55g1/vd55g1.c:1065:5:VD55G1_StartAutoWakeUp	48	static
/home/lukasschoepf/Documents/ProjectWork_2/Projectwork2_Code/ST32N6AI/MatMul/MatMulN6/STM32N6/Middlewares/Camera_Middleware/sensors/vd55g1/vd55g1.c:1087:5:VD55G1_SetFlipMirrorMode	24	static
/home/lukasschoepf/Documents/ProjectWork_2/Projectwork2_Code/ST32N6AI/MatMul/MatMulN6/STM32N6/Middlewares/Camera_Middleware/sensors/vd55g1/vd55g1.c:1114:5:VD55G1_GetBrightnessLevel	40	static
/home/lukasschoepf/Documents/ProjectWork_2/Projectwork2_Code/ST32N6AI/MatMul/MatMulN6/STM32N6/Middlewares/Camera_Middleware/sensors/vd55g1/vd55g1.c:1126:5:VD55G1_SetBrightnessLevel	32	static
/home/lukasschoepf/Documents/ProjectWork_2/Projectwork2_Code/ST32N6AI/MatMul/MatMulN6/STM32N6/Middlewares/Camera_Middleware/sensors/vd55g1/vd55g1.c:1140:5:VD55G1_SetFlickerMode	16	static
