/home/lukasschoepf/Documents/ProjectWork_2/Projectwork2_Code/ST32N6AI/MatMul/MatMulN6/STM32N6/STM32Cube_FW_N6/Utilities/lcd/stm32_lcd.c:179:6:UTIL_LCD_SetFuncDriver	16	static
/home/lukasschoepf/Documents/ProjectWork_2/Projectwork2_Code/ST32N6AI/MatMul/MatMulN6/STM32N6/STM32Cube_FW_N6/Utilities/lcd/stm32_lcd.c:204:6:UTIL_LCD_SetLayer	16	static
/home/lukasschoepf/Documents/ProjectWork_2/Projectwork2_Code/ST32N6AI/MatMul/MatMulN6/STM32N6/STM32Cube_FW_N6/Utilities/lcd/stm32_lcd.c:222:6:UTIL_LCD_SetDevice	16	static
/home/lukasschoepf/Documents/ProjectWork_2/Projectwork2_Code/ST32N6AI/MatMul/MatMulN6/STM32N6/STM32Cube_FW_N6/Utilities/lcd/stm32_lcd.c:233:6:UTIL_LCD_SetTextColor	0	static
/home/lukasschoepf/Documents/ProjectWork_2/Projectwork2_Code/ST32N6AI/MatMul/MatMulN6/STM32N6/STM32Cube_FW_N6/Utilities/lcd/stm32_lcd.c:242:10:UTIL_LCD_GetTextColor	0	static
/home/lukasschoepf/Documents/ProjectWork_2/Projectwork2_Code/ST32N6AI/MatMul/MatMulN6/STM32N6/STM32Cube_FW_N6/Utilities/lcd/stm32_lcd.c:251:6:UTIL_LCD_SetBackColor	0	static
/home/lukasschoepf/Documents/ProjectWork_2/Projectwork2_Code/ST32N6AI/MatMul/MatMulN6/STM32N6/STM32Cube_FW_N6/Utilities/lcd/stm32_lcd.c:260:10:UTIL_LCD_GetBackColor	0	static
/home/lukasschoepf/Documents/ProjectWork_2/Projectwork2_Code/ST32N6AI/MatMul/MatMulN6/STM32N6/STM32Cube_FW_N6/Utilities/lcd/stm32_lcd.c:269:6:UTIL_LCD_SetFont	0	static
/home/lukasschoepf/Documents/ProjectWork_2/Projectwork2_Code/ST32N6AI/MatMul/MatMulN6/STM32N6/STM32Cube_FW_N6/Utilities/lcd/stm32_lcd.c:278:8:UTIL_LCD_GetFont	0	static
/home/lukasschoepf/Documents/ProjectWork_2/Projectwork2_Code/ST32N6AI/MatMul/MatMulN6/STM32N6/STM32Cube_FW_N6/Utilities/lcd/stm32_lcd.c:290:6:UTIL_LCD_FillRGBRect	16	static
/home/lukasschoepf/Documents/ProjectWork_2/Projectwork2_Code/ST32N6AI/MatMul/MatMulN6/STM32N6/STM32Cube_FW_N6/Utilities/lcd/stm32_lcd.c:303:6:UTIL_LCD_DrawHLine	32	static
/home/lukasschoepf/Documents/ProjectWork_2/Projectwork2_Code/ST32N6AI/MatMul/MatMulN6/STM32N6/STM32Cube_FW_N6/Utilities/lcd/stm32_lcd.c:331:6:UTIL_LCD_DrawVLine	32	static
/home/lukasschoepf/Documents/ProjectWork_2/Projectwork2_Code/ST32N6AI/MatMul/MatMulN6/STM32N6/STM32Cube_FW_N6/Utilities/lcd/stm32_lcd.c:358:6:UTIL_LCD_GetPixel	16	static
/home/lukasschoepf/Documents/ProjectWork_2/Projectwork2_Code/ST32N6AI/MatMul/MatMulN6/STM32N6/STM32Cube_FW_N6/Utilities/lcd/stm32_lcd.c:382:6:UTIL_LCD_SetPixel	12	static
/home/lukasschoepf/Documents/ProjectWork_2/Projectwork2_Code/ST32N6AI/MatMul/MatMulN6/STM32N6/STM32Cube_FW_N6/Utilities/lcd/stm32_lcd.c:430:6:UTIL_LCD_DisplayChar	176	static
/home/lukasschoepf/Documents/ProjectWork_2/Projectwork2_Code/ST32N6AI/MatMul/MatMulN6/STM32N6/STM32Cube_FW_N6/Utilities/lcd/stm32_lcd.c:447:6:UTIL_LCD_DisplayStringAt	32	static
/home/lukasschoepf/Documents/ProjectWork_2/Projectwork2_Code/ST32N6AI/MatMul/MatMulN6/STM32N6/STM32Cube_FW_N6/Utilities/lcd/stm32_lcd.c:508:6:UTIL_LCD_DisplayStringAtLine	8	static
/home/lukasschoepf/Documents/ProjectWork_2/Projectwork2_Code/ST32N6AI/MatMul/MatMulN6/STM32N6/STM32Cube_FW_N6/Utilities/lcd/stm32_lcd.c:521:6:UTIL_LCD_DrawLine	56	static
/home/lukasschoepf/Documents/ProjectWork_2/Projectwork2_Code/ST32N6AI/MatMul/MatMulN6/STM32N6/STM32Cube_FW_N6/Utilities/lcd/stm32_lcd.c:1110:13:FillTriangle	64	static
/home/lukasschoepf/Documents/ProjectWork_2/Projectwork2_Code/ST32N6AI/MatMul/MatMulN6/STM32N6/STM32Cube_FW_N6/Utilities/lcd/stm32_lcd.c:600:6:UTIL_LCD_DrawRect	24	static
/home/lukasschoepf/Documents/ProjectWork_2/Projectwork2_Code/ST32N6AI/MatMul/MatMulN6/STM32N6/STM32Cube_FW_N6/Utilities/lcd/stm32_lcd.c:618:6:UTIL_LCD_DrawCircle	40	static
/home/lukasschoepf/Documents/ProjectWork_2/Projectwork2_Code/ST32N6AI/MatMul/MatMulN6/STM32N6/STM32Cube_FW_N6/Utilities/lcd/stm32_lcd.c:697:6:UTIL_LCD_DrawPolygon	24	static
/home/lukasschoepf/Documents/ProjectWork_2/Projectwork2_Code/ST32N6AI/MatMul/MatMulN6/STM32N6/STM32Cube_FW_N6/Utilities/lcd/stm32_lcd.c:725:6:UTIL_LCD_DrawEllipse	56	static
/home/lukasschoepf/Documents/ProjectWork_2/Projectwork2_Code/ST32N6AI/MatMul/MatMulN6/STM32N6/STM32Cube_FW_N6/Utilities/lcd/stm32_lcd.c:761:6:UTIL_LCD_DrawBitmap	4	static
/home/lukasschoepf/Documents/ProjectWork_2/Projectwork2_Code/ST32N6AI/MatMul/MatMulN6/STM32N6/STM32Cube_FW_N6/Utilities/lcd/stm32_lcd.c:774:6:UTIL_LCD_FillRect	32	static
/home/lukasschoepf/Documents/ProjectWork_2/Projectwork2_Code/ST32N6AI/MatMul/MatMulN6/STM32N6/STM32Cube_FW_N6/Utilities/lcd/stm32_lcd.c:407:6:UTIL_LCD_Clear	16	static
/home/lukasschoepf/Documents/ProjectWork_2/Projectwork2_Code/ST32N6AI/MatMul/MatMulN6/STM32N6/STM32Cube_FW_N6/Utilities/lcd/stm32_lcd.c:417:6:UTIL_LCD_ClearStringLine	16	static
/home/lukasschoepf/Documents/ProjectWork_2/Projectwork2_Code/ST32N6AI/MatMul/MatMulN6/STM32N6/STM32Cube_FW_N6/Utilities/lcd/stm32_lcd.c:802:6:UTIL_LCD_FillCircle	48	static
/home/lukasschoepf/Documents/ProjectWork_2/Projectwork2_Code/ST32N6AI/MatMul/MatMulN6/STM32N6/STM32Cube_FW_N6/Utilities/lcd/stm32_lcd.c:863:6:UTIL_LCD_FillPolygon	80	static
/home/lukasschoepf/Documents/ProjectWork_2/Projectwork2_Code/ST32N6AI/MatMul/MatMulN6/STM32N6/STM32Cube_FW_N6/Utilities/lcd/stm32_lcd.c:967:6:UTIL_LCD_FillEllipse	48	static
