../../../../STM32Cube_FW_N6/Drivers/CMSIS/Include/core_cm55.h:3852:22:__NVIC_EnableIRQ	16	static,ignoring_inline_asm
../../../../STM32Cube_FW_N6/Drivers/CMSIS/Include/core_cm55.h:3890:22:__NVIC_DisableIRQ	16	static,ignoring_inline_asm
/home/lukasschoepf/Documents/ProjectWork_2/Projectwork2_Code/ST32N6AI/image_classification/STM32N6/Middlewares/AI_Runtime/Npu/ll_aton/ll_aton_NN_interface.h:517:22:EpochBlock_IsLastEpochBlock	16	static
/home/lukasschoepf/Documents/ProjectWork_2/Projectwork2_Code/ST32N6AI/image_classification/STM32N6/Middlewares/AI_Runtime/Npu/ll_aton/ll_aton_NN_interface.h:522:22:EpochBlock_IsEpochStart	16	static
/home/lukasschoepf/Documents/ProjectWork_2/Projectwork2_Code/ST32N6AI/image_classification/STM32N6/Middlewares/AI_Runtime/Npu/ll_aton/ll_aton_NN_interface.h:532:22:EpochBlock_IsEpochBlob	16	static
/home/lukasschoepf/Documents/ProjectWork_2/Projectwork2_Code/ST32N6AI/image_classification/STM32N6/Middlewares/AI_Runtime/Npu/ll_aton/ll_aton_NN_interface.h:542:22:EpochBlock_IsEpochPureHW	16	static
/home/lukasschoepf/Documents/ProjectWork_2/Projectwork2_Code/ST32N6AI/image_classification/STM32N6/Middlewares/AI_Runtime/Npu/ll_aton/ll_aton_NN_interface.h:547:22:EpochBlock_IsEpochHybrid	16	static
/home/lukasschoepf/Documents/ProjectWork_2/Projectwork2_Code/ST32N6AI/image_classification/STM32N6/Middlewares/AI_Runtime/Npu/ll_aton/ll_aton_NN_interface.h:552:22:EpochBlock_IsEpochInternal	16	static
/home/lukasschoepf/Documents/ProjectWork_2/Projectwork2_Code/ST32N6AI/image_classification/STM32N6/Middlewares/AI_Runtime/Npu/ll_aton/ll_aton_NN_interface.h:557:26:EpochBlock_EpochControllerUnit	16	static
/home/lukasschoepf/Documents/ProjectWork_2/Projectwork2_Code/ST32N6AI/image_classification/STM32N6/Middlewares/AI_Runtime/Npu/ll_aton/ll_aton_NN_interface.h:563:27:EpochBlock_EpochBlobAddr	16	static
/home/lukasschoepf/Documents/ProjectWork_2/Projectwork2_Code/ST32N6AI/image_classification/STM32N6/Middlewares/AI_Runtime/Npu/ll_aton/ll_aton_runtime.h:46:22:__ll_set_aton_owner	16	static
/home/lukasschoepf/Documents/ProjectWork_2/Projectwork2_Code/ST32N6AI/image_classification/STM32N6/Middlewares/AI_Runtime/Npu/ll_aton/ll_aton_runtime.h:63:22:__ll_clear_aton_owner	16	static
/home/lukasschoepf/Documents/ProjectWork_2/Projectwork2_Code/ST32N6AI/image_classification/STM32N6/Middlewares/AI_Runtime/Npu/ll_aton/ll_aton_runtime.h:82:22:__LL_ATON_RT_Start_AtoNN_Epoch	16	static
/home/lukasschoepf/Documents/ProjectWork_2/Projectwork2_Code/ST32N6AI/image_classification/STM32N6/Middlewares/AI_Runtime/Npu/ll_aton/ll_aton_runtime.h:113:22:__LL_ATON_RT_SetWaitMask	16	static
/home/lukasschoepf/Documents/ProjectWork_2/Projectwork2_Code/ST32N6AI/image_classification/STM32N6/Middlewares/AI_Runtime/Npu/ll_aton/ll_aton_runtime.h:139:22:__LL_ATON_RT_RetFromLibEpochBlockArray	16	static
/home/lukasschoepf/Documents/ProjectWork_2/Projectwork2_Code/ST32N6AI/image_classification/STM32N6/Middlewares/AI_Runtime/Npu/ll_aton/ll_aton_runtime.c:51:19:dump_dma_state	4	static
/home/lukasschoepf/Documents/ProjectWork_2/Projectwork2_Code/ST32N6AI/image_classification/STM32N6/Middlewares/AI_Runtime/Npu/ll_aton/ll_aton_runtime.c:78:17:__LL_ATON_RT_CntEpochBlocks	24	static
/home/lukasschoepf/Documents/ProjectWork_2/Projectwork2_Code/ST32N6AI/image_classification/STM32N6/Middlewares/AI_Runtime/Npu/ll_aton/ll_aton_runtime.c:94:20:__LL_ATON_RT_ExecStartEpochBlock	32	static
/home/lukasschoepf/Documents/ProjectWork_2/Projectwork2_Code/ST32N6AI/image_classification/STM32N6/Middlewares/AI_Runtime/Npu/ll_aton/ll_aton_runtime.c:183:20:__LL_ATON_RT_ExecEndEpochBlock	24	static
/home/lukasschoepf/Documents/ProjectWork_2/Projectwork2_Code/ST32N6AI/image_classification/STM32N6/Middlewares/AI_Runtime/Npu/ll_aton/ll_aton_runtime.c:246:13:__LL_ATON_RT_DetermineNextEpochBlock	16	static
/home/lukasschoepf/Documents/ProjectWork_2/Projectwork2_Code/ST32N6AI/image_classification/STM32N6/Middlewares/AI_Runtime/Npu/ll_aton/ll_aton_runtime.c:287:24:__LL_ATON_RT_GetWaitMask	16	static
/home/lukasschoepf/Documents/ProjectWork_2/Projectwork2_Code/ST32N6AI/image_classification/STM32N6/Middlewares/AI_Runtime/Npu/ll_aton/ll_aton_runtime.c:301:20:__LL_ATON_RT_Init_Network	24	static
/home/lukasschoepf/Documents/ProjectWork_2/Projectwork2_Code/ST32N6AI/image_classification/STM32N6/Middlewares/AI_Runtime/Npu/ll_aton/ll_aton_runtime.c:367:6:LL_ATON_RT_SetRuntimeCallback	16	static
/home/lukasschoepf/Documents/ProjectWork_2/Projectwork2_Code/ST32N6AI/image_classification/STM32N6/Middlewares/AI_Runtime/Npu/ll_aton/ll_aton_runtime.c:385:6:LL_ATON_RT_SetEpochCallback	16	static
/home/lukasschoepf/Documents/ProjectWork_2/Projectwork2_Code/ST32N6AI/image_classification/STM32N6/Middlewares/AI_Runtime/Npu/ll_aton/ll_aton_runtime.c:395:6:LL_ATON_RT_Init_Network	24	static
/home/lukasschoepf/Documents/ProjectWork_2/Projectwork2_Code/ST32N6AI/image_classification/STM32N6/Middlewares/AI_Runtime/Npu/ll_aton/ll_aton_runtime.c:436:6:LL_ATON_RT_DeInit_Network	24	static
/home/lukasschoepf/Documents/ProjectWork_2/Projectwork2_Code/ST32N6AI/image_classification/STM32N6/Middlewares/AI_Runtime/Npu/ll_aton/ll_aton_runtime.c:485:6:LL_ATON_RT_Reset_Network	16	static
/home/lukasschoepf/Documents/ProjectWork_2/Projectwork2_Code/ST32N6AI/image_classification/STM32N6/Middlewares/AI_Runtime/Npu/ll_aton/ll_aton_runtime.c:494:6:LL_ATON_RT_RuntimeInit	16	static
/home/lukasschoepf/Documents/ProjectWork_2/Projectwork2_Code/ST32N6AI/image_classification/STM32N6/Middlewares/AI_Runtime/Npu/ll_aton/ll_aton_runtime.c:542:6:LL_ATON_RT_RuntimeDeInit	8	static
/home/lukasschoepf/Documents/ProjectWork_2/Projectwork2_Code/ST32N6AI/image_classification/STM32N6/Middlewares/AI_Runtime/Npu/ll_aton/ll_aton_runtime.c:574:24:LL_ATON_RT_RunEpochBlock	24	static
/home/lukasschoepf/Documents/ProjectWork_2/Projectwork2_Code/ST32N6AI/image_classification/STM32N6/Middlewares/AI_Runtime/Npu/ll_aton/ll_aton_runtime.c:748:13:__LL_ATON_RT_IrqErr	40	static
/home/lukasschoepf/Documents/ProjectWork_2/Projectwork2_Code/ST32N6AI/image_classification/STM32N6/Middlewares/AI_Runtime/Npu/ll_aton/ll_aton_runtime.c:860:20:__LL_ATON_RT_IrqEpochBlock	32	static
/home/lukasschoepf/Documents/ProjectWork_2/Projectwork2_Code/ST32N6AI/image_classification/STM32N6/Middlewares/AI_Runtime/Npu/ll_aton/ll_aton_runtime.c:909:20:__LL_ATON_RT_IrqEpochBlob	32	static
/home/lukasschoepf/Documents/ProjectWork_2/Projectwork2_Code/ST32N6AI/image_classification/STM32N6/Middlewares/AI_Runtime/Npu/ll_aton/ll_aton_runtime.c:931:6:NPU0_IRQHandler	16	static,ignoring_inline_asm
