../../../../Middlewares/AI_Runtime/Inc/ai_datatypes_internal.h:330:9:ai_shape_get_size	24	static
/home/lukasschoepf/Documents/ProjectWork_2/Projectwork2_Code/ST32N6AI/image_classification/STM32N6/Middlewares/AI_Runtime/Npu/ll_aton/ll_sw_float.c:47:12:helper_emit_shape_index_axis	16	static
/home/lukasschoepf/Documents/ProjectWork_2/Projectwork2_Code/ST32N6AI/image_classification/STM32N6/Middlewares/AI_Runtime/Npu/ll_aton/ll_sw_float.c:69:6:ll_sw_forward_conv	544	static
/home/lukasschoepf/Documents/ProjectWork_2/Projectwork2_Code/ST32N6AI/image_classification/STM32N6/Middlewares/AI_Runtime/Npu/ll_aton/ll_sw_float.c:146:6:ll_sw_forward_gemm	448	static
/home/lukasschoepf/Documents/ProjectWork_2/Projectwork2_Code/ST32N6AI/image_classification/STM32N6/Middlewares/AI_Runtime/Npu/ll_aton/ll_sw_float.c:201:6:ll_sw_forward_matmul	360	static
/home/lukasschoepf/Documents/ProjectWork_2/Projectwork2_Code/ST32N6AI/image_classification/STM32N6/Middlewares/AI_Runtime/Npu/ll_aton/ll_sw_float.c:245:6:ll_sw_forward_resize	448	static
/home/lukasschoepf/Documents/ProjectWork_2/Projectwork2_Code/ST32N6AI/image_classification/STM32N6/Middlewares/AI_Runtime/Npu/ll_aton/ll_sw_float.c:318:6:ll_sw_forward_softmax	360	static
/home/lukasschoepf/Documents/ProjectWork_2/Projectwork2_Code/ST32N6AI/image_classification/STM32N6/Middlewares/AI_Runtime/Npu/ll_aton/ll_sw_float.c:369:6:ll_sw_forward_activ	536	static
/home/lukasschoepf/Documents/ProjectWork_2/Projectwork2_Code/ST32N6AI/image_classification/STM32N6/Middlewares/AI_Runtime/Npu/ll_aton/ll_sw_float.c:682:6:ll_sw_forward_arith	664	static
/home/lukasschoepf/Documents/ProjectWork_2/Projectwork2_Code/ST32N6AI/image_classification/STM32N6/Middlewares/AI_Runtime/Npu/ll_aton/ll_sw_float.c:842:6:ll_sw_forward_pool	328	static
/home/lukasschoepf/Documents/ProjectWork_2/Projectwork2_Code/ST32N6AI/image_classification/STM32N6/Middlewares/AI_Runtime/Npu/ll_aton/ll_sw_float.c:892:6:ll_sw_forward_global_pool	320	static
/home/lukasschoepf/Documents/ProjectWork_2/Projectwork2_Code/ST32N6AI/image_classification/STM32N6/Middlewares/AI_Runtime/Npu/ll_aton/ll_sw_float.c:939:6:ll_sw_forward_argmax	280	static
/home/lukasschoepf/Documents/ProjectWork_2/Projectwork2_Code/ST32N6AI/image_classification/STM32N6/Middlewares/AI_Runtime/Npu/ll_aton/ll_sw_float.c:972:6:ll_sw_forward_gather	360	static
/home/lukasschoepf/Documents/ProjectWork_2/Projectwork2_Code/ST32N6AI/image_classification/STM32N6/Middlewares/AI_Runtime/Npu/ll_aton/ll_sw_float.c:1015:6:ll_sw_forward_argmin	280	static
/home/lukasschoepf/Documents/ProjectWork_2/Projectwork2_Code/ST32N6AI/image_classification/STM32N6/Middlewares/AI_Runtime/Npu/ll_aton/ll_sw_float.c:1048:6:ll_sw_forward_reduce	312	static
/home/lukasschoepf/Documents/ProjectWork_2/Projectwork2_Code/ST32N6AI/image_classification/STM32N6/Middlewares/AI_Runtime/Npu/ll_aton/ll_sw_float.c:1124:6:ll_sw_forward_bn	552	static
/home/lukasschoepf/Documents/ProjectWork_2/Projectwork2_Code/ST32N6AI/image_classification/STM32N6/Middlewares/AI_Runtime/Npu/ll_aton/ll_sw_float.c:1212:6:ll_sw_forward_instance_normalization	440	static
/home/lukasschoepf/Documents/ProjectWork_2/Projectwork2_Code/ST32N6AI/image_classification/STM32N6/Middlewares/AI_Runtime/Npu/ll_aton/ll_sw_float.c:1266:6:ll_sw_forward_lpnormalization	288	static
/home/lukasschoepf/Documents/ProjectWork_2/Projectwork2_Code/ST32N6AI/image_classification/STM32N6/Middlewares/AI_Runtime/Npu/ll_aton/ll_sw_float.c:1302:6:ll_sw_forward_sign	280	static
/home/lukasschoepf/Documents/ProjectWork_2/Projectwork2_Code/ST32N6AI/image_classification/STM32N6/Middlewares/AI_Runtime/Npu/ll_aton/ll_sw_float.c:1337:6:ll_sw_forward_lrn	288	static
/home/lukasschoepf/Documents/ProjectWork_2/Projectwork2_Code/ST32N6AI/image_classification/STM32N6/Middlewares/AI_Runtime/Npu/ll_aton/ll_sw_float.c:1378:6:ll_sw_forward_tile	304	static
/home/lukasschoepf/Documents/ProjectWork_2/Projectwork2_Code/ST32N6AI/image_classification/STM32N6/Middlewares/AI_Runtime/Npu/ll_aton/ll_sw_float.c:1418:6:ll_sw_forward_concat	624	static
