../../../../STM32Cube_FW_N6/Drivers/STM32N6xx_HAL_Driver/Inc/stm32n6xx_ll_bus.h:1407:22:LL_AHB4_GRP1_EnableClock	24	static
../../../../STM32Cube_FW_N6/Drivers/STM32N6xx_HAL_Driver/Inc/stm32n6xx_ll_bus.h:2273:22:LL_APB1_GRP1_EnableClock	24	static
../../../../STM32Cube_FW_N6/Drivers/STM32N6xx_HAL_Driver/Inc/stm32n6xx_ll_bus.h:2403:22:LL_APB1_GRP1_DisableClock	16	static
../../../../STM32Cube_FW_N6/Drivers/STM32N6xx_HAL_Driver/Inc/stm32n6xx_ll_bus.h:2465:22:LL_APB1_GRP1_ForceReset	16	static
../../../../STM32Cube_FW_N6/Drivers/STM32N6xx_HAL_Driver/Inc/stm32n6xx_ll_bus.h:2527:22:LL_APB1_GRP1_ReleaseReset	16	static
/home/lukasschoepf/Documents/ProjectWork_2/Projectwork2_Code/ST32N6AI/MatMul/MatMulN6/STM32N6/STM32Cube_FW_N6/Drivers/BSP/STM32N6xx_Nucleo/stm32n6xx_nucleo_bus.c:187:9:BSP_I2C2_Init	16	static
/home/lukasschoepf/Documents/ProjectWork_2/Projectwork2_Code/ST32N6AI/MatMul/MatMulN6/STM32N6/STM32Cube_FW_N6/Drivers/BSP/STM32N6xx_Nucleo/stm32n6xx_nucleo_bus.c:238:9:BSP_I2C2_DeInit	16	static
/home/lukasschoepf/Documents/ProjectWork_2/Projectwork2_Code/ST32N6AI/MatMul/MatMulN6/STM32N6/STM32Cube_FW_N6/Drivers/BSP/STM32N6xx_Nucleo/stm32n6xx_nucleo_bus.c:266:26:MX_I2C2_Init	24	static
/home/lukasschoepf/Documents/ProjectWork_2/Projectwork2_Code/ST32N6AI/MatMul/MatMulN6/STM32N6/STM32Cube_FW_N6/Drivers/BSP/STM32N6xx_Nucleo/stm32n6xx_nucleo_bus.c:312:9:BSP_I2C2_WriteReg	40	static
/home/lukasschoepf/Documents/ProjectWork_2/Projectwork2_Code/ST32N6AI/MatMul/MatMulN6/STM32N6/STM32Cube_FW_N6/Drivers/BSP/STM32N6xx_Nucleo/stm32n6xx_nucleo_bus.c:349:9:BSP_I2C2_ReadReg	40	static
/home/lukasschoepf/Documents/ProjectWork_2/Projectwork2_Code/ST32N6AI/MatMul/MatMulN6/STM32N6/STM32Cube_FW_N6/Drivers/BSP/STM32N6xx_Nucleo/stm32n6xx_nucleo_bus.c:386:9:BSP_I2C2_WriteReg16	40	static
/home/lukasschoepf/Documents/ProjectWork_2/Projectwork2_Code/ST32N6AI/MatMul/MatMulN6/STM32N6/STM32Cube_FW_N6/Drivers/BSP/STM32N6xx_Nucleo/stm32n6xx_nucleo_bus.c:423:9:BSP_I2C2_ReadReg16	40	static
/home/lukasschoepf/Documents/ProjectWork_2/Projectwork2_Code/ST32N6AI/MatMul/MatMulN6/STM32N6/STM32Cube_FW_N6/Drivers/BSP/STM32N6xx_Nucleo/stm32n6xx_nucleo_bus.c:459:9:BSP_I2C2_IsReady	24	static
/home/lukasschoepf/Documents/ProjectWork_2/Projectwork2_Code/ST32N6AI/MatMul/MatMulN6/STM32N6/STM32Cube_FW_N6/Drivers/BSP/STM32N6xx_Nucleo/stm32n6xx_nucleo_bus.c:481:9:BSP_GetTick	8	static
/home/lukasschoepf/Documents/ProjectWork_2/Projectwork2_Code/ST32N6AI/MatMul/MatMulN6/STM32N6/STM32Cube_FW_N6/Drivers/BSP/STM32N6xx_Nucleo/stm32n6xx_nucleo_bus.c:569:17:I2C_GetTiming	32	static
/home/lukasschoepf/Documents/ProjectWork_2/Projectwork2_Code/ST32N6AI/MatMul/MatMulN6/STM32N6/STM32Cube_FW_N6/Drivers/BSP/STM32N6xx_Nucleo/stm32n6xx_nucleo_bus.c:607:13:I2C_Compute_PRESC_SCLDEL_SDADEL	64	static
/home/lukasschoepf/Documents/ProjectWork_2/Projectwork2_Code/ST32N6AI/MatMul/MatMulN6/STM32N6/STM32Cube_FW_N6/Drivers/BSP/STM32N6xx_Nucleo/stm32n6xx_nucleo_bus.c:692:17:I2C_Compute_SCLL_SCLH	80	static
/home/lukasschoepf/Documents/ProjectWork_2/Projectwork2_Code/ST32N6AI/MatMul/MatMulN6/STM32N6/STM32Cube_FW_N6/Drivers/BSP/STM32N6xx_Nucleo/stm32n6xx_nucleo_bus.c:772:13:I2C2_MspInit	40	static
/home/lukasschoepf/Documents/ProjectWork_2/Projectwork2_Code/ST32N6AI/MatMul/MatMulN6/STM32N6/STM32Cube_FW_N6/Drivers/BSP/STM32N6xx_Nucleo/stm32n6xx_nucleo_bus.c:817:13:I2C2_MspDeInit	40	static
/home/lukasschoepf/Documents/ProjectWork_2/Projectwork2_Code/ST32N6AI/MatMul/MatMulN6/STM32N6/STM32Cube_FW_N6/Drivers/BSP/STM32N6xx_Nucleo/stm32n6xx_nucleo_bus.c:843:16:I2C2_WriteReg	40	static
/home/lukasschoepf/Documents/ProjectWork_2/Projectwork2_Code/ST32N6AI/MatMul/MatMulN6/STM32N6/STM32Cube_FW_N6/Drivers/BSP/STM32N6xx_Nucleo/stm32n6xx_nucleo_bus.c:862:16:I2C2_ReadReg	40	static
