../../../../STM32Cube_FW_N6/Drivers/STM32N6xx_HAL_Driver/Inc/stm32n6xx_ll_bus.h:1407:22:LL_AHB4_GRP1_EnableClock	24	static
../../../../STM32Cube_FW_N6/Drivers/STM32N6xx_HAL_Driver/Inc/stm32n6xx_ll_bus.h:2909:22:LL_APB2_GRP1_EnableClock	24	static
../../../../STM32Cube_FW_N6/Drivers/STM32N6xx_HAL_Driver/Inc/stm32n6xx_ll_bus.h:2997:22:LL_APB2_GRP1_DisableClock	16	static
/home/lukasschoepf/Documents/ProjectWork_2/Projectwork2_Code/ST32N6AI/MatMul/MatMulN6/STM32N6/STM32Cube_FW_N6/Drivers/BSP/STM32N6xx_Nucleo/stm32n6xx_nucleo.c:139:9:BSP_GetVersion	4	static
/home/lukasschoepf/Documents/ProjectWork_2/Projectwork2_Code/ST32N6AI/MatMul/MatMulN6/STM32N6/STM32Cube_FW_N6/Drivers/BSP/STM32N6xx_Nucleo/stm32n6xx_nucleo.c:148:16:BSP_GetBoardName	4	static
/home/lukasschoepf/Documents/ProjectWork_2/Projectwork2_Code/ST32N6AI/MatMul/MatMulN6/STM32N6/STM32Cube_FW_N6/Drivers/BSP/STM32N6xx_Nucleo/stm32n6xx_nucleo.c:157:16:BSP_GetBoardID	4	static
/home/lukasschoepf/Documents/ProjectWork_2/Projectwork2_Code/ST32N6AI/MatMul/MatMulN6/STM32N6/STM32Cube_FW_N6/Drivers/BSP/STM32N6xx_Nucleo/stm32n6xx_nucleo.c:170:6:BSP_SMPS_Init	40	static
/home/lukasschoepf/Documents/ProjectWork_2/Projectwork2_Code/ST32N6AI/MatMul/MatMulN6/STM32N6/STM32Cube_FW_N6/Drivers/BSP/STM32N6xx_Nucleo/stm32n6xx_nucleo.c:196:9:BSP_LED_Init	40	static
/home/lukasschoepf/Documents/ProjectWork_2/Projectwork2_Code/ST32N6AI/MatMul/MatMulN6/STM32N6/STM32Cube_FW_N6/Drivers/BSP/STM32N6xx_Nucleo/stm32n6xx_nucleo.c:237:9:BSP_LED_DeInit	40	static
/home/lukasschoepf/Documents/ProjectWork_2/Projectwork2_Code/ST32N6AI/MatMul/MatMulN6/STM32N6/STM32Cube_FW_N6/Drivers/BSP/STM32N6xx_Nucleo/stm32n6xx_nucleo.c:260:9:BSP_LED_On	16	static
/home/lukasschoepf/Documents/ProjectWork_2/Projectwork2_Code/ST32N6AI/MatMul/MatMulN6/STM32N6/STM32Cube_FW_N6/Drivers/BSP/STM32N6xx_Nucleo/stm32n6xx_nucleo.c:276:9:BSP_LED_Off	16	static
/home/lukasschoepf/Documents/ProjectWork_2/Projectwork2_Code/ST32N6AI/MatMul/MatMulN6/STM32N6/STM32Cube_FW_N6/Drivers/BSP/STM32N6xx_Nucleo/stm32n6xx_nucleo.c:292:9:BSP_LED_Toggle	16	static
/home/lukasschoepf/Documents/ProjectWork_2/Projectwork2_Code/ST32N6AI/MatMul/MatMulN6/STM32N6/STM32Cube_FW_N6/Drivers/BSP/STM32N6xx_Nucleo/stm32n6xx_nucleo.c:307:9:BSP_LED_GetState	24	static
/home/lukasschoepf/Documents/ProjectWork_2/Projectwork2_Code/ST32N6AI/MatMul/MatMulN6/STM32N6/STM32Cube_FW_N6/Drivers/BSP/STM32N6xx_Nucleo/stm32n6xx_nucleo.c:335:9:BSP_PB_Init	56	static
/home/lukasschoepf/Documents/ProjectWork_2/Projectwork2_Code/ST32N6AI/MatMul/MatMulN6/STM32N6/STM32Cube_FW_N6/Drivers/BSP/STM32N6xx_Nucleo/stm32n6xx_nucleo.c:392:9:BSP_PB_DeInit	40	static
/home/lukasschoepf/Documents/ProjectWork_2/Projectwork2_Code/ST32N6AI/MatMul/MatMulN6/STM32N6/STM32Cube_FW_N6/Drivers/BSP/STM32N6xx_Nucleo/stm32n6xx_nucleo.c:409:9:BSP_PB_GetState	16	static
/home/lukasschoepf/Documents/ProjectWork_2/Projectwork2_Code/ST32N6AI/MatMul/MatMulN6/STM32N6/STM32Cube_FW_N6/Drivers/BSP/STM32N6xx_Nucleo/stm32n6xx_nucleo.c:419:13:BSP_PB_Callback	16	static
/home/lukasschoepf/Documents/ProjectWork_2/Projectwork2_Code/ST32N6AI/MatMul/MatMulN6/STM32N6/STM32Cube_FW_N6/Drivers/BSP/STM32N6xx_Nucleo/stm32n6xx_nucleo.c:435:6:BSP_PB_IRQHandler	16	static
/home/lukasschoepf/Documents/ProjectWork_2/Projectwork2_Code/ST32N6AI/MatMul/MatMulN6/STM32N6/STM32Cube_FW_N6/Drivers/BSP/STM32N6xx_Nucleo/stm32n6xx_nucleo.c:457:9:BSP_COM_Init	24	static
/home/lukasschoepf/Documents/ProjectWork_2/Projectwork2_Code/ST32N6AI/MatMul/MatMulN6/STM32N6/STM32Cube_FW_N6/Drivers/BSP/STM32N6xx_Nucleo/stm32n6xx_nucleo.c:511:9:BSP_COM_DeInit	24	static
/home/lukasschoepf/Documents/ProjectWork_2/Projectwork2_Code/ST32N6AI/MatMul/MatMulN6/STM32N6/STM32Cube_FW_N6/Drivers/BSP/STM32N6xx_Nucleo/stm32n6xx_nucleo.c:655:13:BUTTON_USER_EXTI_Callback	8	static
/home/lukasschoepf/Documents/ProjectWork_2/Projectwork2_Code/ST32N6AI/MatMul/MatMulN6/STM32N6/STM32Cube_FW_N6/Drivers/BSP/STM32N6xx_Nucleo/stm32n6xx_nucleo.c:669:26:MX_USART1_Init	16	static
/home/lukasschoepf/Documents/ProjectWork_2/Projectwork2_Code/ST32N6AI/MatMul/MatMulN6/STM32N6/STM32Cube_FW_N6/Drivers/BSP/STM32N6xx_Nucleo/stm32n6xx_nucleo.c:689:13:UART_MspInit	72	static
/home/lukasschoepf/Documents/ProjectWork_2/Projectwork2_Code/ST32N6AI/MatMul/MatMulN6/STM32N6/STM32Cube_FW_N6/Drivers/BSP/STM32N6xx_Nucleo/stm32n6xx_nucleo.c:733:13:UART_MspDeInit	48	static
