../../../../Middlewares/AI_Runtime/Npu/ll_aton/ll_aton_NN_interface.h:569:32:LL_Buffer_addr_base	24	static
../../../../Middlewares/AI_Runtime/Npu/ll_aton/ll_aton_NN_interface.h:579:32:LL_Buffer_addr_start	16	static
../../../../Middlewares/AI_Runtime/Npu/ll_aton/ll_aton_NN_interface.h:594:26:LL_Buffer_len	16	static
../ATON_MatMul/source/ATON_MatMul.c:18:6:update_weights_float	40	static,ignoring_inline_asm
../ATON_MatMul/source/ATON_MatMul.c:24:6:update_weights_int8	40	static,ignoring_inline_asm
../ATON_MatMul/source/ATON_MatMul.c:30:6:calcAdresses	32	static
../ATON_MatMul/source/ATON_MatMul.c:51:5:npu_matvec_int8_init	24	static
../ATON_MatMul/source/ATON_MatMul.c:90:9:npu_matvec_int8_run	40	static,ignoring_inline_asm
../ATON_MatMul/source/ATON_MatMul.c:106:5:npu_matvec_float_init	24	static
../ATON_MatMul/source/ATON_MatMul.c:116:8:npu_matvec_float_run	40	static,ignoring_inline_asm
../ATON_MatMul/source/ATON_MatMul.c:132:9:getIdentityWeights_int8	32	static
../ATON_MatMul/source/ATON_MatMul.c:152:8:getIdentityWeights_float	24	static
../ATON_MatMul/source/ATON_MatMul.c:170:6:NeuralNetwork_init	48	static
../ATON_MatMul/source/ATON_MatMul.c:197:5:npu_tiledmatvec_int8	720	static
../ATON_MatMul/source/ATON_MatMul.c:264:6:copy_submatrix	40	static
../ATON_MatMul/source/ATON_MatMul.c:274:6:printNPUData	40	static
