../../../../Middlewares/AI_Runtime/Npu/ll_aton/ll_aton_caches_interface.h:80:22:LL_ATON_Cache_MCU_Invalidate_Range	16	static
../ATON_MatMul/source/Testing.c:68:26:LL_ATON_Set_User_Input_Buffer_Default	24	static
../ATON_MatMul/source/Testing.c:75:7:LL_ATON_Get_User_Input_Buffer_Default	16	static
../ATON_MatMul/source/Testing.c:82:26:LL_ATON_Set_User_Output_Buffer_Default	24	static
../ATON_MatMul/source/Testing.c:89:7:LL_ATON_Get_User_Output_Buffer_Default	16	static
../ATON_MatMul/source/Testing.c:96:6:LL_ATON_EC_Network_Init_Default	4	static
../ATON_MatMul/source/Testing.c:101:6:LL_ATON_EC_Inference_Init_Default	4	static
../ATON_MatMul/source/Testing.c:129:13:LL_ATON_Start_EpochBlock_2	16	static
../ATON_MatMul/source/Testing.c:318:13:LL_ATON_End_EpochBlock_2	16	static
../ATON_MatMul/source/Testing.c:351:31:LL_ATON_EpochBlockItems_Default	4	static
../ATON_MatMul/source/Testing.c:377:30:LL_ATON_Input_Buffers_Info_Default	4	static
../ATON_MatMul/source/Testing.c:520:30:LL_ATON_Output_Buffers_Info_Default	4	static
../ATON_MatMul/source/Testing.c:559:30:LL_ATON_Internal_Buffers_Info_Default	4	static
