../../STM32Cube_FW_N6/Drivers/STM32N6xx_HAL_Driver/Inc/stm32n6xx_ll_bus.h:1407:22:LL_AHB4_GRP1_EnableClock	8	static
/home/lukasschoepf/Documents/ProjectWork_2/Projectwork2_Code/ST32N6AI/ModelZooService/STM32N6/STM32Cube_FW_N6/Drivers/BSP/STM32N6570-DK/stm32n6570_discovery_lcd.c:559:9:BSP_LCD_GetPixelFormat	0	static
/home/lukasschoepf/Documents/ProjectWork_2/Projectwork2_Code/ST32N6AI/ModelZooService/STM32N6/STM32Cube_FW_N6/Drivers/BSP/STM32N6570-DK/stm32n6570_discovery_lcd.c:582:9:BSP_LCD_SetActiveLayer	8	static
/home/lukasschoepf/Documents/ProjectWork_2/Projectwork2_Code/ST32N6AI/ModelZooService/STM32N6/STM32Cube_FW_N6/Drivers/BSP/STM32N6570-DK/stm32n6570_discovery_lcd.c:867:9:BSP_LCD_GetXSize	0	static
/home/lukasschoepf/Documents/ProjectWork_2/Projectwork2_Code/ST32N6AI/ModelZooService/STM32N6/STM32Cube_FW_N6/Drivers/BSP/STM32N6570-DK/stm32n6570_discovery_lcd.c:889:9:BSP_LCD_GetYSize	0	static
/home/lukasschoepf/Documents/ProjectWork_2/Projectwork2_Code/ST32N6AI/ModelZooService/STM32N6/STM32Cube_FW_N6/Drivers/BSP/STM32N6570-DK/stm32n6570_discovery_lcd.c:1167:9:BSP_LCD_ReadPixel	20	static
/home/lukasschoepf/Documents/ProjectWork_2/Projectwork2_Code/ST32N6AI/ModelZooService/STM32N6/STM32Cube_FW_N6/Drivers/BSP/STM32N6570-DK/stm32n6570_discovery_lcd.c:1197:9:BSP_LCD_WritePixel	28	static
/home/lukasschoepf/Documents/ProjectWork_2/Projectwork2_Code/ST32N6AI/ModelZooService/STM32N6/STM32Cube_FW_N6/Drivers/BSP/STM32N6570-DK/stm32n6570_discovery_lcd.c:1040:9:BSP_LCD_FillRGBRect	40	static
/home/lukasschoepf/Documents/ProjectWork_2/Projectwork2_Code/ST32N6AI/ModelZooService/STM32N6/STM32Cube_FW_N6/Drivers/BSP/STM32N6570-DK/stm32n6570_discovery_lcd.c:973:9:BSP_LCD_DrawBitmap	56	static
/home/lukasschoepf/Documents/ProjectWork_2/Projectwork2_Code/ST32N6AI/ModelZooService/STM32N6/STM32Cube_FW_N6/Drivers/BSP/STM32N6570-DK/stm32n6570_discovery_lcd.c:1236:13:LL_FillBuffer	32	static
/home/lukasschoepf/Documents/ProjectWork_2/Projectwork2_Code/ST32N6AI/ModelZooService/STM32N6/STM32Cube_FW_N6/Drivers/BSP/STM32N6570-DK/stm32n6570_discovery_lcd.c:1101:9:BSP_LCD_DrawHLine	24	static
/home/lukasschoepf/Documents/ProjectWork_2/Projectwork2_Code/ST32N6AI/ModelZooService/STM32N6/STM32Cube_FW_N6/Drivers/BSP/STM32N6570-DK/stm32n6570_discovery_lcd.c:1123:9:BSP_LCD_DrawVLine	32	static
/home/lukasschoepf/Documents/ProjectWork_2/Projectwork2_Code/ST32N6AI/ModelZooService/STM32N6/STM32Cube_FW_N6/Drivers/BSP/STM32N6570-DK/stm32n6570_discovery_lcd.c:1146:9:BSP_LCD_FillRect	32	static
/home/lukasschoepf/Documents/ProjectWork_2/Projectwork2_Code/ST32N6AI/ModelZooService/STM32N6/STM32Cube_FW_N6/Drivers/BSP/STM32N6570-DK/stm32n6570_discovery_lcd.c:316:9:BSP_LCD_DeInit	8	static
/home/lukasschoepf/Documents/ProjectWork_2/Projectwork2_Code/ST32N6AI/ModelZooService/STM32N6/STM32Cube_FW_N6/Drivers/BSP/STM32N6570-DK/stm32n6570_discovery_lcd.c:352:26:MX_LTDC_Init	16	static
/home/lukasschoepf/Documents/ProjectWork_2/Projectwork2_Code/ST32N6AI/ModelZooService/STM32N6/STM32Cube_FW_N6/Drivers/BSP/STM32N6570-DK/stm32n6570_discovery_lcd.c:383:26:MX_LTDC_ConfigLayer	80	static
/home/lukasschoepf/Documents/ProjectWork_2/Projectwork2_Code/ST32N6AI/ModelZooService/STM32N6/STM32Cube_FW_N6/Drivers/BSP/STM32N6570-DK/stm32n6570_discovery_lcd.c:411:26:MX_LTDC_ClockConfig	408	static
/home/lukasschoepf/Documents/ProjectWork_2/Projectwork2_Code/ST32N6AI/ModelZooService/STM32N6/STM32Cube_FW_N6/Drivers/BSP/STM32N6570-DK/stm32n6570_discovery_lcd.c:198:9:BSP_LCD_InitEx	88	static
/home/lukasschoepf/Documents/ProjectWork_2/Projectwork2_Code/ST32N6AI/ModelZooService/STM32N6/STM32Cube_FW_N6/Drivers/BSP/STM32N6570-DK/stm32n6570_discovery_lcd.c:183:9:BSP_LCD_Init	16	static
/home/lukasschoepf/Documents/ProjectWork_2/Projectwork2_Code/ST32N6AI/ModelZooService/STM32N6/STM32Cube_FW_N6/Drivers/BSP/STM32N6570-DK/stm32n6570_discovery_lcd.c:520:9:BSP_LCD_ConfigLayer	8	static
/home/lukasschoepf/Documents/ProjectWork_2/Projectwork2_Code/ST32N6AI/ModelZooService/STM32N6/STM32Cube_FW_N6/Drivers/BSP/STM32N6570-DK/stm32n6570_discovery_lcd.c:633:9:BSP_LCD_Reload	8	static
/home/lukasschoepf/Documents/ProjectWork_2/Projectwork2_Code/ST32N6AI/ModelZooService/STM32N6/STM32Cube_FW_N6/Drivers/BSP/STM32N6570-DK/stm32n6570_discovery_lcd.c:667:9:BSP_LCD_SetLayerVisible	0	static
/home/lukasschoepf/Documents/ProjectWork_2/Projectwork2_Code/ST32N6AI/ModelZooService/STM32N6/STM32Cube_FW_N6/Drivers/BSP/STM32N6570-DK/stm32n6570_discovery_lcd.c:703:9:BSP_LCD_SetTransparency	8	static
/home/lukasschoepf/Documents/ProjectWork_2/Projectwork2_Code/ST32N6AI/ModelZooService/STM32N6/STM32Cube_FW_N6/Drivers/BSP/STM32N6570-DK/stm32n6570_discovery_lcd.c:733:9:BSP_LCD_SetLayerAddress	8	static
/home/lukasschoepf/Documents/ProjectWork_2/Projectwork2_Code/ST32N6AI/ModelZooService/STM32N6/STM32Cube_FW_N6/Drivers/BSP/STM32N6570-DK/stm32n6570_discovery_lcd.c:766:9:BSP_LCD_SetLayerWindow	32	static
/home/lukasschoepf/Documents/ProjectWork_2/Projectwork2_Code/ST32N6AI/ModelZooService/STM32N6/STM32Cube_FW_N6/Drivers/BSP/STM32N6570-DK/stm32n6570_discovery_lcd.c:803:9:BSP_LCD_SetColorKeying	8	static
/home/lukasschoepf/Documents/ProjectWork_2/Projectwork2_Code/ST32N6AI/ModelZooService/STM32N6/STM32Cube_FW_N6/Drivers/BSP/STM32N6570-DK/stm32n6570_discovery_lcd.c:836:9:BSP_LCD_ResetColorKeying	8	static
/home/lukasschoepf/Documents/ProjectWork_2/Projectwork2_Code/ST32N6AI/ModelZooService/STM32N6/STM32Cube_FW_N6/Drivers/BSP/STM32N6570-DK/stm32n6570_discovery_lcd.c:910:9:BSP_LCD_DisplayOn	40	static
/home/lukasschoepf/Documents/ProjectWork_2/Projectwork2_Code/ST32N6AI/ModelZooService/STM32N6/STM32Cube_FW_N6/Drivers/BSP/STM32N6570-DK/stm32n6570_discovery_lcd.c:939:9:BSP_LCD_DisplayOff	40	static
