../../STM32Cube_FW_N6/Drivers/STM32N6xx_HAL_Driver/Inc/stm32n6xx_ll_bus.h:1407:22:LL_AHB4_GRP1_EnableClock	8	static
/home/lukasschoepf/Documents/ProjectWork_2/Projectwork2_Code/ST32N6AI/ModelZooService/STM32N6/STM32Cube_FW_N6/Drivers/BSP/STM32N6570-DK/stm32n6570_discovery.c:147:10:BSP_GetVersion	0	static
/home/lukasschoepf/Documents/ProjectWork_2/Projectwork2_Code/ST32N6AI/ModelZooService/STM32N6/STM32Cube_FW_N6/Drivers/BSP/STM32N6570-DK/stm32n6570_discovery.c:156:16:BSP_GetBoardName	0	static
/home/lukasschoepf/Documents/ProjectWork_2/Projectwork2_Code/ST32N6AI/ModelZooService/STM32N6/STM32Cube_FW_N6/Drivers/BSP/STM32N6570-DK/stm32n6570_discovery.c:165:16:BSP_GetBoardID	0	static
/home/lukasschoepf/Documents/ProjectWork_2/Projectwork2_Code/ST32N6AI/ModelZooService/STM32N6/STM32Cube_FW_N6/Drivers/BSP/STM32N6570-DK/stm32n6570_discovery.c:177:6:BSP_SMPS_Init	40	static
/home/lukasschoepf/Documents/ProjectWork_2/Projectwork2_Code/ST32N6AI/ModelZooService/STM32N6/STM32Cube_FW_N6/Drivers/BSP/STM32N6570-DK/stm32n6570_discovery.c:267:6:BSP_LED_On	0	static
/home/lukasschoepf/Documents/ProjectWork_2/Projectwork2_Code/ST32N6AI/ModelZooService/STM32N6/STM32Cube_FW_N6/Drivers/BSP/STM32N6570-DK/stm32n6570_discovery.c:288:6:BSP_LED_Off	0	static
/home/lukasschoepf/Documents/ProjectWork_2/Projectwork2_Code/ST32N6AI/ModelZooService/STM32N6/STM32Cube_FW_N6/Drivers/BSP/STM32N6570-DK/stm32n6570_discovery.c:198:10:BSP_LED_Init	40	static
/home/lukasschoepf/Documents/ProjectWork_2/Projectwork2_Code/ST32N6AI/ModelZooService/STM32N6/STM32Cube_FW_N6/Drivers/BSP/STM32N6570-DK/stm32n6570_discovery.c:247:6:BSP_LED_DeInit	8	static
/home/lukasschoepf/Documents/ProjectWork_2/Projectwork2_Code/ST32N6AI/ModelZooService/STM32N6/STM32Cube_FW_N6/Drivers/BSP/STM32N6570-DK/stm32n6570_discovery.c:309:6:BSP_LED_Toggle	0	static
/home/lukasschoepf/Documents/ProjectWork_2/Projectwork2_Code/ST32N6AI/ModelZooService/STM32N6/STM32Cube_FW_N6/Drivers/BSP/STM32N6570-DK/stm32n6570_discovery.c:321:10:BSP_LED_GetState	8	static
/home/lukasschoepf/Documents/ProjectWork_2/Projectwork2_Code/ST32N6AI/ModelZooService/STM32N6/STM32Cube_FW_N6/Drivers/BSP/STM32N6570-DK/stm32n6570_discovery.c:349:9:BSP_PB_Init	40	static
/home/lukasschoepf/Documents/ProjectWork_2/Projectwork2_Code/ST32N6AI/ModelZooService/STM32N6/STM32Cube_FW_N6/Drivers/BSP/STM32N6570-DK/stm32n6570_discovery.c:413:9:BSP_PB_DeInit	16	static
/home/lukasschoepf/Documents/ProjectWork_2/Projectwork2_Code/ST32N6AI/ModelZooService/STM32N6/STM32Cube_FW_N6/Drivers/BSP/STM32N6570-DK/stm32n6570_discovery.c:434:10:BSP_PB_GetState	8	static
/home/lukasschoepf/Documents/ProjectWork_2/Projectwork2_Code/ST32N6AI/ModelZooService/STM32N6/STM32Cube_FW_N6/Drivers/BSP/STM32N6570-DK/stm32n6570_discovery.c:443:6:BSP_PB_IRQHandler	0	static
/home/lukasschoepf/Documents/ProjectWork_2/Projectwork2_Code/ST32N6AI/ModelZooService/STM32N6/STM32Cube_FW_N6/Drivers/BSP/STM32N6570-DK/stm32n6570_discovery.c:471:13:BSP_PB_Callback	0	static
/home/lukasschoepf/Documents/ProjectWork_2/Projectwork2_Code/ST32N6AI/ModelZooService/STM32N6/STM32Cube_FW_N6/Drivers/BSP/STM32N6570-DK/stm32n6570_discovery.c:461:13:BUTTON_TAMP_EXTI_Callback	8	static
/home/lukasschoepf/Documents/ProjectWork_2/Projectwork2_Code/ST32N6AI/ModelZooService/STM32N6/STM32Cube_FW_N6/Drivers/BSP/STM32N6570-DK/stm32n6570_discovery.c:452:13:BUTTON_USER1_EXTI_Callback	8	static
/home/lukasschoepf/Documents/ProjectWork_2/Projectwork2_Code/ST32N6AI/ModelZooService/STM32N6/STM32Cube_FW_N6/Drivers/BSP/STM32N6570-DK/stm32n6570_discovery.c:546:9:BSP_COM_DeInit	40	static
/home/lukasschoepf/Documents/ProjectWork_2/Projectwork2_Code/ST32N6AI/ModelZooService/STM32N6/STM32Cube_FW_N6/Drivers/BSP/STM32N6570-DK/stm32n6570_discovery.c:704:26:MX_USART1_Init	0	static
/home/lukasschoepf/Documents/ProjectWork_2/Projectwork2_Code/ST32N6AI/ModelZooService/STM32N6/STM32Cube_FW_N6/Drivers/BSP/STM32N6570-DK/stm32n6570_discovery.c:726:26:MX_USART2_Init	0	static
/home/lukasschoepf/Documents/ProjectWork_2/Projectwork2_Code/ST32N6AI/ModelZooService/STM32N6/STM32Cube_FW_N6/Drivers/BSP/STM32N6570-DK/stm32n6570_discovery.c:488:9:BSP_COM_Init	80	static
