../../STM32Cube_FW_N6/Drivers/STM32N6xx_HAL_Driver/Inc/stm32n6xx_ll_bus.h:1407:22:LL_AHB4_GRP1_EnableClock	8	static
/home/lukasschoepf/Documents/ProjectWork_2/Projectwork2_Code/ST32N6AI/ModelZooService/STM32N6/STM32Cube_FW_N6/Drivers/BSP/STM32N6570-DK/stm32n6570_discovery_bus.c:1050:17:I2C_GetTiming.constprop	80	static
/home/lukasschoepf/Documents/ProjectWork_2/Projectwork2_Code/ST32N6AI/ModelZooService/STM32N6/STM32Cube_FW_N6/Drivers/BSP/STM32N6570-DK/stm32n6570_discovery_bus.c:245:9:BSP_I2C1_DeInit	8	static
/home/lukasschoepf/Documents/ProjectWork_2/Projectwork2_Code/ST32N6AI/ModelZooService/STM32N6/STM32Cube_FW_N6/Drivers/BSP/STM32N6570-DK/stm32n6570_discovery_bus.c:273:26:MX_I2C1_Init	8	static
/home/lukasschoepf/Documents/ProjectWork_2/Projectwork2_Code/ST32N6AI/ModelZooService/STM32N6/STM32Cube_FW_N6/Drivers/BSP/STM32N6570-DK/stm32n6570_discovery_bus.c:194:9:BSP_I2C1_Init	48	static
/home/lukasschoepf/Documents/ProjectWork_2/Projectwork2_Code/ST32N6AI/ModelZooService/STM32N6/STM32Cube_FW_N6/Drivers/BSP/STM32N6570-DK/stm32n6570_discovery_bus.c:319:9:BSP_I2C1_WriteReg	24	static
/home/lukasschoepf/Documents/ProjectWork_2/Projectwork2_Code/ST32N6AI/ModelZooService/STM32N6/STM32Cube_FW_N6/Drivers/BSP/STM32N6570-DK/stm32n6570_discovery_bus.c:356:9:BSP_I2C1_ReadReg	24	static
/home/lukasschoepf/Documents/ProjectWork_2/Projectwork2_Code/ST32N6AI/ModelZooService/STM32N6/STM32Cube_FW_N6/Drivers/BSP/STM32N6570-DK/stm32n6570_discovery_bus.c:393:9:BSP_I2C1_WriteReg16	24	static
/home/lukasschoepf/Documents/ProjectWork_2/Projectwork2_Code/ST32N6AI/ModelZooService/STM32N6/STM32Cube_FW_N6/Drivers/BSP/STM32N6570-DK/stm32n6570_discovery_bus.c:430:9:BSP_I2C1_ReadReg16	24	static
/home/lukasschoepf/Documents/ProjectWork_2/Projectwork2_Code/ST32N6AI/ModelZooService/STM32N6/STM32Cube_FW_N6/Drivers/BSP/STM32N6570-DK/stm32n6570_discovery_bus.c:466:9:BSP_I2C1_IsReady	8	static
/home/lukasschoepf/Documents/ProjectWork_2/Projectwork2_Code/ST32N6AI/ModelZooService/STM32N6/STM32Cube_FW_N6/Drivers/BSP/STM32N6570-DK/stm32n6570_discovery_bus.c:719:9:BSP_I2C2_DeInit	8	static
/home/lukasschoepf/Documents/ProjectWork_2/Projectwork2_Code/ST32N6AI/ModelZooService/STM32N6/STM32Cube_FW_N6/Drivers/BSP/STM32N6570-DK/stm32n6570_discovery_bus.c:747:26:MX_I2C2_Init	0	static
/home/lukasschoepf/Documents/ProjectWork_2/Projectwork2_Code/ST32N6AI/ModelZooService/STM32N6/STM32Cube_FW_N6/Drivers/BSP/STM32N6570-DK/stm32n6570_discovery_bus.c:668:9:BSP_I2C2_Init	48	static
/home/lukasschoepf/Documents/ProjectWork_2/Projectwork2_Code/ST32N6AI/ModelZooService/STM32N6/STM32Cube_FW_N6/Drivers/BSP/STM32N6570-DK/stm32n6570_discovery_bus.c:793:9:BSP_I2C2_WriteReg	24	static
/home/lukasschoepf/Documents/ProjectWork_2/Projectwork2_Code/ST32N6AI/ModelZooService/STM32N6/STM32Cube_FW_N6/Drivers/BSP/STM32N6570-DK/stm32n6570_discovery_bus.c:830:9:BSP_I2C2_ReadReg	24	static
/home/lukasschoepf/Documents/ProjectWork_2/Projectwork2_Code/ST32N6AI/ModelZooService/STM32N6/STM32Cube_FW_N6/Drivers/BSP/STM32N6570-DK/stm32n6570_discovery_bus.c:867:9:BSP_I2C2_WriteReg16	24	static
/home/lukasschoepf/Documents/ProjectWork_2/Projectwork2_Code/ST32N6AI/ModelZooService/STM32N6/STM32Cube_FW_N6/Drivers/BSP/STM32N6570-DK/stm32n6570_discovery_bus.c:904:9:BSP_I2C2_ReadReg16	24	static
/home/lukasschoepf/Documents/ProjectWork_2/Projectwork2_Code/ST32N6AI/ModelZooService/STM32N6/STM32Cube_FW_N6/Drivers/BSP/STM32N6570-DK/stm32n6570_discovery_bus.c:940:9:BSP_I2C2_IsReady	8	static
/home/lukasschoepf/Documents/ProjectWork_2/Projectwork2_Code/ST32N6AI/ModelZooService/STM32N6/STM32Cube_FW_N6/Drivers/BSP/STM32N6570-DK/stm32n6570_discovery_bus.c:962:9:BSP_GetTick	0	static
