/home/lukasschoepf/Documents/ProjectWork_2/Projectwork2_Code/ST32N6AI/MatMul/MatMulN6/STM32N6/Middlewares/screenl/ili9341/ili9341.c:117:9:ILI9341_RegisterBusIO	24	static
/home/lukasschoepf/Documents/ProjectWork_2/Projectwork2_Code/ST32N6AI/MatMul/MatMulN6/STM32N6/Middlewares/screenl/ili9341/ili9341.c:165:9:ILI9341_Init	40	static
/home/lukasschoepf/Documents/ProjectWork_2/Projectwork2_Code/ST32N6AI/MatMul/MatMulN6/STM32N6/Middlewares/screenl/ili9341/ili9341.c:295:9:ILI9341_DeInit	16	static
/home/lukasschoepf/Documents/ProjectWork_2/Projectwork2_Code/ST32N6AI/MatMul/MatMulN6/STM32N6/Middlewares/screenl/ili9341/ili9341.c:306:9:ILI9341_ReadID	24	static
/home/lukasschoepf/Documents/ProjectWork_2/Projectwork2_Code/ST32N6AI/MatMul/MatMulN6/STM32N6/Middlewares/screenl/ili9341/ili9341.c:329:9:ILI9341_DisplayOn	24	static
/home/lukasschoepf/Documents/ProjectWork_2/Projectwork2_Code/ST32N6AI/MatMul/MatMulN6/STM32N6/Middlewares/screenl/ili9341/ili9341.c:341:9:ILI9341_DisplayOff	24	static
/home/lukasschoepf/Documents/ProjectWork_2/Projectwork2_Code/ST32N6AI/MatMul/MatMulN6/STM32N6/Middlewares/screenl/ili9341/ili9341.c:355:9:ILI9341_SetOrientation	24	static
/home/lukasschoepf/Documents/ProjectWork_2/Projectwork2_Code/ST32N6AI/MatMul/MatMulN6/STM32N6/Middlewares/screenl/ili9341/ili9341.c:402:9:ILI9341_GetOrientation	16	static
/home/lukasschoepf/Documents/ProjectWork_2/Projectwork2_Code/ST32N6AI/MatMul/MatMulN6/STM32N6/Middlewares/screenl/ili9341/ili9341.c:416:9:ILI9341_GetXSize	16	static
/home/lukasschoepf/Documents/ProjectWork_2/Projectwork2_Code/ST32N6AI/MatMul/MatMulN6/STM32N6/Middlewares/screenl/ili9341/ili9341.c:430:9:ILI9341_GetYSize	16	static
/home/lukasschoepf/Documents/ProjectWork_2/Projectwork2_Code/ST32N6AI/MatMul/MatMulN6/STM32N6/Middlewares/screenl/ili9341/ili9341.c:447:9:ILI9341_SetDisplayWindow	40	static
/home/lukasschoepf/Documents/ProjectWork_2/Projectwork2_Code/ST32N6AI/MatMul/MatMulN6/STM32N6/Middlewares/screenl/ili9341/ili9341.c:495:16:ILI9341_ReadRegWrap	32	static
/home/lukasschoepf/Documents/ProjectWork_2/Projectwork2_Code/ST32N6AI/MatMul/MatMulN6/STM32N6/Middlewares/screenl/ili9341/ili9341.c:510:16:ILI9341_WriteRegWrap	32	static
/home/lukasschoepf/Documents/ProjectWork_2/Projectwork2_Code/ST32N6AI/MatMul/MatMulN6/STM32N6/Middlewares/screenl/ili9341/ili9341.c:524:16:ILI9341_SendDataWrap	32	static
/home/lukasschoepf/Documents/ProjectWork_2/Projectwork2_Code/ST32N6AI/MatMul/MatMulN6/STM32N6/Middlewares/screenl/ili9341/ili9341.c:537:16:ILI9341_SendDataDMAWrap	32	static
/home/lukasschoepf/Documents/ProjectWork_2/Projectwork2_Code/ST32N6AI/MatMul/MatMulN6/STM32N6/Middlewares/screenl/ili9341/ili9341.c:550:16:ILI9341_RecvDataWrap	32	static
/home/lukasschoepf/Documents/ProjectWork_2/Projectwork2_Code/ST32N6AI/MatMul/MatMulN6/STM32N6/Middlewares/screenl/ili9341/ili9341.c:563:16:ILI9341_RecvDataDMAWrap	32	static
/home/lukasschoepf/Documents/ProjectWork_2/Projectwork2_Code/ST32N6AI/MatMul/MatMulN6/STM32N6/Middlewares/screenl/ili9341/ili9341.c:575:16:ILI9341_Delay	24	static
